13:01:56 **** Build of project team_LDPCD_bsp ****
make -k all 
"Running Make include in ps7_cortexa9_0/libsrc/coresightps_dcc_v1_4/src"
make -C ps7_cortexa9_0/libsrc/coresightps_dcc_v1_4/src -s include  "SHELL=CMD" "COMPILER=arm-none-eabi-gcc" "ARCHIVER=arm-none-eabi-ar" "COMPILER_FLAGS=  -O2 -c" "EXTRA_COMPILER_FLAGS=-mcpu=cortex-a9 -mfpu=vfpv3 -mfloat-abi=hard -nostartfiles -Wall -Wextra"
"Running Make include in ps7_cortexa9_0/libsrc/cpu_cortexa9_v2_5/src"
make -C ps7_cortexa9_0/libsrc/cpu_cortexa9_v2_5/src -s include  "SHELL=CMD" "COMPILER=arm-none-eabi-gcc" "ARCHIVER=arm-none-eabi-ar" "COMPILER_FLAGS=  -O2 -c" "EXTRA_COMPILER_FLAGS=-mcpu=cortex-a9 -mfpu=vfpv3 -mfloat-abi=hard -nostartfiles -Wall -Wextra"
"Running Make include in ps7_cortexa9_0/libsrc/ddrps_v1_0/src"
make -C ps7_cortexa9_0/libsrc/ddrps_v1_0/src -s include  "SHELL=CMD" "COMPILER=arm-none-eabi-gcc" "ARCHIVER=arm-none-eabi-ar" "COMPILER_FLAGS=  -O2 -c" "EXTRA_COMPILER_FLAGS=-mcpu=cortex-a9 -mfpu=vfpv3 -mfloat-abi=hard -nostartfiles -Wall -Wextra"
"Running Make include in ps7_cortexa9_0/libsrc/devcfg_v3_5/src"
make -C ps7_cortexa9_0/libsrc/devcfg_v3_5/src -s include  "SHELL=CMD" "COMPILER=arm-none-eabi-gcc" "ARCHIVER=arm-none-eabi-ar" "COMPILER_FLAGS=  -O2 -c" "EXTRA_COMPILER_FLAGS=-mcpu=cortex-a9 -mfpu=vfpv3 -mfloat-abi=hard -nostartfiles -Wall -Wextra"
"Running Make include in ps7_cortexa9_0/libsrc/dmaps_v2_3/src"
make -C ps7_cortexa9_0/libsrc/dmaps_v2_3/src -s include  "SHELL=CMD" "COMPILER=arm-none-eabi-gcc" "ARCHIVER=arm-none-eabi-ar" "COMPILER_FLAGS=  -O2 -c" "EXTRA_COMPILER_FLAGS=-mcpu=cortex-a9 -mfpu=vfpv3 -mfloat-abi=hard -nostartfiles -Wall -Wextra"
"Running Make include in ps7_cortexa9_0/libsrc/emacps_v3_6/src"
make -C ps7_cortexa9_0/libsrc/emacps_v3_6/src -s include  "SHELL=CMD" "COMPILER=arm-none-eabi-gcc" "ARCHIVER=arm-none-eabi-ar" "COMPILER_FLAGS=  -O2 -c" "EXTRA_COMPILER_FLAGS=-mcpu=cortex-a9 -mfpu=vfpv3 -mfloat-abi=hard -nostartfiles -Wall -Wextra"
"Running Make include in ps7_cortexa9_0/libsrc/gpiops_v3_3/src"
make -C ps7_cortexa9_0/libsrc/gpiops_v3_3/src -s include  "SHELL=CMD" "COMPILER=arm-none-eabi-gcc" "ARCHIVER=arm-none-eabi-ar" "COMPILER_FLAGS=  -O2 -c" "EXTRA_COMPILER_FLAGS=-mcpu=cortex-a9 -mfpu=vfpv3 -mfloat-abi=hard -nostartfiles -Wall -Wextra"
"Running Make include in ps7_cortexa9_0/libsrc/qspips_v3_4/src"
make -C ps7_cortexa9_0/libsrc/qspips_v3_4/src -s include  "SHELL=CMD" "COMPILER=arm-none-eabi-gcc" "ARCHIVER=arm-none-eabi-ar" "COMPILER_FLAGS=  -O2 -c" "EXTRA_COMPILER_FLAGS=-mcpu=cortex-a9 -mfpu=vfpv3 -mfloat-abi=hard -nostartfiles -Wall -Wextra"
"Running Make include in ps7_cortexa9_0/libsrc/scugic_v3_8/src"
make -C ps7_cortexa9_0/libsrc/scugic_v3_8/src -s include  "SHELL=CMD" "COMPILER=arm-none-eabi-gcc" "ARCHIVER=arm-none-eabi-ar" "COMPILER_FLAGS=  -O2 -c" "EXTRA_COMPILER_FLAGS=-mcpu=cortex-a9 -mfpu=vfpv3 -mfloat-abi=hard -nostartfiles -Wall -Wextra"
"Running Make include in ps7_cortexa9_0/libsrc/scutimer_v2_1/src"
make -C ps7_cortexa9_0/libsrc/scutimer_v2_1/src -s include  "SHELL=CMD" "COMPILER=arm-none-eabi-gcc" "ARCHIVER=arm-none-eabi-ar" "COMPILER_FLAGS=  -O2 -c" "EXTRA_COMPILER_FLAGS=-mcpu=cortex-a9 -mfpu=vfpv3 -mfloat-abi=hard -nostartfiles -Wall -Wextra"
"Running Make include in ps7_cortexa9_0/libsrc/scuwdt_v2_1/src"
make -C ps7_cortexa9_0/libsrc/scuwdt_v2_1/src -s include  "SHELL=CMD" "COMPILER=arm-none-eabi-gcc" "ARCHIVER=arm-none-eabi-ar" "COMPILER_FLAGS=  -O2 -c" "EXTRA_COMPILER_FLAGS=-mcpu=cortex-a9 -mfpu=vfpv3 -mfloat-abi=hard -nostartfiles -Wall -Wextra"
"Running Make include in ps7_cortexa9_0/libsrc/sdps_v3_3/src"
make -C ps7_cortexa9_0/libsrc/sdps_v3_3/src -s include  "SHELL=CMD" "COMPILER=arm-none-eabi-gcc" "ARCHIVER=arm-none-eabi-ar" "COMPILER_FLAGS=  -O2 -c" "EXTRA_COMPILER_FLAGS=-mcpu=cortex-a9 -mfpu=vfpv3 -mfloat-abi=hard -nostartfiles -Wall -Wextra"
"Running Make include in ps7_cortexa9_0/libsrc/standalone_v6_5/src"
make -C ps7_cortexa9_0/libsrc/standalone_v6_5/src -s include  "SHELL=CMD" "COMPILER=arm-none-eabi-gcc" "ARCHIVER=arm-none-eabi-ar" "COMPILER_FLAGS=  -O2 -c" "EXTRA_COMPILER_FLAGS=-mcpu=cortex-a9 -mfpu=vfpv3 -mfloat-abi=hard -nostartfiles -Wall -Wextra"
"Running Make include in ps7_cortexa9_0/libsrc/uartps_v3_5/src"
make -C ps7_cortexa9_0/libsrc/uartps_v3_5/src -s include  "SHELL=CMD" "COMPILER=arm-none-eabi-gcc" "ARCHIVER=arm-none-eabi-ar" "COMPILER_FLAGS=  -O2 -c" "EXTRA_COMPILER_FLAGS=-mcpu=cortex-a9 -mfpu=vfpv3 -mfloat-abi=hard -nostartfiles -Wall -Wextra"
"Running Make include in ps7_cortexa9_0/libsrc/usbps_v2_4/src"
make -C ps7_cortexa9_0/libsrc/usbps_v2_4/src -s include  "SHELL=CMD" "COMPILER=arm-none-eabi-gcc" "ARCHIVER=arm-none-eabi-ar" "COMPILER_FLAGS=  -O2 -c" "EXTRA_COMPILER_FLAGS=-mcpu=cortex-a9 -mfpu=vfpv3 -mfloat-abi=hard -nostartfiles -Wall -Wextra"
"Running Make include in ps7_cortexa9_0/libsrc/xadcps_v2_2/src"
make -C ps7_cortexa9_0/libsrc/xadcps_v2_2/src -s include  "SHELL=CMD" "COMPILER=arm-none-eabi-gcc" "ARCHIVER=arm-none-eabi-ar" "COMPILER_FLAGS=  -O2 -c" "EXTRA_COMPILER_FLAGS=-mcpu=cortex-a9 -mfpu=vfpv3 -mfloat-abi=hard -nostartfiles -Wall -Wextra"
"Running Make libs in ps7_cortexa9_0/libsrc/coresightps_dcc_v1_4/src"
make -C ps7_cortexa9_0/libsrc/coresightps_dcc_v1_4/src -s libs  "SHELL=CMD" "COMPILER=arm-none-eabi-gcc" "ARCHIVER=arm-none-eabi-ar" "COMPILER_FLAGS=  -O2 -c" "EXTRA_COMPILER_FLAGS=-mcpu=cortex-a9 -mfpu=vfpv3 -mfloat-abi=hard -nostartfiles -Wall -Wextra"
"Compiling coresightps_dcc"
arm-none-eabi-ar: creating ../../../lib/libxil.a
"Running Make libs in ps7_cortexa9_0/libsrc/cpu_cortexa9_v2_5/src"
make -C ps7_cortexa9_0/libsrc/cpu_cortexa9_v2_5/src -s libs  "SHELL=CMD" "COMPILER=arm-none-eabi-gcc" "ARCHIVER=arm-none-eabi-ar" "COMPILER_FLAGS=  -O2 -c" "EXTRA_COMPILER_FLAGS=-mcpu=cortex-a9 -mfpu=vfpv3 -mfloat-abi=hard -nostartfiles -Wall -Wextra"
"Compiling cpu_cortexa9"
"Running Make libs in ps7_cortexa9_0/libsrc/ddrps_v1_0/src"
make -C ps7_cortexa9_0/libsrc/ddrps_v1_0/src -s libs  "SHELL=CMD" "COMPILER=arm-none-eabi-gcc" "ARCHIVER=arm-none-eabi-ar" "COMPILER_FLAGS=  -O2 -c" "EXTRA_COMPILER_FLAGS=-mcpu=cortex-a9 -mfpu=vfpv3 -mfloat-abi=hard -nostartfiles -Wall -Wextra"
"Compiling ddrps"
"Running Make libs in ps7_cortexa9_0/libsrc/devcfg_v3_5/src"
make -C ps7_cortexa9_0/libsrc/devcfg_v3_5/src -s libs  "SHELL=CMD" "COMPILER=arm-none-eabi-gcc" "ARCHIVER=arm-none-eabi-ar" "COMPILER_FLAGS=  -O2 -c" "EXTRA_COMPILER_FLAGS=-mcpu=cortex-a9 -mfpu=vfpv3 -mfloat-abi=hard -nostartfiles -Wall -Wextra"
"Compiling devcfg"
"Running Make libs in ps7_cortexa9_0/libsrc/dmaps_v2_3/src"
make -C ps7_cortexa9_0/libsrc/dmaps_v2_3/src -s libs  "SHELL=CMD" "COMPILER=arm-none-eabi-gcc" "ARCHIVER=arm-none-eabi-ar" "COMPILER_FLAGS=  -O2 -c" "EXTRA_COMPILER_FLAGS=-mcpu=cortex-a9 -mfpu=vfpv3 -mfloat-abi=hard -nostartfiles -Wall -Wextra"
"Compiling dmaps"
"Running Make libs in ps7_cortexa9_0/libsrc/emacps_v3_6/src"
make -C ps7_cortexa9_0/libsrc/emacps_v3_6/src -s libs  "SHELL=CMD" "COMPILER=arm-none-eabi-gcc" "ARCHIVER=arm-none-eabi-ar" "COMPILER_FLAGS=  -O2 -c" "EXTRA_COMPILER_FLAGS=-mcpu=cortex-a9 -mfpu=vfpv3 -mfloat-abi=hard -nostartfiles -Wall -Wextra"
"Compiling emacps"
"Running Make libs in ps7_cortexa9_0/libsrc/gpiops_v3_3/src"
make -C ps7_cortexa9_0/libsrc/gpiops_v3_3/src -s libs  "SHELL=CMD" "COMPILER=arm-none-eabi-gcc" "ARCHIVER=arm-none-eabi-ar" "COMPILER_FLAGS=  -O2 -c" "EXTRA_COMPILER_FLAGS=-mcpu=cortex-a9 -mfpu=vfpv3 -mfloat-abi=hard -nostartfiles -Wall -Wextra"
"Compiling gpiops"
"Running Make libs in ps7_cortexa9_0/libsrc/qspips_v3_4/src"
make -C ps7_cortexa9_0/libsrc/qspips_v3_4/src -s libs  "SHELL=CMD" "COMPILER=arm-none-eabi-gcc" "ARCHIVER=arm-none-eabi-ar" "COMPILER_FLAGS=  -O2 -c" "EXTRA_COMPILER_FLAGS=-mcpu=cortex-a9 -mfpu=vfpv3 -mfloat-abi=hard -nostartfiles -Wall -Wextra"
"Compiling qspips"
"Running Make libs in ps7_cortexa9_0/libsrc/scugic_v3_8/src"
make -C ps7_cortexa9_0/libsrc/scugic_v3_8/src -s libs  "SHELL=CMD" "COMPILER=arm-none-eabi-gcc" "ARCHIVER=arm-none-eabi-ar" "COMPILER_FLAGS=  -O2 -c" "EXTRA_COMPILER_FLAGS=-mcpu=cortex-a9 -mfpu=vfpv3 -mfloat-abi=hard -nostartfiles -Wall -Wextra"
"Compiling scugic"
"Running Make libs in ps7_cortexa9_0/libsrc/scutimer_v2_1/src"
make -C ps7_cortexa9_0/libsrc/scutimer_v2_1/src -s libs  "SHELL=CMD" "COMPILER=arm-none-eabi-gcc" "ARCHIVER=arm-none-eabi-ar" "COMPILER_FLAGS=  -O2 -c" "EXTRA_COMPILER_FLAGS=-mcpu=cortex-a9 -mfpu=vfpv3 -mfloat-abi=hard -nostartfiles -Wall -Wextra"
"Compiling scutimer"
"Running Make libs in ps7_cortexa9_0/libsrc/scuwdt_v2_1/src"
make -C ps7_cortexa9_0/libsrc/scuwdt_v2_1/src -s libs  "SHELL=CMD" "COMPILER=arm-none-eabi-gcc" "ARCHIVER=arm-none-eabi-ar" "COMPILER_FLAGS=  -O2 -c" "EXTRA_COMPILER_FLAGS=-mcpu=cortex-a9 -mfpu=vfpv3 -mfloat-abi=hard -nostartfiles -Wall -Wextra"
"Compiling scuwdt"
"Running Make libs in ps7_cortexa9_0/libsrc/sdps_v3_3/src"
make -C ps7_cortexa9_0/libsrc/sdps_v3_3/src -s libs  "SHELL=CMD" "COMPILER=arm-none-eabi-gcc" "ARCHIVER=arm-none-eabi-ar" "COMPILER_FLAGS=  -O2 -c" "EXTRA_COMPILER_FLAGS=-mcpu=cortex-a9 -mfpu=vfpv3 -mfloat-abi=hard -nostartfiles -Wall -Wextra"
"Compiling sdps"
"Running Make libs in ps7_cortexa9_0/libsrc/standalone_v6_5/src"
make -C ps7_cortexa9_0/libsrc/standalone_v6_5/src -s libs  "SHELL=CMD" "COMPILER=arm-none-eabi-gcc" "ARCHIVER=arm-none-eabi-ar" "COMPILER_FLAGS=  -O2 -c" "EXTRA_COMPILER_FLAGS=-mcpu=cortex-a9 -mfpu=vfpv3 -mfloat-abi=hard -nostartfiles -Wall -Wextra"
"Compiling standalone"
"Running Make libs in ps7_cortexa9_0/libsrc/uartps_v3_5/src"
make -C ps7_cortexa9_0/libsrc/uartps_v3_5/src -s libs  "SHELL=CMD" "COMPILER=arm-none-eabi-gcc" "ARCHIVER=arm-none-eabi-ar" "COMPILER_FLAGS=  -O2 -c" "EXTRA_COMPILER_FLAGS=-mcpu=cortex-a9 -mfpu=vfpv3 -mfloat-abi=hard -nostartfiles -Wall -Wextra"
"Compiling uartps"
"Running Make libs in ps7_cortexa9_0/libsrc/usbps_v2_4/src"
make -C ps7_cortexa9_0/libsrc/usbps_v2_4/src -s libs  "SHELL=CMD" "COMPILER=arm-none-eabi-gcc" "ARCHIVER=arm-none-eabi-ar" "COMPILER_FLAGS=  -O2 -c" "EXTRA_COMPILER_FLAGS=-mcpu=cortex-a9 -mfpu=vfpv3 -mfloat-abi=hard -nostartfiles -Wall -Wextra"
"Compiling usbps"
"Running Make libs in ps7_cortexa9_0/libsrc/xadcps_v2_2/src"
make -C ps7_cortexa9_0/libsrc/xadcps_v2_2/src -s libs  "SHELL=CMD" "COMPILER=arm-none-eabi-gcc" "ARCHIVER=arm-none-eabi-ar" "COMPILER_FLAGS=  -O2 -c" "EXTRA_COMPILER_FLAGS=-mcpu=cortex-a9 -mfpu=vfpv3 -mfloat-abi=hard -nostartfiles -Wall -Wextra"
"Compiling xadcps"
'Finished building libraries'

**** Build of configuration Debug for project team_LDPCD ****

Nothing to build for project team_LDPCD
13:12:07 **** Auto Build of configuration Debug for project team_LDPCD ****
make pre-build main-build 
a9-linaro-pre-build-step
' '
'Building file: ../src/benchmarking.c'
'Invoking: ARM v7 gcc compiler'
arm-none-eabi-gcc -Wall -O0 -g3 -c -fmessage-length=0 -MT"src/benchmarking.o" -mcpu=cortex-a9 -mfpu=vfpv3 -mfloat-abi=hard -I../../team_LDPCD_bsp/ps7_cortexa9_0/include -MMD -MP -MF"src/benchmarking.d" -MT"src/benchmarking.o" -o "src/benchmarking.o" "../src/benchmarking.c"
In file included from ../src/benchmarking.h:43:0,
                 from ../src/benchmarking.c:39:
../src/LDPC.h:35:0: warning: "TRUE" redefined
 #define TRUE 1
 
In file included from ../../team_LDPCD_bsp/ps7_cortexa9_0/include/xtime_l.h:64:0,
                 from ../src/benchmarking.c:37:
../../team_LDPCD_bsp/ps7_cortexa9_0/include/xil_types.h:65:0: note: this is the location of the previous definition
 #  define TRUE  1U
 
In file included from ../src/benchmarking.h:43:0,
                 from ../src/benchmarking.c:39:
../src/LDPC.h:36:0: warning: "FALSE" redefined
 #define FALSE 0
 
In file included from ../../team_LDPCD_bsp/ps7_cortexa9_0/include/xtime_l.h:64:0,
                 from ../src/benchmarking.c:37:
../../team_LDPCD_bsp/ps7_cortexa9_0/include/xil_types.h:69:0: note: this is the location of the previous definition
 #  define FALSE  0U
 
../src/benchmarking.c: In function 'run_benchmark_single':
../src/benchmarking.c:94:34: warning: passing argument 1 of 'pBenchmarkcase->initializor' from incompatible pointer type [-Wincompatible-pointer-types]
      pBenchmarkcase->initializor(pBenchmarkcase->uiParam[0], pBenchmarkcase->uiParam[1]);
                                  ^~~~~~~~~~~~~~
../src/benchmarking.c:94:34: note: expected 'float (*)[648]' but argument is of type 'float *'
../src/benchmarking.c:94:62: warning: passing argument 2 of 'pBenchmarkcase->initializor' from incompatible pointer type [-Wincompatible-pointer-types]
      pBenchmarkcase->initializor(pBenchmarkcase->uiParam[0], pBenchmarkcase->uiParam[1]);
                                                              ^~~~~~~~~~~~~~
../src/benchmarking.c:94:62: note: expected 'float **' but argument is of type 'float *'
../src/benchmarking.c:101:59: warning: passing argument 1 of 'pBenchmarkcase->benchmarker' from incompatible pointer type [-Wincompatible-pointer-types]
   pBenchmarkcase->uiRetCode = pBenchmarkcase->benchmarker(pBenchmarkcase->uiParam[0], pBenchmarkcase->uiParam[1]);
                                                           ^~~~~~~~~~~~~~
../src/benchmarking.c:101:59: note: expected 'float (*)[648]' but argument is of type 'float *'
../src/benchmarking.c:101:87: warning: passing argument 2 of 'pBenchmarkcase->benchmarker' from incompatible pointer type [-Wincompatible-pointer-types]
   pBenchmarkcase->uiRetCode = pBenchmarkcase->benchmarker(pBenchmarkcase->uiParam[0], pBenchmarkcase->uiParam[1]);
                                                                                       ^~~~~~~~~~~~~~
../src/benchmarking.c:101:87: note: expected 'float **' but argument is of type 'float *'
../src/benchmarking.c:107:42: warning: passing argument 1 of 'pBenchmarkcase->validator' from incompatible pointer type [-Wincompatible-pointer-types]
   uiSuccess += pBenchmarkcase->validator(pBenchmarkcase->uiParam[0], pBenchmarkcase->uiParam[1]);
                                          ^~~~~~~~~~~~~~
../src/benchmarking.c:107:42: note: expected 'float (*)[648]' but argument is of type 'float *'
../src/benchmarking.c:107:70: warning: passing argument 2 of 'pBenchmarkcase->validator' from incompatible pointer type [-Wincompatible-pointer-types]
   uiSuccess += pBenchmarkcase->validator(pBenchmarkcase->uiParam[0], pBenchmarkcase->uiParam[1]);
                                                                      ^~~~~~~~~~~~~~
../src/benchmarking.c:107:70: note: expected 'float **' but argument is of type 'float *'
'Finished building: ../src/benchmarking.c'
' '
'Building file: ../src/main.c'
'Invoking: ARM v7 gcc compiler'
arm-none-eabi-gcc -Wall -O0 -g3 -c -fmessage-length=0 -MT"src/main.o" -mcpu=cortex-a9 -mfpu=vfpv3 -mfloat-abi=hard -I../../team_LDPCD_bsp/ps7_cortexa9_0/include -MMD -MP -MF"src/main.d" -MT"src/main.o" -o "src/main.o" "../src/main.c"
In file included from ../src/benchmarking.h:43:0,
                 from ../src/main.c:12:
../src/LDPC.h:35:0: warning: "TRUE" redefined
 #define TRUE 1
 
In file included from ../../team_LDPCD_bsp/ps7_cortexa9_0/include/xtime_l.h:64:0,
                 from ../src/main.c:8:
../../team_LDPCD_bsp/ps7_cortexa9_0/include/xil_types.h:65:0: note: this is the location of the previous definition
 #  define TRUE  1U
 
In file included from ../src/benchmarking.h:43:0,
                 from ../src/main.c:12:
../src/LDPC.h:36:0: warning: "FALSE" redefined
 #define FALSE 0
 
In file included from ../../team_LDPCD_bsp/ps7_cortexa9_0/include/xtime_l.h:64:0,
                 from ../src/main.c:8:
../../team_LDPCD_bsp/ps7_cortexa9_0/include/xil_types.h:69:0: note: this is the location of the previous definition
 #  define FALSE  0U
 
../src/main.c: In function 'main':
../src/main.c:369:54: warning: initialization from incompatible pointer type [-Wincompatible-pointer-types]
   {"LDPC Reference", TEST_ROUNDS, initializor_dummy, ldpcd_ref,
                                                      ^~~~~~~~~
../src/main.c:369:54: note: (near initialization for 'BenchmarkCases[0].benchmarker')
../src/main.c:370:5: warning: initialization from incompatible pointer type [-Wincompatible-pointer-types]
    {NLLR, out_ldpcd_ref},
     ^~~~
../src/main.c:370:5: note: (near initialization for 'BenchmarkCases[0].uiParam[0]')
../src/main.c:370:11: warning: initialization from incompatible pointer type [-Wincompatible-pointer-types]
    {NLLR, out_ldpcd_ref},
           ^~~~~~~~~~~~~
../src/main.c:370:11: note: (near initialization for 'BenchmarkCases[0].uiParam[1]')
../src/main.c:373:57: warning: initialization from incompatible pointer type [-Wincompatible-pointer-types]
   {"LDPC Optimization", TEST_ROUNDS, initializor_dummy, ldpcd_opt,
                                                         ^~~~~~~~~
../src/main.c:373:57: note: (near initialization for 'BenchmarkCases[1].benchmarker')
../src/main.c:374:5: warning: initialization from incompatible pointer type [-Wincompatible-pointer-types]
    {NLLR, out_ldpcd_opt},
     ^~~~
../src/main.c:374:5: note: (near initialization for 'BenchmarkCases[1].uiParam[0]')
../src/main.c:374:11: warning: initialization from incompatible pointer type [-Wincompatible-pointer-types]
    {NLLR, out_ldpcd_opt},
           ^~~~~~~~~~~~~
../src/main.c:374:11: note: (near initialization for 'BenchmarkCases[1].uiParam[1]')
../src/main.c:379:2: warning: implicit declaration of function 'Xil_L1DCacheEnable' [-Wimplicit-function-declaration]
  Xil_L1DCacheEnable();
  ^~~~~~~~~~~~~~~~~~
../src/main.c:380:2: warning: implicit declaration of function 'Xil_L2CacheDisable' [-Wimplicit-function-declaration]
  Xil_L2CacheDisable();
  ^~~~~~~~~~~~~~~~~~
../src/main.c:381:2: warning: implicit declaration of function 'Xil_L1ICacheEnable' [-Wimplicit-function-declaration]
  Xil_L1ICacheEnable();
  ^~~~~~~~~~~~~~~~~~
'Finished building: ../src/main.c'
' '
'Building target: team_LDPCD.elf'
'Invoking: ARM v7 gcc linker'
arm-none-eabi-gcc -mcpu=cortex-a9 -mfpu=vfpv3 -mfloat-abi=hard -Wl,-build-id=none -specs=Xilinx.spec -Wl,-T -Wl,../src/lscript.ld -L../../team_LDPCD_bsp/ps7_cortexa9_0/lib -o "team_LDPCD.elf"  ./src/benchmarking.o ./src/main.o   -Wl,--start-group,-lxil,-lgcc,-lc,--end-group
./src/main.o: In function `main':
D:\3grade\microprocessor\team_project\team_LDPCD\team_LDPCD.sdk\team_LDPCD\Debug/../src/main.c:359: undefined reference to `pow'
D:\3grade\microprocessor\team_project\team_LDPCD\team_LDPCD.sdk\team_LDPCD\Debug/../src/main.c:360: undefined reference to `pow'
D:\3grade\microprocessor\team_project\team_LDPCD\team_LDPCD.sdk\team_LDPCD\Debug/../src/main.c:364: undefined reference to `log10'
collect2.exe: error: ld returned 1 exit status
make: *** [team_LDPCD.elf] 오류 1
13:16:01 **** Clean-only build of configuration Debug for project team_LDPCD ****
make clean 
rm -rf  ./src/benchmarking.o ./src/main.o  ./src/benchmarking.d ./src/main.d  team_LDPCD.elf.size  team_LDPCD.elf
' '
13:16:03 **** Auto Build of configuration Debug for project team_LDPCD ****
make pre-build main-build 
a9-linaro-pre-build-step
' '
'Building file: ../src/benchmarking.c'
'Invoking: ARM v7 gcc compiler'
arm-none-eabi-gcc -Wall -O0 -g3 -c -fmessage-length=0 -MT"src/benchmarking.o" -mcpu=cortex-a9 -mfpu=vfpv3 -mfloat-abi=hard -I../../team_LDPCD_bsp/ps7_cortexa9_0/include -MMD -MP -MF"src/benchmarking.d" -MT"src/benchmarking.o" -o "src/benchmarking.o" "../src/benchmarking.c"
In file included from ../src/benchmarking.h:43:0,
                 from ../src/benchmarking.c:39:
../src/LDPC.h:35:0: warning: "TRUE" redefined
 #define TRUE 1
 
In file included from ../../team_LDPCD_bsp/ps7_cortexa9_0/include/xtime_l.h:64:0,
                 from ../src/benchmarking.c:37:
../../team_LDPCD_bsp/ps7_cortexa9_0/include/xil_types.h:65:0: note: this is the location of the previous definition
 #  define TRUE  1U
 
In file included from ../src/benchmarking.h:43:0,
                 from ../src/benchmarking.c:39:
../src/LDPC.h:36:0: warning: "FALSE" redefined
 #define FALSE 0
 
In file included from ../../team_LDPCD_bsp/ps7_cortexa9_0/include/xtime_l.h:64:0,
                 from ../src/benchmarking.c:37:
../../team_LDPCD_bsp/ps7_cortexa9_0/include/xil_types.h:69:0: note: this is the location of the previous definition
 #  define FALSE  0U
 
../src/benchmarking.c: In function 'run_benchmark_single':
../src/benchmarking.c:94:34: warning: passing argument 1 of 'pBenchmarkcase->initializor' from incompatible pointer type [-Wincompatible-pointer-types]
      pBenchmarkcase->initializor(pBenchmarkcase->uiParam[0], pBenchmarkcase->uiParam[1]);
                                  ^~~~~~~~~~~~~~
../src/benchmarking.c:94:34: note: expected 'float (*)[648]' but argument is of type 'float *'
../src/benchmarking.c:94:62: warning: passing argument 2 of 'pBenchmarkcase->initializor' from incompatible pointer type [-Wincompatible-pointer-types]
      pBenchmarkcase->initializor(pBenchmarkcase->uiParam[0], pBenchmarkcase->uiParam[1]);
                                                              ^~~~~~~~~~~~~~
../src/benchmarking.c:94:62: note: expected 'float **' but argument is of type 'float *'
../src/benchmarking.c:101:59: warning: passing argument 1 of 'pBenchmarkcase->benchmarker' from incompatible pointer type [-Wincompatible-pointer-types]
   pBenchmarkcase->uiRetCode = pBenchmarkcase->benchmarker(pBenchmarkcase->uiParam[0], pBenchmarkcase->uiParam[1]);
                                                           ^~~~~~~~~~~~~~
../src/benchmarking.c:101:59: note: expected 'float (*)[648]' but argument is of type 'float *'
../src/benchmarking.c:101:87: warning: passing argument 2 of 'pBenchmarkcase->benchmarker' from incompatible pointer type [-Wincompatible-pointer-types]
   pBenchmarkcase->uiRetCode = pBenchmarkcase->benchmarker(pBenchmarkcase->uiParam[0], pBenchmarkcase->uiParam[1]);
                                                                                       ^~~~~~~~~~~~~~
../src/benchmarking.c:101:87: note: expected 'float **' but argument is of type 'float *'
../src/benchmarking.c:107:42: warning: passing argument 1 of 'pBenchmarkcase->validator' from incompatible pointer type [-Wincompatible-pointer-types]
   uiSuccess += pBenchmarkcase->validator(pBenchmarkcase->uiParam[0], pBenchmarkcase->uiParam[1]);
                                          ^~~~~~~~~~~~~~
../src/benchmarking.c:107:42: note: expected 'float (*)[648]' but argument is of type 'float *'
../src/benchmarking.c:107:70: warning: passing argument 2 of 'pBenchmarkcase->validator' from incompatible pointer type [-Wincompatible-pointer-types]
   uiSuccess += pBenchmarkcase->validator(pBenchmarkcase->uiParam[0], pBenchmarkcase->uiParam[1]);
                                                                      ^~~~~~~~~~~~~~
../src/benchmarking.c:107:70: note: expected 'float **' but argument is of type 'float *'
'Finished building: ../src/benchmarking.c'
' '
'Building file: ../src/main.c'
'Invoking: ARM v7 gcc compiler'
arm-none-eabi-gcc -Wall -O0 -g3 -c -fmessage-length=0 -MT"src/main.o" -mcpu=cortex-a9 -mfpu=vfpv3 -mfloat-abi=hard -I../../team_LDPCD_bsp/ps7_cortexa9_0/include -MMD -MP -MF"src/main.d" -MT"src/main.o" -o "src/main.o" "../src/main.c"
In file included from ../src/benchmarking.h:43:0,
                 from ../src/main.c:12:
../src/LDPC.h:35:0: warning: "TRUE" redefined
 #define TRUE 1
 
In file included from ../../team_LDPCD_bsp/ps7_cortexa9_0/include/xtime_l.h:64:0,
                 from ../src/main.c:8:
../../team_LDPCD_bsp/ps7_cortexa9_0/include/xil_types.h:65:0: note: this is the location of the previous definition
 #  define TRUE  1U
 
In file included from ../src/benchmarking.h:43:0,
                 from ../src/main.c:12:
../src/LDPC.h:36:0: warning: "FALSE" redefined
 #define FALSE 0
 
In file included from ../../team_LDPCD_bsp/ps7_cortexa9_0/include/xtime_l.h:64:0,
                 from ../src/main.c:8:
../../team_LDPCD_bsp/ps7_cortexa9_0/include/xil_types.h:69:0: note: this is the location of the previous definition
 #  define FALSE  0U
 
../src/main.c: In function 'main':
../src/main.c:369:54: warning: initialization from incompatible pointer type [-Wincompatible-pointer-types]
   {"LDPC Reference", TEST_ROUNDS, initializor_dummy, ldpcd_ref,
                                                      ^~~~~~~~~
../src/main.c:369:54: note: (near initialization for 'BenchmarkCases[0].benchmarker')
../src/main.c:370:5: warning: initialization from incompatible pointer type [-Wincompatible-pointer-types]
    {NLLR, out_ldpcd_ref},
     ^~~~
../src/main.c:370:5: note: (near initialization for 'BenchmarkCases[0].uiParam[0]')
../src/main.c:370:11: warning: initialization from incompatible pointer type [-Wincompatible-pointer-types]
    {NLLR, out_ldpcd_ref},
           ^~~~~~~~~~~~~
../src/main.c:370:11: note: (near initialization for 'BenchmarkCases[0].uiParam[1]')
../src/main.c:373:57: warning: initialization from incompatible pointer type [-Wincompatible-pointer-types]
   {"LDPC Optimization", TEST_ROUNDS, initializor_dummy, ldpcd_opt,
                                                         ^~~~~~~~~
../src/main.c:373:57: note: (near initialization for 'BenchmarkCases[1].benchmarker')
../src/main.c:374:5: warning: initialization from incompatible pointer type [-Wincompatible-pointer-types]
    {NLLR, out_ldpcd_opt},
     ^~~~
../src/main.c:374:5: note: (near initialization for 'BenchmarkCases[1].uiParam[0]')
../src/main.c:374:11: warning: initialization from incompatible pointer type [-Wincompatible-pointer-types]
    {NLLR, out_ldpcd_opt},
           ^~~~~~~~~~~~~
../src/main.c:374:11: note: (near initialization for 'BenchmarkCases[1].uiParam[1]')
../src/main.c:379:2: warning: implicit declaration of function 'Xil_L1DCacheEnable' [-Wimplicit-function-declaration]
  Xil_L1DCacheEnable();
  ^~~~~~~~~~~~~~~~~~
../src/main.c:380:2: warning: implicit declaration of function 'Xil_L2CacheDisable' [-Wimplicit-function-declaration]
  Xil_L2CacheDisable();
  ^~~~~~~~~~~~~~~~~~
../src/main.c:381:2: warning: implicit declaration of function 'Xil_L1ICacheEnable' [-Wimplicit-function-declaration]
  Xil_L1ICacheEnable();
  ^~~~~~~~~~~~~~~~~~
'Finished building: ../src/main.c'
' '
'Building target: team_LDPCD.elf'
'Invoking: ARM v7 gcc linker'
arm-none-eabi-gcc -mcpu=cortex-a9 -mfpu=vfpv3 -mfloat-abi=hard -Wl,-build-id=none -specs=Xilinx.spec -Wl,-T -Wl,../src/lscript.ld -L../../team_LDPCD_bsp/ps7_cortexa9_0/lib -o "team_LDPCD.elf"  ./src/benchmarking.o ./src/main.o   -Wl,--start-group,-lxil,-lgcc,-lc,--end-group
./src/main.o: In function `main':
D:\3grade\microprocessor\team_project\team_LDPCD\team_LDPCD.sdk\team_LDPCD\Debug/../src/main.c:359: undefined reference to `pow'
D:\3grade\microprocessor\team_project\team_LDPCD\team_LDPCD.sdk\team_LDPCD\Debug/../src/main.c:360: undefined reference to `pow'
D:\3grade\microprocessor\team_project\team_LDPCD\team_LDPCD.sdk\team_LDPCD\Debug/../src/main.c:364: undefined reference to `log10'
collect2.exe: error: ld returned 1 exit status
make: *** [team_LDPCD.elf] 오류 1
13:18:11 **** Clean-only build of configuration Debug for project team_LDPCD ****
make clean 
rm -rf  ./src/benchmarking.o ./src/main.o  ./src/benchmarking.d ./src/main.d  team_LDPCD.elf.size  team_LDPCD.elf
' '
13:18:13 **** Auto Build of configuration Debug for project team_LDPCD ****
make pre-build main-build 
a9-linaro-pre-build-step
' '
'Building file: ../src/benchmarking.c'
'Invoking: ARM v7 gcc compiler'
arm-none-eabi-gcc -Wall -O3 -g3 -c -fmessage-length=0 -MT"src/benchmarking.o" -mcpu=cortex-a9 -mfpu=vfpv3 -mfloat-abi=hard -I../../team_LDPCD_bsp/ps7_cortexa9_0/include -MMD -MP -MF"src/benchmarking.d" -MT"src/benchmarking.o" -o "src/benchmarking.o" "../src/benchmarking.c"
In file included from ../src/benchmarking.h:43:0,
                 from ../src/benchmarking.c:39:
../src/LDPC.h:35:0: warning: "TRUE" redefined
 #define TRUE 1
 
In file included from ../../team_LDPCD_bsp/ps7_cortexa9_0/include/xtime_l.h:64:0,
                 from ../src/benchmarking.c:37:
../../team_LDPCD_bsp/ps7_cortexa9_0/include/xil_types.h:65:0: note: this is the location of the previous definition
 #  define TRUE  1U
 
In file included from ../src/benchmarking.h:43:0,
                 from ../src/benchmarking.c:39:
../src/LDPC.h:36:0: warning: "FALSE" redefined
 #define FALSE 0
 
In file included from ../../team_LDPCD_bsp/ps7_cortexa9_0/include/xtime_l.h:64:0,
                 from ../src/benchmarking.c:37:
../../team_LDPCD_bsp/ps7_cortexa9_0/include/xil_types.h:69:0: note: this is the location of the previous definition
 #  define FALSE  0U
 
../src/benchmarking.c: In function 'run_benchmark_single':
../src/benchmarking.c:94:34: warning: passing argument 1 of 'pBenchmarkcase->initializor' from incompatible pointer type [-Wincompatible-pointer-types]
      pBenchmarkcase->initializor(pBenchmarkcase->uiParam[0], pBenchmarkcase->uiParam[1]);
                                  ^~~~~~~~~~~~~~
../src/benchmarking.c:94:34: note: expected 'float (*)[648]' but argument is of type 'float *'
../src/benchmarking.c:94:62: warning: passing argument 2 of 'pBenchmarkcase->initializor' from incompatible pointer type [-Wincompatible-pointer-types]
      pBenchmarkcase->initializor(pBenchmarkcase->uiParam[0], pBenchmarkcase->uiParam[1]);
                                                              ^~~~~~~~~~~~~~
../src/benchmarking.c:94:62: note: expected 'float **' but argument is of type 'float *'
../src/benchmarking.c:101:59: warning: passing argument 1 of 'pBenchmarkcase->benchmarker' from incompatible pointer type [-Wincompatible-pointer-types]
   pBenchmarkcase->uiRetCode = pBenchmarkcase->benchmarker(pBenchmarkcase->uiParam[0], pBenchmarkcase->uiParam[1]);
                                                           ^~~~~~~~~~~~~~
../src/benchmarking.c:101:59: note: expected 'float (*)[648]' but argument is of type 'float *'
../src/benchmarking.c:101:87: warning: passing argument 2 of 'pBenchmarkcase->benchmarker' from incompatible pointer type [-Wincompatible-pointer-types]
   pBenchmarkcase->uiRetCode = pBenchmarkcase->benchmarker(pBenchmarkcase->uiParam[0], pBenchmarkcase->uiParam[1]);
                                                                                       ^~~~~~~~~~~~~~
../src/benchmarking.c:101:87: note: expected 'float **' but argument is of type 'float *'
../src/benchmarking.c:107:42: warning: passing argument 1 of 'pBenchmarkcase->validator' from incompatible pointer type [-Wincompatible-pointer-types]
   uiSuccess += pBenchmarkcase->validator(pBenchmarkcase->uiParam[0], pBenchmarkcase->uiParam[1]);
                                          ^~~~~~~~~~~~~~
../src/benchmarking.c:107:42: note: expected 'float (*)[648]' but argument is of type 'float *'
../src/benchmarking.c:107:70: warning: passing argument 2 of 'pBenchmarkcase->validator' from incompatible pointer type [-Wincompatible-pointer-types]
   uiSuccess += pBenchmarkcase->validator(pBenchmarkcase->uiParam[0], pBenchmarkcase->uiParam[1]);
                                                                      ^~~~~~~~~~~~~~
../src/benchmarking.c:107:70: note: expected 'float **' but argument is of type 'float *'
'Finished building: ../src/benchmarking.c'
' '
'Building file: ../src/main.c'
'Invoking: ARM v7 gcc compiler'
arm-none-eabi-gcc -Wall -O3 -g3 -c -fmessage-length=0 -MT"src/main.o" -mcpu=cortex-a9 -mfpu=vfpv3 -mfloat-abi=hard -I../../team_LDPCD_bsp/ps7_cortexa9_0/include -MMD -MP -MF"src/main.d" -MT"src/main.o" -o "src/main.o" "../src/main.c"
In file included from ../src/benchmarking.h:43:0,
                 from ../src/main.c:12:
../src/LDPC.h:35:0: warning: "TRUE" redefined
 #define TRUE 1
 
In file included from ../../team_LDPCD_bsp/ps7_cortexa9_0/include/xtime_l.h:64:0,
                 from ../src/main.c:8:
../../team_LDPCD_bsp/ps7_cortexa9_0/include/xil_types.h:65:0: note: this is the location of the previous definition
 #  define TRUE  1U
 
In file included from ../src/benchmarking.h:43:0,
                 from ../src/main.c:12:
../src/LDPC.h:36:0: warning: "FALSE" redefined
 #define FALSE 0
 
In file included from ../../team_LDPCD_bsp/ps7_cortexa9_0/include/xtime_l.h:64:0,
                 from ../src/main.c:8:
../../team_LDPCD_bsp/ps7_cortexa9_0/include/xil_types.h:69:0: note: this is the location of the previous definition
 #  define FALSE  0U
 
../src/main.c: In function 'main':
../src/main.c:369:54: warning: initialization from incompatible pointer type [-Wincompatible-pointer-types]
   {"LDPC Reference", TEST_ROUNDS, initializor_dummy, ldpcd_ref,
                                                      ^~~~~~~~~
../src/main.c:369:54: note: (near initialization for 'BenchmarkCases[0].benchmarker')
../src/main.c:370:5: warning: initialization from incompatible pointer type [-Wincompatible-pointer-types]
    {NLLR, out_ldpcd_ref},
     ^~~~
../src/main.c:370:5: note: (near initialization for 'BenchmarkCases[0].uiParam[0]')
../src/main.c:370:11: warning: initialization from incompatible pointer type [-Wincompatible-pointer-types]
    {NLLR, out_ldpcd_ref},
           ^~~~~~~~~~~~~
../src/main.c:370:11: note: (near initialization for 'BenchmarkCases[0].uiParam[1]')
../src/main.c:373:57: warning: initialization from incompatible pointer type [-Wincompatible-pointer-types]
   {"LDPC Optimization", TEST_ROUNDS, initializor_dummy, ldpcd_opt,
                                                         ^~~~~~~~~
../src/main.c:373:57: note: (near initialization for 'BenchmarkCases[1].benchmarker')
../src/main.c:374:5: warning: initialization from incompatible pointer type [-Wincompatible-pointer-types]
    {NLLR, out_ldpcd_opt},
     ^~~~
../src/main.c:374:5: note: (near initialization for 'BenchmarkCases[1].uiParam[0]')
../src/main.c:374:11: warning: initialization from incompatible pointer type [-Wincompatible-pointer-types]
    {NLLR, out_ldpcd_opt},
           ^~~~~~~~~~~~~
../src/main.c:374:11: note: (near initialization for 'BenchmarkCases[1].uiParam[1]')
../src/main.c:379:2: warning: implicit declaration of function 'Xil_L1DCacheEnable' [-Wimplicit-function-declaration]
  Xil_L1DCacheEnable();
  ^~~~~~~~~~~~~~~~~~
../src/main.c:380:2: warning: implicit declaration of function 'Xil_L2CacheDisable' [-Wimplicit-function-declaration]
  Xil_L2CacheDisable();
  ^~~~~~~~~~~~~~~~~~
../src/main.c:381:2: warning: implicit declaration of function 'Xil_L1ICacheEnable' [-Wimplicit-function-declaration]
  Xil_L1ICacheEnable();
  ^~~~~~~~~~~~~~~~~~
'Finished building: ../src/main.c'
' '
'Building target: team_LDPCD.elf'
'Invoking: ARM v7 gcc linker'
arm-none-eabi-gcc -mcpu=cortex-a9 -mfpu=vfpv3 -mfloat-abi=hard -Wl,-build-id=none -specs=Xilinx.spec -Wl,-T -Wl,../src/lscript.ld -L../../team_LDPCD_bsp/ps7_cortexa9_0/lib -o "team_LDPCD.elf"  ./src/benchmarking.o ./src/main.o   -lm -Wl,--start-group,-lxil,-lgcc,-lc,--end-group
'Finished building target: team_LDPCD.elf'
' '
'Invoking: ARM v7 Print Size'
arm-none-eabi-size team_LDPCD.elf  |tee "team_LDPCD.elf.size"
   text	   data	    bss	    dec	    hex	filename
  84532	1682204	115350304	117117040	6fb1070	team_LDPCD.elf
'Finished building: team_LDPCD.elf.size'
' '
13:21:58 **** Incremental Build of configuration Debug for project team_LDPCD ****
make pre-build main-build 
a9-linaro-pre-build-step
' '
make: `main-build'를 위해 할 일이 없습니다
02:29:55 **** Clean-only build of configuration Debug for project team_LDPCD ****
make clean 
rm -rf  ./src/benchmarking.o ./src/main.o  ./src/benchmarking.d ./src/main.d  team_LDPCD.elf.size  team_LDPCD.elf
' '
02:29:57 **** Auto Build of configuration Debug for project team_LDPCD ****
make pre-build main-build 
a9-linaro-pre-build-step
' '
'Building file: ../src/benchmarking.c'
'Invoking: ARM v7 gcc compiler'
arm-none-eabi-gcc -Wall -O3 -g3 -c -fmessage-length=0 -MT"src/benchmarking.o" -mcpu=cortex-a9 -mfpu=vfpv3 -mfloat-abi=hard -I../../team_LDPCD_bsp/ps7_cortexa9_0/include -MMD -MP -MF"src/benchmarking.d" -MT"src/benchmarking.o" -o "src/benchmarking.o" "../src/benchmarking.c"
In file included from ../src/benchmarking.h:43:0,
                 from ../src/benchmarking.c:39:
../src/LDPC.h:35:0: warning: "TRUE" redefined
 #define TRUE 1
 
In file included from ../../team_LDPCD_bsp/ps7_cortexa9_0/include/xtime_l.h:64:0,
                 from ../src/benchmarking.c:37:
../../team_LDPCD_bsp/ps7_cortexa9_0/include/xil_types.h:65:0: note: this is the location of the previous definition
 #  define TRUE  1U
 
In file included from ../src/benchmarking.h:43:0,
                 from ../src/benchmarking.c:39:
../src/LDPC.h:36:0: warning: "FALSE" redefined
 #define FALSE 0
 
In file included from ../../team_LDPCD_bsp/ps7_cortexa9_0/include/xtime_l.h:64:0,
                 from ../src/benchmarking.c:37:
../../team_LDPCD_bsp/ps7_cortexa9_0/include/xil_types.h:69:0: note: this is the location of the previous definition
 #  define FALSE  0U
 
../src/benchmarking.c: In function 'run_benchmark_single':
../src/benchmarking.c:94:34: warning: passing argument 1 of 'pBenchmarkcase->initializor' from incompatible pointer type [-Wincompatible-pointer-types]
      pBenchmarkcase->initializor(pBenchmarkcase->uiParam[0], pBenchmarkcase->uiParam[1]);
                                  ^~~~~~~~~~~~~~
../src/benchmarking.c:94:34: note: expected 'float (*)[648]' but argument is of type 'float *'
../src/benchmarking.c:94:62: warning: passing argument 2 of 'pBenchmarkcase->initializor' from incompatible pointer type [-Wincompatible-pointer-types]
      pBenchmarkcase->initializor(pBenchmarkcase->uiParam[0], pBenchmarkcase->uiParam[1]);
                                                              ^~~~~~~~~~~~~~
../src/benchmarking.c:94:62: note: expected 'float **' but argument is of type 'float *'
../src/benchmarking.c:101:59: warning: passing argument 1 of 'pBenchmarkcase->benchmarker' from incompatible pointer type [-Wincompatible-pointer-types]
   pBenchmarkcase->uiRetCode = pBenchmarkcase->benchmarker(pBenchmarkcase->uiParam[0], pBenchmarkcase->uiParam[1]);
                                                           ^~~~~~~~~~~~~~
../src/benchmarking.c:101:59: note: expected 'float (*)[648]' but argument is of type 'float *'
../src/benchmarking.c:101:87: warning: passing argument 2 of 'pBenchmarkcase->benchmarker' from incompatible pointer type [-Wincompatible-pointer-types]
   pBenchmarkcase->uiRetCode = pBenchmarkcase->benchmarker(pBenchmarkcase->uiParam[0], pBenchmarkcase->uiParam[1]);
                                                                                       ^~~~~~~~~~~~~~
../src/benchmarking.c:101:87: note: expected 'float **' but argument is of type 'float *'
../src/benchmarking.c:107:42: warning: passing argument 1 of 'pBenchmarkcase->validator' from incompatible pointer type [-Wincompatible-pointer-types]
   uiSuccess += pBenchmarkcase->validator(pBenchmarkcase->uiParam[0], pBenchmarkcase->uiParam[1]);
                                          ^~~~~~~~~~~~~~
../src/benchmarking.c:107:42: note: expected 'float (*)[648]' but argument is of type 'float *'
../src/benchmarking.c:107:70: warning: passing argument 2 of 'pBenchmarkcase->validator' from incompatible pointer type [-Wincompatible-pointer-types]
   uiSuccess += pBenchmarkcase->validator(pBenchmarkcase->uiParam[0], pBenchmarkcase->uiParam[1]);
                                                                      ^~~~~~~~~~~~~~
../src/benchmarking.c:107:70: note: expected 'float **' but argument is of type 'float *'
'Finished building: ../src/benchmarking.c'
' '
'Building file: ../src/main2.c'
'Invoking: ARM v7 gcc compiler'
arm-none-eabi-gcc -Wall -O3 -g3 -c -fmessage-length=0 -MT"src/main2.o" -mcpu=cortex-a9 -mfpu=vfpv3 -mfloat-abi=hard -I../../team_LDPCD_bsp/ps7_cortexa9_0/include -MMD -MP -MF"src/main2.d" -MT"src/main2.o" -o "src/main2.o" "../src/main2.c"
In file included from ../src/benchmarking.h:43:0,
                 from ../src/main2.c:12:
../src/LDPC.h:35:0: warning: "TRUE" redefined
 #define TRUE 1
 
In file included from ../../team_LDPCD_bsp/ps7_cortexa9_0/include/xtime_l.h:64:0,
                 from ../src/main2.c:8:
../../team_LDPCD_bsp/ps7_cortexa9_0/include/xil_types.h:65:0: note: this is the location of the previous definition
 #  define TRUE  1U
 
In file included from ../src/benchmarking.h:43:0,
                 from ../src/main2.c:12:
../src/LDPC.h:36:0: warning: "FALSE" redefined
 #define FALSE 0
 
In file included from ../../team_LDPCD_bsp/ps7_cortexa9_0/include/xtime_l.h:64:0,
                 from ../src/main2.c:8:
../../team_LDPCD_bsp/ps7_cortexa9_0/include/xil_types.h:69:0: note: this is the location of the previous definition
 #  define FALSE  0U
 
../src/main2.c: In function 'main':
../src/main2.c:369:54: warning: initialization from incompatible pointer type [-Wincompatible-pointer-types]
   {"LDPC Reference", TEST_ROUNDS, initializor_dummy, ldpcd_ref,
                                                      ^~~~~~~~~
../src/main2.c:369:54: note: (near initialization for 'BenchmarkCases[0].benchmarker')
../src/main2.c:370:5: warning: initialization from incompatible pointer type [-Wincompatible-pointer-types]
    {NLLR, out_ldpcd_ref},
     ^~~~
../src/main2.c:370:5: note: (near initialization for 'BenchmarkCases[0].uiParam[0]')
../src/main2.c:370:11: warning: initialization from incompatible pointer type [-Wincompatible-pointer-types]
    {NLLR, out_ldpcd_ref},
           ^~~~~~~~~~~~~
../src/main2.c:370:11: note: (near initialization for 'BenchmarkCases[0].uiParam[1]')
../src/main2.c:373:57: warning: initialization from incompatible pointer type [-Wincompatible-pointer-types]
   {"LDPC Optimization", TEST_ROUNDS, initializor_dummy, ldpcd_opt,
                                                         ^~~~~~~~~
../src/main2.c:373:57: note: (near initialization for 'BenchmarkCases[1].benchmarker')
../src/main2.c:374:5: warning: initialization from incompatible pointer type [-Wincompatible-pointer-types]
    {NLLR, out_ldpcd_opt},
     ^~~~
../src/main2.c:374:5: note: (near initialization for 'BenchmarkCases[1].uiParam[0]')
../src/main2.c:374:11: warning: initialization from incompatible pointer type [-Wincompatible-pointer-types]
    {NLLR, out_ldpcd_opt},
           ^~~~~~~~~~~~~
../src/main2.c:374:11: note: (near initialization for 'BenchmarkCases[1].uiParam[1]')
../src/main2.c:379:2: warning: implicit declaration of function 'Xil_L1DCacheEnable' [-Wimplicit-function-declaration]
  Xil_L1DCacheEnable();
  ^~~~~~~~~~~~~~~~~~
../src/main2.c:380:2: warning: implicit declaration of function 'Xil_L2CacheDisable' [-Wimplicit-function-declaration]
  Xil_L2CacheDisable();
  ^~~~~~~~~~~~~~~~~~
../src/main2.c:381:2: warning: implicit declaration of function 'Xil_L1ICacheEnable' [-Wimplicit-function-declaration]
  Xil_L1ICacheEnable();
  ^~~~~~~~~~~~~~~~~~
'Finished building: ../src/main2.c'
' '
'Building target: team_LDPCD.elf'
'Invoking: ARM v7 gcc linker'
arm-none-eabi-gcc -mcpu=cortex-a9 -mfpu=vfpv3 -mfloat-abi=hard -Wl,-build-id=none -specs=Xilinx.spec -Wl,-T -Wl,../src/lscript.ld -L../../team_LDPCD_bsp/ps7_cortexa9_0/lib -o "team_LDPCD.elf"  ./src/benchmarking.o ./src/main2.o   -lm -Wl,--start-group,-lxil,-lgcc,-lc,--end-group
'Finished building target: team_LDPCD.elf'
' '
'Invoking: ARM v7 Print Size'
arm-none-eabi-size team_LDPCD.elf  |tee "team_LDPCD.elf.size"
   text	   data	    bss	    dec	    hex	filename
  84532	1682204	115350304	117117040	6fb1070	team_LDPCD.elf
'Finished building: team_LDPCD.elf.size'
' '
02:31:24 **** Incremental Build of configuration Debug for project team_LDPCD ****
make pre-build main-build 
a9-linaro-pre-build-step
' '
make: `main-build'를 위해 할 일이 없습니다
02:38:09 **** Auto Build of configuration Debug for project team_LDPCD ****
make pre-build main-build 
a9-linaro-pre-build-step
' '
'Building file: ../src/main2.c'
'Invoking: ARM v7 gcc compiler'
arm-none-eabi-gcc -Wall -O3 -g3 -c -fmessage-length=0 -MT"src/main2.o" -mcpu=cortex-a9 -mfpu=vfpv3 -mfloat-abi=hard -I../../team_LDPCD_bsp/ps7_cortexa9_0/include -MMD -MP -MF"src/main2.d" -MT"src/main2.o" -o "src/main2.o" "../src/main2.c"
In file included from ../src/benchmarking.h:43:0,
                 from ../src/main2.c:12:
../src/LDPC.h:35:0: warning: "TRUE" redefined
 #define TRUE 1
 
In file included from ../../team_LDPCD_bsp/ps7_cortexa9_0/include/xtime_l.h:64:0,
                 from ../src/main2.c:8:
../../team_LDPCD_bsp/ps7_cortexa9_0/include/xil_types.h:65:0: note: this is the location of the previous definition
 #  define TRUE  1U
 
In file included from ../src/benchmarking.h:43:0,
                 from ../src/main2.c:12:
../src/LDPC.h:36:0: warning: "FALSE" redefined
 #define FALSE 0
 
In file included from ../../team_LDPCD_bsp/ps7_cortexa9_0/include/xtime_l.h:64:0,
                 from ../src/main2.c:8:
../../team_LDPCD_bsp/ps7_cortexa9_0/include/xil_types.h:69:0: note: this is the location of the previous definition
 #  define FALSE  0U
 
../src/main2.c: In function 'main':
../src/main2.c:371:54: warning: initialization from incompatible pointer type [-Wincompatible-pointer-types]
   {"LDPC Reference", TEST_ROUNDS, initializor_dummy, ldpcd_ref,
                                                      ^~~~~~~~~
../src/main2.c:371:54: note: (near initialization for 'BenchmarkCases[0].benchmarker')
../src/main2.c:372:5: warning: initialization from incompatible pointer type [-Wincompatible-pointer-types]
    {NLLR, out_ldpcd_ref},
     ^~~~
../src/main2.c:372:5: note: (near initialization for 'BenchmarkCases[0].uiParam[0]')
../src/main2.c:372:11: warning: initialization from incompatible pointer type [-Wincompatible-pointer-types]
    {NLLR, out_ldpcd_ref},
           ^~~~~~~~~~~~~
../src/main2.c:372:11: note: (near initialization for 'BenchmarkCases[0].uiParam[1]')
../src/main2.c:375:57: warning: initialization from incompatible pointer type [-Wincompatible-pointer-types]
   {"LDPC Optimization", TEST_ROUNDS, initializor_dummy, ldpcd_opt,
                                                         ^~~~~~~~~
../src/main2.c:375:57: note: (near initialization for 'BenchmarkCases[1].benchmarker')
../src/main2.c:376:5: warning: initialization from incompatible pointer type [-Wincompatible-pointer-types]
    {NLLR, out_ldpcd_opt},
     ^~~~
../src/main2.c:376:5: note: (near initialization for 'BenchmarkCases[1].uiParam[0]')
../src/main2.c:376:11: warning: initialization from incompatible pointer type [-Wincompatible-pointer-types]
    {NLLR, out_ldpcd_opt},
           ^~~~~~~~~~~~~
../src/main2.c:376:11: note: (near initialization for 'BenchmarkCases[1].uiParam[1]')
../src/main2.c:381:2: warning: implicit declaration of function 'Xil_L1DCacheEnable' [-Wimplicit-function-declaration]
  Xil_L1DCacheEnable();
  ^~~~~~~~~~~~~~~~~~
../src/main2.c:382:2: warning: implicit declaration of function 'Xil_L2CacheDisable' [-Wimplicit-function-declaration]
  Xil_L2CacheDisable();
  ^~~~~~~~~~~~~~~~~~
../src/main2.c:383:2: warning: implicit declaration of function 'Xil_L1ICacheEnable' [-Wimplicit-function-declaration]
  Xil_L1ICacheEnable();
  ^~~~~~~~~~~~~~~~~~
'Finished building: ../src/main2.c'
' '
'Building target: team_LDPCD.elf'
'Invoking: ARM v7 gcc linker'
arm-none-eabi-gcc -mcpu=cortex-a9 -mfpu=vfpv3 -mfloat-abi=hard -Wl,-build-id=none -specs=Xilinx.spec -Wl,-T -Wl,../src/lscript.ld -L../../team_LDPCD_bsp/ps7_cortexa9_0/lib -o "team_LDPCD.elf"  ./src/benchmarking.o ./src/main2.o   -lm -Wl,--start-group,-lxil,-lgcc,-lc,--end-group
'Finished building target: team_LDPCD.elf'
' '
'Invoking: ARM v7 Print Size'
arm-none-eabi-size team_LDPCD.elf  |tee "team_LDPCD.elf.size"
   text	   data	    bss	    dec	    hex	filename
  84532	1682204	115350304	117117040	6fb1070	team_LDPCD.elf
'Finished building: team_LDPCD.elf.size'
' '
02:38:40 **** Incremental Build of configuration Debug for project team_LDPCD ****
make pre-build main-build 
a9-linaro-pre-build-step
' '
make: `main-build'를 위해 할 일이 없습니다
02:39:16 **** Clean-only build of configuration Debug for project team_LDPCD ****
make clean 
rm -rf  ./src/benchmarking.o ./src/main2.o  ./src/benchmarking.d ./src/main2.d  team_LDPCD.elf.size  team_LDPCD.elf
' '
02:39:16 **** Auto Build of configuration Debug for project team_LDPCD ****
make pre-build main-build 
a9-linaro-pre-build-step
' '
'Building file: ../src/benchmarking.c'
'Invoking: ARM v7 gcc compiler'
arm-none-eabi-gcc -Wall -O3 -g3 -c -fmessage-length=0 -MT"src/benchmarking.o" -mcpu=cortex-a9 -mfpu=vfpv3 -mfloat-abi=hard -I../../team_LDPCD_bsp/ps7_cortexa9_0/include -MMD -MP -MF"src/benchmarking.d" -MT"src/benchmarking.o" -o "src/benchmarking.o" "../src/benchmarking.c"
In file included from ../src/benchmarking.h:43:0,
                 from ../src/benchmarking.c:39:
../src/LDPC.h:35:0: warning: "TRUE" redefined
 #define TRUE 1
 
In file included from ../../team_LDPCD_bsp/ps7_cortexa9_0/include/xtime_l.h:64:0,
                 from ../src/benchmarking.c:37:
../../team_LDPCD_bsp/ps7_cortexa9_0/include/xil_types.h:65:0: note: this is the location of the previous definition
 #  define TRUE  1U
 
In file included from ../src/benchmarking.h:43:0,
                 from ../src/benchmarking.c:39:
../src/LDPC.h:36:0: warning: "FALSE" redefined
 #define FALSE 0
 
In file included from ../../team_LDPCD_bsp/ps7_cortexa9_0/include/xtime_l.h:64:0,
                 from ../src/benchmarking.c:37:
../../team_LDPCD_bsp/ps7_cortexa9_0/include/xil_types.h:69:0: note: this is the location of the previous definition
 #  define FALSE  0U
 
../src/benchmarking.c: In function 'run_benchmark_single':
../src/benchmarking.c:94:34: warning: passing argument 1 of 'pBenchmarkcase->initializor' from incompatible pointer type [-Wincompatible-pointer-types]
      pBenchmarkcase->initializor(pBenchmarkcase->uiParam[0], pBenchmarkcase->uiParam[1]);
                                  ^~~~~~~~~~~~~~
../src/benchmarking.c:94:34: note: expected 'float (*)[648]' but argument is of type 'float *'
../src/benchmarking.c:94:62: warning: passing argument 2 of 'pBenchmarkcase->initializor' from incompatible pointer type [-Wincompatible-pointer-types]
      pBenchmarkcase->initializor(pBenchmarkcase->uiParam[0], pBenchmarkcase->uiParam[1]);
                                                              ^~~~~~~~~~~~~~
../src/benchmarking.c:94:62: note: expected 'float **' but argument is of type 'float *'
../src/benchmarking.c:101:59: warning: passing argument 1 of 'pBenchmarkcase->benchmarker' from incompatible pointer type [-Wincompatible-pointer-types]
   pBenchmarkcase->uiRetCode = pBenchmarkcase->benchmarker(pBenchmarkcase->uiParam[0], pBenchmarkcase->uiParam[1]);
                                                           ^~~~~~~~~~~~~~
../src/benchmarking.c:101:59: note: expected 'float (*)[648]' but argument is of type 'float *'
../src/benchmarking.c:101:87: warning: passing argument 2 of 'pBenchmarkcase->benchmarker' from incompatible pointer type [-Wincompatible-pointer-types]
   pBenchmarkcase->uiRetCode = pBenchmarkcase->benchmarker(pBenchmarkcase->uiParam[0], pBenchmarkcase->uiParam[1]);
                                                                                       ^~~~~~~~~~~~~~
../src/benchmarking.c:101:87: note: expected 'float **' but argument is of type 'float *'
../src/benchmarking.c:107:42: warning: passing argument 1 of 'pBenchmarkcase->validator' from incompatible pointer type [-Wincompatible-pointer-types]
   uiSuccess += pBenchmarkcase->validator(pBenchmarkcase->uiParam[0], pBenchmarkcase->uiParam[1]);
                                          ^~~~~~~~~~~~~~
../src/benchmarking.c:107:42: note: expected 'float (*)[648]' but argument is of type 'float *'
../src/benchmarking.c:107:70: warning: passing argument 2 of 'pBenchmarkcase->validator' from incompatible pointer type [-Wincompatible-pointer-types]
   uiSuccess += pBenchmarkcase->validator(pBenchmarkcase->uiParam[0], pBenchmarkcase->uiParam[1]);
                                                                      ^~~~~~~~~~~~~~
../src/benchmarking.c:107:70: note: expected 'float **' but argument is of type 'float *'
'Finished building: ../src/benchmarking.c'
' '
'Building target: team_LDPCD.elf'
'Invoking: ARM v7 gcc linker'
arm-none-eabi-gcc -mcpu=cortex-a9 -mfpu=vfpv3 -mfloat-abi=hard -Wl,-build-id=none -specs=Xilinx.spec -Wl,-T -Wl,../src/lscript.ld -L../../team_LDPCD_bsp/ps7_cortexa9_0/lib -o "team_LDPCD.elf"  ./src/benchmarking.o   -lm -Wl,--start-group,-lxil,-lgcc,-lc,--end-group
../../team_LDPCD_bsp/ps7_cortexa9_0/lib\libxil.a(xil-crt0.o): In function `_start':
xil-crt0.S:(.text+0x68): undefined reference to `main'
collect2.exe: error: ld returned 1 exit status
make: *** [team_LDPCD.elf] 오류 1
02:39:23 **** Clean-only build of configuration Debug for project team_LDPCD ****
make clean 
rm -rf  ./src/benchmarking.o  ./src/benchmarking.d  team_LDPCD.elf.size  team_LDPCD.elf
' '
02:39:24 **** Auto Build of configuration Debug for project team_LDPCD ****
make pre-build main-build 
a9-linaro-pre-build-step
' '
'Building file: ../src/benchmarking.c'
'Invoking: ARM v7 gcc compiler'
arm-none-eabi-gcc -Wall -O3 -g3 -c -fmessage-length=0 -MT"src/benchmarking.o" -mcpu=cortex-a9 -mfpu=vfpv3 -mfloat-abi=hard -I../../team_LDPCD_bsp/ps7_cortexa9_0/include -MMD -MP -MF"src/benchmarking.d" -MT"src/benchmarking.o" -o "src/benchmarking.o" "../src/benchmarking.c"
In file included from ../src/benchmarking.h:43:0,
                 from ../src/benchmarking.c:39:
../src/LDPC.h:35:0: warning: "TRUE" redefined
 #define TRUE 1
 
In file included from ../../team_LDPCD_bsp/ps7_cortexa9_0/include/xtime_l.h:64:0,
                 from ../src/benchmarking.c:37:
../../team_LDPCD_bsp/ps7_cortexa9_0/include/xil_types.h:65:0: note: this is the location of the previous definition
 #  define TRUE  1U
 
In file included from ../src/benchmarking.h:43:0,
                 from ../src/benchmarking.c:39:
../src/LDPC.h:36:0: warning: "FALSE" redefined
 #define FALSE 0
 
In file included from ../../team_LDPCD_bsp/ps7_cortexa9_0/include/xtime_l.h:64:0,
                 from ../src/benchmarking.c:37:
../../team_LDPCD_bsp/ps7_cortexa9_0/include/xil_types.h:69:0: note: this is the location of the previous definition
 #  define FALSE  0U
 
../src/benchmarking.c: In function 'run_benchmark_single':
../src/benchmarking.c:94:34: warning: passing argument 1 of 'pBenchmarkcase->initializor' from incompatible pointer type [-Wincompatible-pointer-types]
      pBenchmarkcase->initializor(pBenchmarkcase->uiParam[0], pBenchmarkcase->uiParam[1]);
                                  ^~~~~~~~~~~~~~
../src/benchmarking.c:94:34: note: expected 'float (*)[648]' but argument is of type 'float *'
../src/benchmarking.c:94:62: warning: passing argument 2 of 'pBenchmarkcase->initializor' from incompatible pointer type [-Wincompatible-pointer-types]
      pBenchmarkcase->initializor(pBenchmarkcase->uiParam[0], pBenchmarkcase->uiParam[1]);
                                                              ^~~~~~~~~~~~~~
../src/benchmarking.c:94:62: note: expected 'float **' but argument is of type 'float *'
../src/benchmarking.c:101:59: warning: passing argument 1 of 'pBenchmarkcase->benchmarker' from incompatible pointer type [-Wincompatible-pointer-types]
   pBenchmarkcase->uiRetCode = pBenchmarkcase->benchmarker(pBenchmarkcase->uiParam[0], pBenchmarkcase->uiParam[1]);
                                                           ^~~~~~~~~~~~~~
../src/benchmarking.c:101:59: note: expected 'float (*)[648]' but argument is of type 'float *'
../src/benchmarking.c:101:87: warning: passing argument 2 of 'pBenchmarkcase->benchmarker' from incompatible pointer type [-Wincompatible-pointer-types]
   pBenchmarkcase->uiRetCode = pBenchmarkcase->benchmarker(pBenchmarkcase->uiParam[0], pBenchmarkcase->uiParam[1]);
                                                                                       ^~~~~~~~~~~~~~
../src/benchmarking.c:101:87: note: expected 'float **' but argument is of type 'float *'
../src/benchmarking.c:107:42: warning: passing argument 1 of 'pBenchmarkcase->validator' from incompatible pointer type [-Wincompatible-pointer-types]
   uiSuccess += pBenchmarkcase->validator(pBenchmarkcase->uiParam[0], pBenchmarkcase->uiParam[1]);
                                          ^~~~~~~~~~~~~~
../src/benchmarking.c:107:42: note: expected 'float (*)[648]' but argument is of type 'float *'
../src/benchmarking.c:107:70: warning: passing argument 2 of 'pBenchmarkcase->validator' from incompatible pointer type [-Wincompatible-pointer-types]
   uiSuccess += pBenchmarkcase->validator(pBenchmarkcase->uiParam[0], pBenchmarkcase->uiParam[1]);
                                                                      ^~~~~~~~~~~~~~
../src/benchmarking.c:107:70: note: expected 'float **' but argument is of type 'float *'
'Finished building: ../src/benchmarking.c'
' '
'Building file: ../src/main.c'
'Invoking: ARM v7 gcc compiler'
arm-none-eabi-gcc -Wall -O3 -g3 -c -fmessage-length=0 -MT"src/main.o" -mcpu=cortex-a9 -mfpu=vfpv3 -mfloat-abi=hard -I../../team_LDPCD_bsp/ps7_cortexa9_0/include -MMD -MP -MF"src/main.d" -MT"src/main.o" -o "src/main.o" "../src/main.c"
In file included from ../src/benchmarking.h:43:0,
                 from ../src/main.c:12:
../src/LDPC.h:35:0: warning: "TRUE" redefined
 #define TRUE 1
 
In file included from ../../team_LDPCD_bsp/ps7_cortexa9_0/include/xtime_l.h:64:0,
                 from ../src/main.c:8:
../../team_LDPCD_bsp/ps7_cortexa9_0/include/xil_types.h:65:0: note: this is the location of the previous definition
 #  define TRUE  1U
 
In file included from ../src/benchmarking.h:43:0,
                 from ../src/main.c:12:
../src/LDPC.h:36:0: warning: "FALSE" redefined
 #define FALSE 0
 
In file included from ../../team_LDPCD_bsp/ps7_cortexa9_0/include/xtime_l.h:64:0,
                 from ../src/main.c:8:
../../team_LDPCD_bsp/ps7_cortexa9_0/include/xil_types.h:69:0: note: this is the location of the previous definition
 #  define FALSE  0U
 
../src/main.c: In function 'main':
../src/main.c:369:54: warning: initialization from incompatible pointer type [-Wincompatible-pointer-types]
   {"LDPC Reference", TEST_ROUNDS, initializor_dummy, ldpcd_ref,
                                                      ^~~~~~~~~
../src/main.c:369:54: note: (near initialization for 'BenchmarkCases[0].benchmarker')
../src/main.c:370:5: warning: initialization from incompatible pointer type [-Wincompatible-pointer-types]
    {NLLR, out_ldpcd_ref},
     ^~~~
../src/main.c:370:5: note: (near initialization for 'BenchmarkCases[0].uiParam[0]')
../src/main.c:370:11: warning: initialization from incompatible pointer type [-Wincompatible-pointer-types]
    {NLLR, out_ldpcd_ref},
           ^~~~~~~~~~~~~
../src/main.c:370:11: note: (near initialization for 'BenchmarkCases[0].uiParam[1]')
../src/main.c:373:57: warning: initialization from incompatible pointer type [-Wincompatible-pointer-types]
   {"LDPC Optimization", TEST_ROUNDS, initializor_dummy, ldpcd_opt,
                                                         ^~~~~~~~~
../src/main.c:373:57: note: (near initialization for 'BenchmarkCases[1].benchmarker')
../src/main.c:374:5: warning: initialization from incompatible pointer type [-Wincompatible-pointer-types]
    {NLLR, out_ldpcd_opt},
     ^~~~
../src/main.c:374:5: note: (near initialization for 'BenchmarkCases[1].uiParam[0]')
../src/main.c:374:11: warning: initialization from incompatible pointer type [-Wincompatible-pointer-types]
    {NLLR, out_ldpcd_opt},
           ^~~~~~~~~~~~~
../src/main.c:374:11: note: (near initialization for 'BenchmarkCases[1].uiParam[1]')
../src/main.c:379:2: warning: implicit declaration of function 'Xil_L1DCacheEnable' [-Wimplicit-function-declaration]
  Xil_L1DCacheEnable();
  ^~~~~~~~~~~~~~~~~~
../src/main.c:380:2: warning: implicit declaration of function 'Xil_L2CacheDisable' [-Wimplicit-function-declaration]
  Xil_L2CacheDisable();
  ^~~~~~~~~~~~~~~~~~
../src/main.c:381:2: warning: implicit declaration of function 'Xil_L1ICacheEnable' [-Wimplicit-function-declaration]
  Xil_L1ICacheEnable();
  ^~~~~~~~~~~~~~~~~~
'Finished building: ../src/main.c'
' '
'Building target: team_LDPCD.elf'
'Invoking: ARM v7 gcc linker'
arm-none-eabi-gcc -mcpu=cortex-a9 -mfpu=vfpv3 -mfloat-abi=hard -Wl,-build-id=none -specs=Xilinx.spec -Wl,-T -Wl,../src/lscript.ld -L../../team_LDPCD_bsp/ps7_cortexa9_0/lib -o "team_LDPCD.elf"  ./src/benchmarking.o ./src/main.o   -lm -Wl,--start-group,-lxil,-lgcc,-lc,--end-group
'Finished building target: team_LDPCD.elf'
' '
'Invoking: ARM v7 Print Size'
arm-none-eabi-size team_LDPCD.elf  |tee "team_LDPCD.elf.size"
   text	   data	    bss	    dec	    hex	filename
  84532	1682204	115350304	117117040	6fb1070	team_LDPCD.elf
'Finished building: team_LDPCD.elf.size'
' '
02:39:40 **** Incremental Build of configuration Debug for project team_LDPCD ****
make pre-build main-build 
a9-linaro-pre-build-step
' '
make: `main-build'를 위해 할 일이 없습니다
02:40:36 **** Auto Build of configuration Debug for project team_LDPCD ****
make pre-build main-build 
a9-linaro-pre-build-step
' '
make: `main-build'를 위해 할 일이 없습니다
02:40:46 **** Clean-only build of configuration Debug for project team_LDPCD ****
make clean 
rm -rf  ./src/benchmarking.o ./src/main.o  ./src/benchmarking.d ./src/main.d  team_LDPCD.elf.size  team_LDPCD.elf
' '
02:40:47 **** Auto Build of configuration Debug for project team_LDPCD ****
make pre-build main-build 
a9-linaro-pre-build-step
' '
'Building file: ../src/benchmarking.c'
'Invoking: ARM v7 gcc compiler'
arm-none-eabi-gcc -Wall -O3 -g3 -c -fmessage-length=0 -MT"src/benchmarking.o" -mcpu=cortex-a9 -mfpu=vfpv3 -mfloat-abi=hard -I../../team_LDPCD_bsp/ps7_cortexa9_0/include -MMD -MP -MF"src/benchmarking.d" -MT"src/benchmarking.o" -o "src/benchmarking.o" "../src/benchmarking.c"
In file included from ../src/benchmarking.h:43:0,
                 from ../src/benchmarking.c:39:
../src/LDPC.h:35:0: warning: "TRUE" redefined
 #define TRUE 1
 
In file included from ../../team_LDPCD_bsp/ps7_cortexa9_0/include/xtime_l.h:64:0,
                 from ../src/benchmarking.c:37:
../../team_LDPCD_bsp/ps7_cortexa9_0/include/xil_types.h:65:0: note: this is the location of the previous definition
 #  define TRUE  1U
 
In file included from ../src/benchmarking.h:43:0,
                 from ../src/benchmarking.c:39:
../src/LDPC.h:36:0: warning: "FALSE" redefined
 #define FALSE 0
 
In file included from ../../team_LDPCD_bsp/ps7_cortexa9_0/include/xtime_l.h:64:0,
                 from ../src/benchmarking.c:37:
../../team_LDPCD_bsp/ps7_cortexa9_0/include/xil_types.h:69:0: note: this is the location of the previous definition
 #  define FALSE  0U
 
../src/benchmarking.c: In function 'run_benchmark_single':
../src/benchmarking.c:94:34: warning: passing argument 1 of 'pBenchmarkcase->initializor' from incompatible pointer type [-Wincompatible-pointer-types]
      pBenchmarkcase->initializor(pBenchmarkcase->uiParam[0], pBenchmarkcase->uiParam[1]);
                                  ^~~~~~~~~~~~~~
../src/benchmarking.c:94:34: note: expected 'float (*)[648]' but argument is of type 'float *'
../src/benchmarking.c:94:62: warning: passing argument 2 of 'pBenchmarkcase->initializor' from incompatible pointer type [-Wincompatible-pointer-types]
      pBenchmarkcase->initializor(pBenchmarkcase->uiParam[0], pBenchmarkcase->uiParam[1]);
                                                              ^~~~~~~~~~~~~~
../src/benchmarking.c:94:62: note: expected 'float **' but argument is of type 'float *'
../src/benchmarking.c:101:59: warning: passing argument 1 of 'pBenchmarkcase->benchmarker' from incompatible pointer type [-Wincompatible-pointer-types]
   pBenchmarkcase->uiRetCode = pBenchmarkcase->benchmarker(pBenchmarkcase->uiParam[0], pBenchmarkcase->uiParam[1]);
                                                           ^~~~~~~~~~~~~~
../src/benchmarking.c:101:59: note: expected 'float (*)[648]' but argument is of type 'float *'
../src/benchmarking.c:101:87: warning: passing argument 2 of 'pBenchmarkcase->benchmarker' from incompatible pointer type [-Wincompatible-pointer-types]
   pBenchmarkcase->uiRetCode = pBenchmarkcase->benchmarker(pBenchmarkcase->uiParam[0], pBenchmarkcase->uiParam[1]);
                                                                                       ^~~~~~~~~~~~~~
../src/benchmarking.c:101:87: note: expected 'float **' but argument is of type 'float *'
../src/benchmarking.c:107:42: warning: passing argument 1 of 'pBenchmarkcase->validator' from incompatible pointer type [-Wincompatible-pointer-types]
   uiSuccess += pBenchmarkcase->validator(pBenchmarkcase->uiParam[0], pBenchmarkcase->uiParam[1]);
                                          ^~~~~~~~~~~~~~
../src/benchmarking.c:107:42: note: expected 'float (*)[648]' but argument is of type 'float *'
../src/benchmarking.c:107:70: warning: passing argument 2 of 'pBenchmarkcase->validator' from incompatible pointer type [-Wincompatible-pointer-types]
   uiSuccess += pBenchmarkcase->validator(pBenchmarkcase->uiParam[0], pBenchmarkcase->uiParam[1]);
                                                                      ^~~~~~~~~~~~~~
../src/benchmarking.c:107:70: note: expected 'float **' but argument is of type 'float *'
'Finished building: ../src/benchmarking.c'
' '
'Building target: team_LDPCD.elf'
'Invoking: ARM v7 gcc linker'
arm-none-eabi-gcc -mcpu=cortex-a9 -mfpu=vfpv3 -mfloat-abi=hard -Wl,-build-id=none -specs=Xilinx.spec -Wl,-T -Wl,../src/lscript.ld -L../../team_LDPCD_bsp/ps7_cortexa9_0/lib -o "team_LDPCD.elf"  ./src/benchmarking.o   -lm -Wl,--start-group,-lxil,-lgcc,-lc,--end-group
../../team_LDPCD_bsp/ps7_cortexa9_0/lib\libxil.a(xil-crt0.o): In function `_start':
xil-crt0.S:(.text+0x68): undefined reference to `main'
collect2.exe: error: ld returned 1 exit status
make: *** [team_LDPCD.elf] 오류 1
02:40:54 **** Clean-only build of configuration Debug for project team_LDPCD ****
make clean 
rm -rf  ./src/benchmarking.o  ./src/benchmarking.d  team_LDPCD.elf.size  team_LDPCD.elf
' '
02:40:54 **** Auto Build of configuration Debug for project team_LDPCD ****
make pre-build main-build 
a9-linaro-pre-build-step
' '
'Building file: ../src/benchmarking.c'
'Invoking: ARM v7 gcc compiler'
arm-none-eabi-gcc -Wall -O3 -g3 -c -fmessage-length=0 -MT"src/benchmarking.o" -mcpu=cortex-a9 -mfpu=vfpv3 -mfloat-abi=hard -I../../team_LDPCD_bsp/ps7_cortexa9_0/include -MMD -MP -MF"src/benchmarking.d" -MT"src/benchmarking.o" -o "src/benchmarking.o" "../src/benchmarking.c"
In file included from ../src/benchmarking.h:43:0,
                 from ../src/benchmarking.c:39:
../src/LDPC.h:35:0: warning: "TRUE" redefined
 #define TRUE 1
 
In file included from ../../team_LDPCD_bsp/ps7_cortexa9_0/include/xtime_l.h:64:0,
                 from ../src/benchmarking.c:37:
../../team_LDPCD_bsp/ps7_cortexa9_0/include/xil_types.h:65:0: note: this is the location of the previous definition
 #  define TRUE  1U
 
In file included from ../src/benchmarking.h:43:0,
                 from ../src/benchmarking.c:39:
../src/LDPC.h:36:0: warning: "FALSE" redefined
 #define FALSE 0
 
In file included from ../../team_LDPCD_bsp/ps7_cortexa9_0/include/xtime_l.h:64:0,
                 from ../src/benchmarking.c:37:
../../team_LDPCD_bsp/ps7_cortexa9_0/include/xil_types.h:69:0: note: this is the location of the previous definition
 #  define FALSE  0U
 
../src/benchmarking.c: In function 'run_benchmark_single':
../src/benchmarking.c:94:34: warning: passing argument 1 of 'pBenchmarkcase->initializor' from incompatible pointer type [-Wincompatible-pointer-types]
      pBenchmarkcase->initializor(pBenchmarkcase->uiParam[0], pBenchmarkcase->uiParam[1]);
                                  ^~~~~~~~~~~~~~
../src/benchmarking.c:94:34: note: expected 'float (*)[648]' but argument is of type 'float *'
../src/benchmarking.c:94:62: warning: passing argument 2 of 'pBenchmarkcase->initializor' from incompatible pointer type [-Wincompatible-pointer-types]
      pBenchmarkcase->initializor(pBenchmarkcase->uiParam[0], pBenchmarkcase->uiParam[1]);
                                                              ^~~~~~~~~~~~~~
../src/benchmarking.c:94:62: note: expected 'float **' but argument is of type 'float *'
../src/benchmarking.c:101:59: warning: passing argument 1 of 'pBenchmarkcase->benchmarker' from incompatible pointer type [-Wincompatible-pointer-types]
   pBenchmarkcase->uiRetCode = pBenchmarkcase->benchmarker(pBenchmarkcase->uiParam[0], pBenchmarkcase->uiParam[1]);
                                                           ^~~~~~~~~~~~~~
../src/benchmarking.c:101:59: note: expected 'float (*)[648]' but argument is of type 'float *'
../src/benchmarking.c:101:87: warning: passing argument 2 of 'pBenchmarkcase->benchmarker' from incompatible pointer type [-Wincompatible-pointer-types]
   pBenchmarkcase->uiRetCode = pBenchmarkcase->benchmarker(pBenchmarkcase->uiParam[0], pBenchmarkcase->uiParam[1]);
                                                                                       ^~~~~~~~~~~~~~
../src/benchmarking.c:101:87: note: expected 'float **' but argument is of type 'float *'
../src/benchmarking.c:107:42: warning: passing argument 1 of 'pBenchmarkcase->validator' from incompatible pointer type [-Wincompatible-pointer-types]
   uiSuccess += pBenchmarkcase->validator(pBenchmarkcase->uiParam[0], pBenchmarkcase->uiParam[1]);
                                          ^~~~~~~~~~~~~~
../src/benchmarking.c:107:42: note: expected 'float (*)[648]' but argument is of type 'float *'
../src/benchmarking.c:107:70: warning: passing argument 2 of 'pBenchmarkcase->validator' from incompatible pointer type [-Wincompatible-pointer-types]
   uiSuccess += pBenchmarkcase->validator(pBenchmarkcase->uiParam[0], pBenchmarkcase->uiParam[1]);
                                                                      ^~~~~~~~~~~~~~
../src/benchmarking.c:107:70: note: expected 'float **' but argument is of type 'float *'
'Finished building: ../src/benchmarking.c'
' '
'Building file: ../src/main2.c'
'Invoking: ARM v7 gcc compiler'
arm-none-eabi-gcc -Wall -O3 -g3 -c -fmessage-length=0 -MT"src/main2.o" -mcpu=cortex-a9 -mfpu=vfpv3 -mfloat-abi=hard -I../../team_LDPCD_bsp/ps7_cortexa9_0/include -MMD -MP -MF"src/main2.d" -MT"src/main2.o" -o "src/main2.o" "../src/main2.c"
In file included from ../src/benchmarking.h:43:0,
                 from ../src/main2.c:12:
../src/LDPC.h:35:0: warning: "TRUE" redefined
 #define TRUE 1
 
In file included from ../../team_LDPCD_bsp/ps7_cortexa9_0/include/xtime_l.h:64:0,
                 from ../src/main2.c:8:
../../team_LDPCD_bsp/ps7_cortexa9_0/include/xil_types.h:65:0: note: this is the location of the previous definition
 #  define TRUE  1U
 
In file included from ../src/benchmarking.h:43:0,
                 from ../src/main2.c:12:
../src/LDPC.h:36:0: warning: "FALSE" redefined
 #define FALSE 0
 
In file included from ../../team_LDPCD_bsp/ps7_cortexa9_0/include/xtime_l.h:64:0,
                 from ../src/main2.c:8:
../../team_LDPCD_bsp/ps7_cortexa9_0/include/xil_types.h:69:0: note: this is the location of the previous definition
 #  define FALSE  0U
 
../src/main2.c: In function 'main':
../src/main2.c:371:54: warning: initialization from incompatible pointer type [-Wincompatible-pointer-types]
   {"LDPC Reference", TEST_ROUNDS, initializor_dummy, ldpcd_ref,
                                                      ^~~~~~~~~
../src/main2.c:371:54: note: (near initialization for 'BenchmarkCases[0].benchmarker')
../src/main2.c:372:5: warning: initialization from incompatible pointer type [-Wincompatible-pointer-types]
    {NLLR, out_ldpcd_ref},
     ^~~~
../src/main2.c:372:5: note: (near initialization for 'BenchmarkCases[0].uiParam[0]')
../src/main2.c:372:11: warning: initialization from incompatible pointer type [-Wincompatible-pointer-types]
    {NLLR, out_ldpcd_ref},
           ^~~~~~~~~~~~~
../src/main2.c:372:11: note: (near initialization for 'BenchmarkCases[0].uiParam[1]')
../src/main2.c:375:57: warning: initialization from incompatible pointer type [-Wincompatible-pointer-types]
   {"LDPC Optimization", TEST_ROUNDS, initializor_dummy, ldpcd_opt,
                                                         ^~~~~~~~~
../src/main2.c:375:57: note: (near initialization for 'BenchmarkCases[1].benchmarker')
../src/main2.c:376:5: warning: initialization from incompatible pointer type [-Wincompatible-pointer-types]
    {NLLR, out_ldpcd_opt},
     ^~~~
../src/main2.c:376:5: note: (near initialization for 'BenchmarkCases[1].uiParam[0]')
../src/main2.c:376:11: warning: initialization from incompatible pointer type [-Wincompatible-pointer-types]
    {NLLR, out_ldpcd_opt},
           ^~~~~~~~~~~~~
../src/main2.c:376:11: note: (near initialization for 'BenchmarkCases[1].uiParam[1]')
../src/main2.c:381:2: warning: implicit declaration of function 'Xil_L1DCacheEnable' [-Wimplicit-function-declaration]
  Xil_L1DCacheEnable();
  ^~~~~~~~~~~~~~~~~~
../src/main2.c:382:2: warning: implicit declaration of function 'Xil_L2CacheDisable' [-Wimplicit-function-declaration]
  Xil_L2CacheDisable();
  ^~~~~~~~~~~~~~~~~~
../src/main2.c:383:2: warning: implicit declaration of function 'Xil_L1ICacheEnable' [-Wimplicit-function-declaration]
  Xil_L1ICacheEnable();
  ^~~~~~~~~~~~~~~~~~
'Finished building: ../src/main2.c'
' '
'Building target: team_LDPCD.elf'
'Invoking: ARM v7 gcc linker'
arm-none-eabi-gcc -mcpu=cortex-a9 -mfpu=vfpv3 -mfloat-abi=hard -Wl,-build-id=none -specs=Xilinx.spec -Wl,-T -Wl,../src/lscript.ld -L../../team_LDPCD_bsp/ps7_cortexa9_0/lib -o "team_LDPCD.elf"  ./src/benchmarking.o ./src/main2.o   -lm -Wl,--start-group,-lxil,-lgcc,-lc,--end-group
'Finished building target: team_LDPCD.elf'
' '
'Invoking: ARM v7 Print Size'
arm-none-eabi-size team_LDPCD.elf  |tee "team_LDPCD.elf.size"
   text	   data	    bss	    dec	    hex	filename
  84532	1682204	115350304	117117040	6fb1070	team_LDPCD.elf
'Finished building: team_LDPCD.elf.size'
' '
02:41:08 **** Incremental Build of configuration Debug for project team_LDPCD ****
make pre-build main-build 
a9-linaro-pre-build-step
' '
make: `main-build'를 위해 할 일이 없습니다
02:54:29 **** Auto Build of configuration Debug for project team_LDPCD ****
make pre-build main-build 
a9-linaro-pre-build-step
' '
'Building file: ../src/main2.c'
'Invoking: ARM v7 gcc compiler'
arm-none-eabi-gcc -Wall -O3 -g3 -c -fmessage-length=0 -MT"src/main2.o" -mcpu=cortex-a9 -mfpu=vfpv3 -mfloat-abi=hard -I../../team_LDPCD_bsp/ps7_cortexa9_0/include -MMD -MP -MF"src/main2.d" -MT"src/main2.o" -o "src/main2.o" "../src/main2.c"
In file included from ../src/benchmarking.h:43:0,
                 from ../src/main2.c:12:
../src/LDPC.h:35:0: warning: "TRUE" redefined
 #define TRUE 1
 
In file included from ../../team_LDPCD_bsp/ps7_cortexa9_0/include/xtime_l.h:64:0,
                 from ../src/main2.c:8:
../../team_LDPCD_bsp/ps7_cortexa9_0/include/xil_types.h:65:0: note: this is the location of the previous definition
 #  define TRUE  1U
 
In file included from ../src/benchmarking.h:43:0,
                 from ../src/main2.c:12:
../src/LDPC.h:36:0: warning: "FALSE" redefined
 #define FALSE 0
 
In file included from ../../team_LDPCD_bsp/ps7_cortexa9_0/include/xtime_l.h:64:0,
                 from ../src/main2.c:8:
../../team_LDPCD_bsp/ps7_cortexa9_0/include/xil_types.h:69:0: note: this is the location of the previous definition
 #  define FALSE  0U
 
../src/main2.c: In function 'ldpcd_opt':
../src/main2.c:140:6: warning: unused variable 'b' [-Wunused-variable]
  int b = 0;
      ^
../src/main2.c:139:6: warning: unused variable 'a' [-Wunused-variable]
  int a = 0;
      ^
../src/main2.c: In function 'main':
../src/main2.c:380:54: warning: initialization from incompatible pointer type [-Wincompatible-pointer-types]
   {"LDPC Reference", TEST_ROUNDS, initializor_dummy, ldpcd_ref,
                                                      ^~~~~~~~~
../src/main2.c:380:54: note: (near initialization for 'BenchmarkCases[0].benchmarker')
../src/main2.c:381:5: warning: initialization from incompatible pointer type [-Wincompatible-pointer-types]
    {NLLR, out_ldpcd_ref},
     ^~~~
../src/main2.c:381:5: note: (near initialization for 'BenchmarkCases[0].uiParam[0]')
../src/main2.c:381:11: warning: initialization from incompatible pointer type [-Wincompatible-pointer-types]
    {NLLR, out_ldpcd_ref},
           ^~~~~~~~~~~~~
../src/main2.c:381:11: note: (near initialization for 'BenchmarkCases[0].uiParam[1]')
../src/main2.c:384:57: warning: initialization from incompatible pointer type [-Wincompatible-pointer-types]
   {"LDPC Optimization", TEST_ROUNDS, initializor_dummy, ldpcd_opt,
                                                         ^~~~~~~~~
../src/main2.c:384:57: note: (near initialization for 'BenchmarkCases[1].benchmarker')
../src/main2.c:385:5: warning: initialization from incompatible pointer type [-Wincompatible-pointer-types]
    {NLLR, out_ldpcd_opt},
     ^~~~
../src/main2.c:385:5: note: (near initialization for 'BenchmarkCases[1].uiParam[0]')
../src/main2.c:385:11: warning: initialization from incompatible pointer type [-Wincompatible-pointer-types]
    {NLLR, out_ldpcd_opt},
           ^~~~~~~~~~~~~
../src/main2.c:385:11: note: (near initialization for 'BenchmarkCases[1].uiParam[1]')
../src/main2.c:390:2: warning: implicit declaration of function 'Xil_L1DCacheEnable' [-Wimplicit-function-declaration]
  Xil_L1DCacheEnable();
  ^~~~~~~~~~~~~~~~~~
../src/main2.c:391:2: warning: implicit declaration of function 'Xil_L2CacheDisable' [-Wimplicit-function-declaration]
  Xil_L2CacheDisable();
  ^~~~~~~~~~~~~~~~~~
../src/main2.c:392:2: warning: implicit declaration of function 'Xil_L1ICacheEnable' [-Wimplicit-function-declaration]
  Xil_L1ICacheEnable();
  ^~~~~~~~~~~~~~~~~~
'Finished building: ../src/main2.c'
' '
'Building target: team_LDPCD.elf'
'Invoking: ARM v7 gcc linker'
arm-none-eabi-gcc -mcpu=cortex-a9 -mfpu=vfpv3 -mfloat-abi=hard -Wl,-build-id=none -specs=Xilinx.spec -Wl,-T -Wl,../src/lscript.ld -L../../team_LDPCD_bsp/ps7_cortexa9_0/lib -o "team_LDPCD.elf"  ./src/benchmarking.o ./src/main2.o   -lm -Wl,--start-group,-lxil,-lgcc,-lc,--end-group
'Finished building target: team_LDPCD.elf'
' '
'Invoking: ARM v7 Print Size'
arm-none-eabi-size team_LDPCD.elf  |tee "team_LDPCD.elf.size"
   text	   data	    bss	    dec	    hex	filename
  84560	1682204	115350304	117117068	6fb108c	team_LDPCD.elf
'Finished building: team_LDPCD.elf.size'
' '
02:54:38 **** Incremental Build of configuration Debug for project team_LDPCD ****
make pre-build main-build 
a9-linaro-pre-build-step
' '
make: `main-build'를 위해 할 일이 없습니다
02:58:25 **** Auto Build of configuration Debug for project team_LDPCD ****
make pre-build main-build 
a9-linaro-pre-build-step
' '
'Building file: ../src/main2.c'
'Invoking: ARM v7 gcc compiler'
arm-none-eabi-gcc -Wall -O3 -g3 -c -fmessage-length=0 -MT"src/main2.o" -mcpu=cortex-a9 -mfpu=vfpv3 -mfloat-abi=hard -I../../team_LDPCD_bsp/ps7_cortexa9_0/include -MMD -MP -MF"src/main2.d" -MT"src/main2.o" -o "src/main2.o" "../src/main2.c"
In file included from ../src/benchmarking.h:43:0,
                 from ../src/main2.c:12:
../src/LDPC.h:35:0: warning: "TRUE" redefined
 #define TRUE 1
 
In file included from ../../team_LDPCD_bsp/ps7_cortexa9_0/include/xtime_l.h:64:0,
                 from ../src/main2.c:8:
../../team_LDPCD_bsp/ps7_cortexa9_0/include/xil_types.h:65:0: note: this is the location of the previous definition
 #  define TRUE  1U
 
In file included from ../src/benchmarking.h:43:0,
                 from ../src/main2.c:12:
../src/LDPC.h:36:0: warning: "FALSE" redefined
 #define FALSE 0
 
In file included from ../../team_LDPCD_bsp/ps7_cortexa9_0/include/xtime_l.h:64:0,
                 from ../src/main2.c:8:
../../team_LDPCD_bsp/ps7_cortexa9_0/include/xil_types.h:69:0: note: this is the location of the previous definition
 #  define FALSE  0U
 
../src/main2.c: In function 'ldpcd_opt':
../src/main2.c:141:6: warning: unused variable 'count' [-Wunused-variable]
  int count = 0;
      ^~~~~
../src/main2.c:140:6: warning: unused variable 'b' [-Wunused-variable]
  int b = 0;
      ^
[...]
../src/main.c:286:56: note: (near initialization for 'BenchmarkCases[1].benchmarker')
../src/main.c:287:5: warning: initialization from incompatible pointer type [-Wincompatible-pointer-types]
    {H_mat, Q_mat_opt, R_mat_opt},
     ^~~~~
../src/main.c:287:5: note: (near initialization for 'BenchmarkCases[1].uiParam[0]')
../src/main.c:287:12: warning: initialization from incompatible pointer type [-Wincompatible-pointer-types]
    {H_mat, Q_mat_opt, R_mat_opt},
            ^~~~~~~~~
../src/main.c:287:12: note: (near initialization for 'BenchmarkCases[1].uiParam[1]')
../src/main.c:287:23: warning: initialization from incompatible pointer type [-Wincompatible-pointer-types]
    {H_mat, Q_mat_opt, R_mat_opt},
                       ^~~~~~~~~
../src/main.c:287:23: note: (near initialization for 'BenchmarkCases[1].uiParam[2]')
../src/main.c:288:7: warning: initialization from incompatible pointer type [-Wincompatible-pointer-types]
    0, validator_dummy
       ^~~~~~~~~~~~~~~
../src/main.c:288:7: note: (near initialization for 'BenchmarkCases[1].validator')
../src/main.c:292:2: warning: implicit declaration of function 'Xil_L1DCacheEnable' [-Wimplicit-function-declaration]
  Xil_L1DCacheEnable();
  ^~~~~~~~~~~~~~~~~~
../src/main.c:293:2: warning: implicit declaration of function 'Xil_L2CacheDisable' [-Wimplicit-function-declaration]
  Xil_L2CacheDisable();
  ^~~~~~~~~~~~~~~~~~
../src/main.c:294:2: warning: implicit declaration of function 'Xil_L1ICacheEnable' [-Wimplicit-function-declaration]
  Xil_L1ICacheEnable();
  ^~~~~~~~~~~~~~~~~~
'Finished building: ../src/main.c'
' '
'Building target: team_LDPCD.elf'
'Invoking: ARM v7 gcc linker'
arm-none-eabi-gcc -mcpu=cortex-a9 -mfpu=vfpv3 -mfloat-abi=hard -Wl,-build-id=none -specs=Xilinx.spec -Wl,-T -Wl,../src/lscript.ld -L../../team_LDPCD_bsp/ps7_cortexa9_0/lib -o "team_LDPCD.elf"  ./src/benchmarking.o ./src/main.o   -lm -Wl,--start-group,-lxil,-lgcc,-lc,--end-group
'Finished building target: team_LDPCD.elf'
' '
'Invoking: ARM v7 Print Size'
arm-none-eabi-size team_LDPCD.elf  |tee "team_LDPCD.elf.size"
   text	   data	    bss	    dec	    hex	filename
  85480	   2588	115350336	115438404	6e17344	team_LDPCD.elf
'Finished building: team_LDPCD.elf.size'
' '
22:03:48 **** Incremental Build of configuration Debug for project team_LDPCD ****
make pre-build main-build 
a9-linaro-pre-build-step
' '
make: `main-build'를 위해 할 일이 없습니다
22:06:11 **** Clean-only build of configuration Debug for project team_LDPCD ****
make clean 
rm -rf  ./src/benchmarking.o ./src/main.o  ./src/benchmarking.d ./src/main.d  team_LDPCD.elf.size  team_LDPCD.elf
' '
22:06:12 **** Auto Build of configuration Debug for project team_LDPCD ****
make pre-build main-build 
a9-linaro-pre-build-step
' '
'Building file: ../src/benchmarking.c'
'Invoking: ARM v7 gcc compiler'
arm-none-eabi-gcc -Wall -O3 -g3 -c -fmessage-length=0 -MT"src/benchmarking.o" -mcpu=cortex-a9 -mfpu=neon -mfloat-abi=hard -I../../team_LDPCD_bsp/ps7_cortexa9_0/include -MMD -MP -MF"src/benchmarking.d" -MT"src/benchmarking.o" -o "src/benchmarking.o" "../src/benchmarking.c"
In file included from ../src/benchmarking.h:43:0,
                 from ../src/benchmarking.c:39:
../src/LDPC.h:35:0: warning: "TRUE" redefined
 #define TRUE 1
 
In file included from ../../team_LDPCD_bsp/ps7_cortexa9_0/include/xtime_l.h:64:0,
                 from ../src/benchmarking.c:37:
../../team_LDPCD_bsp/ps7_cortexa9_0/include/xil_types.h:65:0: note: this is the location of the previous definition
 #  define TRUE  1U
 
In file included from ../src/benchmarking.h:43:0,
                 from ../src/benchmarking.c:39:
../src/LDPC.h:36:0: warning: "FALSE" redefined
 #define FALSE 0
 
In file included from ../../team_LDPCD_bsp/ps7_cortexa9_0/include/xtime_l.h:64:0,
                 from ../src/benchmarking.c:37:
../../team_LDPCD_bsp/ps7_cortexa9_0/include/xil_types.h:69:0: note: this is the location of the previous definition
 #  define FALSE  0U
 
../src/benchmarking.c: In function 'run_benchmark_single':
../src/benchmarking.c:94:34: warning: passing argument 1 of 'pBenchmarkcase->initializor' from incompatible pointer type [-Wincompatible-pointer-types]
      pBenchmarkcase->initializor(pBenchmarkcase->uiParam[0], pBenchmarkcase->uiParam[1]);
                                  ^~~~~~~~~~~~~~
../src/benchmarking.c:94:34: note: expected 'float (*)[648]' but argument is of type 'float *'
../src/benchmarking.c:94:62: warning: passing argument 2 of 'pBenchmarkcase->initializor' from incompatible pointer type [-Wincompatible-pointer-types]
      pBenchmarkcase->initializor(pBenchmarkcase->uiParam[0], pBenchmarkcase->uiParam[1]);
                                                              ^~~~~~~~~~~~~~
../src/benchmarking.c:94:62: note: expected 'float **' but argument is of type 'float *'
../src/benchmarking.c:101:59: warning: passing argument 1 of 'pBenchmarkcase->benchmarker' from incompatible pointer type [-Wincompatible-pointer-types]
   pBenchmarkcase->uiRetCode = pBenchmarkcase->benchmarker(pBenchmarkcase->uiParam[0], pBenchmarkcase->uiParam[1]);
                                                           ^~~~~~~~~~~~~~
../src/benchmarking.c:101:59: note: expected 'float (*)[648]' but argument is of type 'float *'
../src/benchmarking.c:101:87: warning: passing argument 2 of 'pBenchmarkcase->benchmarker' from incompatible pointer type [-Wincompatible-pointer-types]
   pBenchmarkcase->uiRetCode = pBenchmarkcase->benchmarker(pBenchmarkcase->uiParam[0], pBenchmarkcase->uiParam[1]);
                                                                                       ^~~~~~~~~~~~~~
../src/benchmarking.c:101:87: note: expected 'float **' but argument is of type 'float *'
../src/benchmarking.c:107:42: warning: passing argument 1 of 'pBenchmarkcase->validator' from incompatible pointer type [-Wincompatible-pointer-types]
   uiSuccess += pBenchmarkcase->validator(pBenchmarkcase->uiParam[0], pBenchmarkcase->uiParam[1]);
                                          ^~~~~~~~~~~~~~
../src/benchmarking.c:107:42: note: expected 'float (*)[648]' but argument is of type 'float *'
../src/benchmarking.c:107:70: warning: passing argument 2 of 'pBenchmarkcase->validator' from incompatible pointer type [-Wincompatible-pointer-types]
   uiSuccess += pBenchmarkcase->validator(pBenchmarkcase->uiParam[0], pBenchmarkcase->uiParam[1]);
                                                                      ^~~~~~~~~~~~~~
../src/benchmarking.c:107:70: note: expected 'float **' but argument is of type 'float *'
'Finished building: ../src/benchmarking.c'
' '
'Building file: ../src/main.c'
'Invoking: ARM v7 gcc compiler'
arm-none-eabi-gcc -Wall -O3 -g3 -c -fmessage-length=0 -MT"src/main.o" -mcpu=cortex-a9 -mfpu=neon -mfloat-abi=hard -I../../team_LDPCD_bsp/ps7_cortexa9_0/include -MMD -MP -MF"src/main.d" -MT"src/main.o" -o "src/main.o" "../src/main.c"
../src/main.c:7:23: fatal error: parameter.h: No such file or directory
 #include "parameter.h"
                       ^
compilation terminated.
make: *** [src/main.o] 오류 1
22:06:17 **** Clean-only build of configuration Debug for project team_LDPCD ****
make clean 
rm -rf  ./src/benchmarking.o ./src/main.o  ./src/benchmarking.d ./src/main.d  team_LDPCD.elf.size  team_LDPCD.elf
' '
22:06:18 **** Auto Build of configuration Debug for project team_LDPCD ****
make pre-build main-build 
a9-linaro-pre-build-step
' '
'Building file: ../src/benchmarking.c'
'Invoking: ARM v7 gcc compiler'
arm-none-eabi-gcc -Wall -O3 -g3 -c -fmessage-length=0 -MT"src/benchmarking.o" -mcpu=cortex-a9 -mfpu=neon -mfloat-abi=hard -I../../team_LDPCD_bsp/ps7_cortexa9_0/include -MMD -MP -MF"src/benchmarking.d" -MT"src/benchmarking.o" -o "src/benchmarking.o" "../src/benchmarking.c"
In file included from ../src/benchmarking.h:43:0,
                 from ../src/benchmarking.c:39:
../src/LDPC.h:35:0: warning: "TRUE" redefined
 #define TRUE 1
 
In file included from ../../team_LDPCD_bsp/ps7_cortexa9_0/include/xtime_l.h:64:0,
                 from ../src/benchmarking.c:37:
../../team_LDPCD_bsp/ps7_cortexa9_0/include/xil_types.h:65:0: note: this is the location of the previous definition
 #  define TRUE  1U
 
In file included from ../src/benchmarking.h:43:0,
                 from ../src/benchmarking.c:39:
../src/LDPC.h:36:0: warning: "FALSE" redefined
 #define FALSE 0
 
In file included from ../../team_LDPCD_bsp/ps7_cortexa9_0/include/xtime_l.h:64:0,
                 from ../src/benchmarking.c:37:
../../team_LDPCD_bsp/ps7_cortexa9_0/include/xil_types.h:69:0: note: this is the location of the previous definition
 #  define FALSE  0U
 
../src/benchmarking.c: In function 'run_benchmark_single':
../src/benchmarking.c:94:34: warning: passing argument 1 of 'pBenchmarkcase->initializor' from incompatible pointer type [-Wincompatible-pointer-types]
      pBenchmarkcase->initializor(pBenchmarkcase->uiParam[0], pBenchmarkcase->uiParam[1]);
                                  ^~~~~~~~~~~~~~
../src/benchmarking.c:94:34: note: expected 'float (*)[648]' but argument is of type 'float *'
../src/benchmarking.c:94:62: warning: passing argument 2 of 'pBenchmarkcase->initializor' from incompatible pointer type [-Wincompatible-pointer-types]
      pBenchmarkcase->initializor(pBenchmarkcase->uiParam[0], pBenchmarkcase->uiParam[1]);
                                                              ^~~~~~~~~~~~~~
../src/benchmarking.c:94:62: note: expected 'float **' but argument is of type 'float *'
../src/benchmarking.c:101:59: warning: passing argument 1 of 'pBenchmarkcase->benchmarker' from incompatible pointer type [-Wincompatible-pointer-types]
   pBenchmarkcase->uiRetCode = pBenchmarkcase->benchmarker(pBenchmarkcase->uiParam[0], pBenchmarkcase->uiParam[1]);
                                                           ^~~~~~~~~~~~~~
../src/benchmarking.c:101:59: note: expected 'float (*)[648]' but argument is of type 'float *'
../src/benchmarking.c:101:87: warning: passing argument 2 of 'pBenchmarkcase->benchmarker' from incompatible pointer type [-Wincompatible-pointer-types]
   pBenchmarkcase->uiRetCode = pBenchmarkcase->benchmarker(pBenchmarkcase->uiParam[0], pBenchmarkcase->uiParam[1]);
                                                                                       ^~~~~~~~~~~~~~
../src/benchmarking.c:101:87: note: expected 'float **' but argument is of type 'float *'
../src/benchmarking.c:107:42: warning: passing argument 1 of 'pBenchmarkcase->validator' from incompatible pointer type [-Wincompatible-pointer-types]
   uiSuccess += pBenchmarkcase->validator(pBenchmarkcase->uiParam[0], pBenchmarkcase->uiParam[1]);
                                          ^~~~~~~~~~~~~~
../src/benchmarking.c:107:42: note: expected 'float (*)[648]' but argument is of type 'float *'
../src/benchmarking.c:107:70: warning: passing argument 2 of 'pBenchmarkcase->validator' from incompatible pointer type [-Wincompatible-pointer-types]
   uiSuccess += pBenchmarkcase->validator(pBenchmarkcase->uiParam[0], pBenchmarkcase->uiParam[1]);
                                                                      ^~~~~~~~~~~~~~
../src/benchmarking.c:107:70: note: expected 'float **' but argument is of type 'float *'
'Finished building: ../src/benchmarking.c'
' '
'Building file: ../src/main.c'
'Invoking: ARM v7 gcc compiler'
arm-none-eabi-gcc -Wall -O3 -g3 -c -fmessage-length=0 -MT"src/main.o" -mcpu=cortex-a9 -mfpu=neon -mfloat-abi=hard -I../../team_LDPCD_bsp/ps7_cortexa9_0/include -MMD -MP -MF"src/main.d" -MT"src/main.o" -o "src/main.o" "../src/main.c"
../src/main.c:7:23: fatal error: parameter.h: No such file or directory
 #include "parameter.h"
                       ^
compilation terminated.
make: *** [src/main.o] 오류 1
22:07:05 **** Auto Build of configuration Debug for project team_LDPCD ****
make pre-build main-build 
a9-linaro-pre-build-step
' '
'Building file: ../src/main.c'
'Invoking: ARM v7 gcc compiler'
arm-none-eabi-gcc -Wall -O3 -g3 -c -fmessage-length=0 -MT"src/main.o" -mcpu=cortex-a9 -mfpu=neon -mfloat-abi=hard -I../../team_LDPCD_bsp/ps7_cortexa9_0/include -MMD -MP -MF"src/main.d" -MT"src/main.o" -o "src/main.o" "../src/main.c"
In file included from ../src/benchmarking.h:43:0,
                 from ../src/main.c:12:
../src/LDPC.h:35:0: warning: "TRUE" redefined
 #define TRUE 1
 
In file included from ../../team_LDPCD_bsp/ps7_cortexa9_0/include/xtime_l.h:64:0,
                 from ../src/main.c:8:
../../team_LDPCD_bsp/ps7_cortexa9_0/include/xil_types.h:65:0: note: this is the location of the previous definition
 #  define TRUE  1U
 
In file included from ../src/benchmarking.h:43:0,
                 from ../src/main.c:12:
../src/LDPC.h:36:0: warning: "FALSE" redefined
 #define FALSE 0
 
In file included from ../../team_LDPCD_bsp/ps7_cortexa9_0/include/xtime_l.h:64:0,
                 from ../src/main.c:8:
../../team_LDPCD_bsp/ps7_cortexa9_0/include/xil_types.h:69:0: note: this is the location of the previous definition
 #  define FALSE  0U
 
../src/main.c: In function 'main':
../src/main.c:358:54: warning: initialization from incompatible pointer type [-Wincompatible-pointer-types]
   {"LDPC Reference", TEST_ROUNDS, initializor_dummy, ldpcd_ref,
                                                      ^~~~~~~~~
../src/main.c:358:54: note: (near initialization for 'BenchmarkCases[0].benchmarker')
../src/main.c:359:5: warning: initialization from incompatible pointer type [-Wincompatible-pointer-types]
    {NLLR, out_ldpcd_ref},
     ^~~~
../src/main.c:359:5: note: (near initialization for 'BenchmarkCases[0].uiParam[0]')
../src/main.c:359:11: warning: initialization from incompatible pointer type [-Wincompatible-pointer-types]
    {NLLR, out_ldpcd_ref},
           ^~~~~~~~~~~~~
../src/main.c:359:11: note: (near initialization for 'BenchmarkCases[0].uiParam[1]')
../src/main.c:362:57: warning: initialization from incompatible pointer type [-Wincompatible-pointer-types]
   {"LDPC Optimization", TEST_ROUNDS, initializor_dummy, ldpcd_opt,
                                                         ^~~~~~~~~
../src/main.c:362:57: note: (near initialization for 'BenchmarkCases[1].benchmarker')
../src/main.c:363:5: warning: initialization from incompatible pointer type [-Wincompatible-pointer-types]
    {NLLR, out_ldpcd_opt},
     ^~~~
../src/main.c:363:5: note: (near initialization for 'BenchmarkCases[1].uiParam[0]')
../src/main.c:363:11: warning: initialization from incompatible pointer type [-Wincompatible-pointer-types]
    {NLLR, out_ldpcd_opt},
           ^~~~~~~~~~~~~
../src/main.c:363:11: note: (near initialization for 'BenchmarkCases[1].uiParam[1]')
../src/main.c:368:2: warning: implicit declaration of function 'Xil_L1DCacheEnable' [-Wimplicit-function-declaration]
  Xil_L1DCacheEnable();
  ^~~~~~~~~~~~~~~~~~
../src/main.c:369:2: warning: implicit declaration of function 'Xil_L2CacheDisable' [-Wimplicit-function-declaration]
  Xil_L2CacheDisable();
  ^~~~~~~~~~~~~~~~~~
../src/main.c:370:2: warning: implicit declaration of function 'Xil_L1ICacheEnable' [-Wimplicit-function-declaration]
  Xil_L1ICacheEnable();
  ^~~~~~~~~~~~~~~~~~
'Finished building: ../src/main.c'
' '
'Building target: team_LDPCD.elf'
'Invoking: ARM v7 gcc linker'
arm-none-eabi-gcc -mcpu=cortex-a9 -mfpu=vfpv3 -mfloat-abi=hard -Wl,-build-id=none -specs=Xilinx.spec -Wl,-T -Wl,../src/lscript.ld -L../../team_LDPCD_bsp/ps7_cortexa9_0/lib -o "team_LDPCD.elf"  ./src/benchmarking.o ./src/main.o   -lm -Wl,--start-group,-lxil,-lgcc,-lc,--end-group
'Finished building target: team_LDPCD.elf'
' '
'Invoking: ARM v7 Print Size'
arm-none-eabi-size team_LDPCD.elf  |tee "team_LDPCD.elf.size"
   text	   data	    bss	    dec	    hex	filename
  84832	1682204	115350304	117117340	6fb119c	team_LDPCD.elf
'Finished building: team_LDPCD.elf.size'
' '
22:07:30 **** Incremental Build of configuration Debug for project team_LDPCD ****
make pre-build main-build 
a9-linaro-pre-build-step
' '
make: `main-build'를 위해 할 일이 없습니다
22:52:48 **** Incremental Build of configuration Debug for project team_LDPCD ****
make pre-build main-build 
a9-linaro-pre-build-step
' '
'Building file: ../src/main.c'
'Invoking: ARM v7 gcc compiler'
arm-none-eabi-gcc -Wall -O3 -g3 -c -fmessage-length=0 -MT"src/main.o" -mcpu=cortex-a9 -mfpu=neon -mfloat-abi=hard -I../../team_LDPCD_bsp/ps7_cortexa9_0/include -MMD -MP -MF"src/main.d" -MT"src/main.o" -o "src/main.o" "../src/main.c"
In file included from ../src/benchmarking.h:43:0,
                 from ../src/main.c:12:
../src/LDPC.h:35:0: warning: "TRUE" redefined
 #define TRUE 1
 
In file included from ../../team_LDPCD_bsp/ps7_cortexa9_0/include/xtime_l.h:64:0,
                 from ../src/main.c:8:
../../team_LDPCD_bsp/ps7_cortexa9_0/include/xil_types.h:65:0: note: this is the location of the previous definition
 #  define TRUE  1U
 
In file included from ../src/benchmarking.h:43:0,
                 from ../src/main.c:12:
../src/LDPC.h:36:0: warning: "FALSE" redefined
 #define FALSE 0
 
In file included from ../../team_LDPCD_bsp/ps7_cortexa9_0/include/xtime_l.h:64:0,
                 from ../src/main.c:8:
../../team_LDPCD_bsp/ps7_cortexa9_0/include/xil_types.h:69:0: note: this is the location of the previous definition
 #  define FALSE  0U
 
../src/main.c: In function 'main':
../src/main.c:357:54: warning: initialization from incompatible pointer type [-Wincompatible-pointer-types]
   {"LDPC Reference", TEST_ROUNDS, initializor_dummy, ldpcd_ref,
                                                      ^~~~~~~~~
../src/main.c:357:54: note: (near initialization for 'BenchmarkCases[0].benchmarker')
../src/main.c:358:5: warning: initialization from incompatible pointer type [-Wincompatible-pointer-types]
    {NLLR, out_ldpcd_ref},
     ^~~~
../src/main.c:358:5: note: (near initialization for 'BenchmarkCases[0].uiParam[0]')
../src/main.c:358:11: warning: initialization from incompatible pointer type [-Wincompatible-pointer-types]
    {NLLR, out_ldpcd_ref},
           ^~~~~~~~~~~~~
../src/main.c:358:11: note: (near initialization for 'BenchmarkCases[0].uiParam[1]')
../src/main.c:361:57: warning: initialization from incompatible pointer type [-Wincompatible-pointer-types]
   {"LDPC Optimization", TEST_ROUNDS, initializor_dummy, ldpcd_opt,
                                                         ^~~~~~~~~
../src/main.c:361:57: note: (near initialization for 'BenchmarkCases[1].benchmarker')
../src/main.c:362:5: warning: initialization from incompatible pointer type [-Wincompatible-pointer-types]
    {NLLR, out_ldpcd_opt},
     ^~~~
../src/main.c:362:5: note: (near initialization for 'BenchmarkCases[1].uiParam[0]')
../src/main.c:362:11: warning: initialization from incompatible pointer type [-Wincompatible-pointer-types]
    {NLLR, out_ldpcd_opt},
           ^~~~~~~~~~~~~
../src/main.c:362:11: note: (near initialization for 'BenchmarkCases[1].uiParam[1]')
../src/main.c:367:2: warning: implicit declaration of function 'Xil_L1DCacheEnable' [-Wimplicit-function-declaration]
  Xil_L1DCacheEnable();
  ^~~~~~~~~~~~~~~~~~
../src/main.c:368:2: warning: implicit declaration of function 'Xil_L2CacheDisable' [-Wimplicit-function-declaration]
  Xil_L2CacheDisable();
  ^~~~~~~~~~~~~~~~~~
../src/main.c:369:2: warning: implicit declaration of function 'Xil_L1ICacheEnable' [-Wimplicit-function-declaration]
  Xil_L1ICacheEnable();
  ^~~~~~~~~~~~~~~~~~
'Finished building: ../src/main.c'
' '
'Building target: team_LDPCD.elf'
'Invoking: ARM v7 gcc linker'
arm-none-eabi-gcc -mcpu=cortex-a9 -mfpu=vfpv3 -mfloat-abi=hard -Wl,-build-id=none -specs=Xilinx.spec -Wl,-T -Wl,../src/lscript.ld -L../../team_LDPCD_bsp/ps7_cortexa9_0/lib -o "team_LDPCD.elf"  ./src/benchmarking.o ./src/main.o   -lm -Wl,--start-group,-lxil,-lgcc,-lc,--end-group
'Finished building target: team_LDPCD.elf'
' '
'Invoking: ARM v7 Print Size'
arm-none-eabi-size team_LDPCD.elf  |tee "team_LDPCD.elf.size"
   text	   data	    bss	    dec	    hex	filename
  84832	1682204	115350304	117117340	6fb119c	team_LDPCD.elf
'Finished building: team_LDPCD.elf.size'
' '
