12:06:21 **** Build of project team_QRD_bsp ****
make -k all 
"Running Make include in ps7_cortexa9_0/libsrc/coresightps_dcc_v1_4/src"
make -C ps7_cortexa9_0/libsrc/coresightps_dcc_v1_4/src -s include  "SHELL=CMD" "COMPILER=arm-none-eabi-gcc" "ARCHIVER=arm-none-eabi-ar" "COMPILER_FLAGS=  -O2 -c" "EXTRA_COMPILER_FLAGS=-mcpu=cortex-a9 -mfpu=vfpv3 -mfloat-abi=hard -nostartfiles -Wall -Wextra"
"Running Make include in ps7_cortexa9_0/libsrc/cpu_cortexa9_v2_5/src"
make -C ps7_cortexa9_0/libsrc/cpu_cortexa9_v2_5/src -s include  "SHELL=CMD" "COMPILER=arm-none-eabi-gcc" "ARCHIVER=arm-none-eabi-ar" "COMPILER_FLAGS=  -O2 -c" "EXTRA_COMPILER_FLAGS=-mcpu=cortex-a9 -mfpu=vfpv3 -mfloat-abi=hard -nostartfiles -Wall -Wextra"
"Running Make include in ps7_cortexa9_0/libsrc/ddrps_v1_0/src"
make -C ps7_cortexa9_0/libsrc/ddrps_v1_0/src -s include  "SHELL=CMD" "COMPILER=arm-none-eabi-gcc" "ARCHIVER=arm-none-eabi-ar" "COMPILER_FLAGS=  -O2 -c" "EXTRA_COMPILER_FLAGS=-mcpu=cortex-a9 -mfpu=vfpv3 -mfloat-abi=hard -nostartfiles -Wall -Wextra"
"Running Make include in ps7_cortexa9_0/libsrc/devcfg_v3_5/src"
make -C ps7_cortexa9_0/libsrc/devcfg_v3_5/src -s include  "SHELL=CMD" "COMPILER=arm-none-eabi-gcc" "ARCHIVER=arm-none-eabi-ar" "COMPILER_FLAGS=  -O2 -c" "EXTRA_COMPILER_FLAGS=-mcpu=cortex-a9 -mfpu=vfpv3 -mfloat-abi=hard -nostartfiles -Wall -Wextra"
"Running Make include in ps7_cortexa9_0/libsrc/dmaps_v2_3/src"
make -C ps7_cortexa9_0/libsrc/dmaps_v2_3/src -s include  "SHELL=CMD" "COMPILER=arm-none-eabi-gcc" "ARCHIVER=arm-none-eabi-ar" "COMPILER_FLAGS=  -O2 -c" "EXTRA_COMPILER_FLAGS=-mcpu=cortex-a9 -mfpu=vfpv3 -mfloat-abi=hard -nostartfiles -Wall -Wextra"
"Running Make include in ps7_cortexa9_0/libsrc/emacps_v3_6/src"
make -C ps7_cortexa9_0/libsrc/emacps_v3_6/src -s include  "SHELL=CMD" "COMPILER=arm-none-eabi-gcc" "ARCHIVER=arm-none-eabi-ar" "COMPILER_FLAGS=  -O2 -c" "EXTRA_COMPILER_FLAGS=-mcpu=cortex-a9 -mfpu=vfpv3 -mfloat-abi=hard -nostartfiles -Wall -Wextra"
"Running Make include in ps7_cortexa9_0/libsrc/gpiops_v3_3/src"
make -C ps7_cortexa9_0/libsrc/gpiops_v3_3/src -s include  "SHELL=CMD" "COMPILER=arm-none-eabi-gcc" "ARCHIVER=arm-none-eabi-ar" "COMPILER_FLAGS=  -O2 -c" "EXTRA_COMPILER_FLAGS=-mcpu=cortex-a9 -mfpu=vfpv3 -mfloat-abi=hard -nostartfiles -Wall -Wextra"
"Running Make include in ps7_cortexa9_0/libsrc/qspips_v3_4/src"
make -C ps7_cortexa9_0/libsrc/qspips_v3_4/src -s include  "SHELL=CMD" "COMPILER=arm-none-eabi-gcc" "ARCHIVER=arm-none-eabi-ar" "COMPILER_FLAGS=  -O2 -c" "EXTRA_COMPILER_FLAGS=-mcpu=cortex-a9 -mfpu=vfpv3 -mfloat-abi=hard -nostartfiles -Wall -Wextra"
"Running Make include in ps7_cortexa9_0/libsrc/scugic_v3_8/src"
make -C ps7_cortexa9_0/libsrc/scugic_v3_8/src -s include  "SHELL=CMD" "COMPILER=arm-none-eabi-gcc" "ARCHIVER=arm-none-eabi-ar" "COMPILER_FLAGS=  -O2 -c" "EXTRA_COMPILER_FLAGS=-mcpu=cortex-a9 -mfpu=vfpv3 -mfloat-abi=hard -nostartfiles -Wall -Wextra"
"Running Make include in ps7_cortexa9_0/libsrc/scutimer_v2_1/src"
make -C ps7_cortexa9_0/libsrc/scutimer_v2_1/src -s include  "SHELL=CMD" "COMPILER=arm-none-eabi-gcc" "ARCHIVER=arm-none-eabi-ar" "COMPILER_FLAGS=  -O2 -c" "EXTRA_COMPILER_FLAGS=-mcpu=cortex-a9 -mfpu=vfpv3 -mfloat-abi=hard -nostartfiles -Wall -Wextra"
"Running Make include in ps7_cortexa9_0/libsrc/scuwdt_v2_1/src"
make -C ps7_cortexa9_0/libsrc/scuwdt_v2_1/src -s include  "SHELL=CMD" "COMPILER=arm-none-eabi-gcc" "ARCHIVER=arm-none-eabi-ar" "COMPILER_FLAGS=  -O2 -c" "EXTRA_COMPILER_FLAGS=-mcpu=cortex-a9 -mfpu=vfpv3 -mfloat-abi=hard -nostartfiles -Wall -Wextra"
"Running Make include in ps7_cortexa9_0/libsrc/sdps_v3_3/src"
make -C ps7_cortexa9_0/libsrc/sdps_v3_3/src -s include  "SHELL=CMD" "COMPILER=arm-none-eabi-gcc" "ARCHIVER=arm-none-eabi-ar" "COMPILER_FLAGS=  -O2 -c" "EXTRA_COMPILER_FLAGS=-mcpu=cortex-a9 -mfpu=vfpv3 -mfloat-abi=hard -nostartfiles -Wall -Wextra"
"Running Make include in ps7_cortexa9_0/libsrc/standalone_v6_5/src"
make -C ps7_cortexa9_0/libsrc/standalone_v6_5/src -s include  "SHELL=CMD" "COMPILER=arm-none-eabi-gcc" "ARCHIVER=arm-none-eabi-ar" "COMPILER_FLAGS=  -O2 -c" "EXTRA_COMPILER_FLAGS=-mcpu=cortex-a9 -mfpu=vfpv3 -mfloat-abi=hard -nostartfiles -Wall -Wextra"
"Running Make include in ps7_cortexa9_0/libsrc/uartps_v3_5/src"
make -C ps7_cortexa9_0/libsrc/uartps_v3_5/src -s include  "SHELL=CMD" "COMPILER=arm-none-eabi-gcc" "ARCHIVER=arm-none-eabi-ar" "COMPILER_FLAGS=  -O2 -c" "EXTRA_COMPILER_FLAGS=-mcpu=cortex-a9 -mfpu=vfpv3 -mfloat-abi=hard -nostartfiles -Wall -Wextra"
"Running Make include in ps7_cortexa9_0/libsrc/usbps_v2_4/src"
make -C ps7_cortexa9_0/libsrc/usbps_v2_4/src -s include  "SHELL=CMD" "COMPILER=arm-none-eabi-gcc" "ARCHIVER=arm-none-eabi-ar" "COMPILER_FLAGS=  -O2 -c" "EXTRA_COMPILER_FLAGS=-mcpu=cortex-a9 -mfpu=vfpv3 -mfloat-abi=hard -nostartfiles -Wall -Wextra"
"Running Make include in ps7_cortexa9_0/libsrc/xadcps_v2_2/src"
make -C ps7_cortexa9_0/libsrc/xadcps_v2_2/src -s include  "SHELL=CMD" "COMPILER=arm-none-eabi-gcc" "ARCHIVER=arm-none-eabi-ar" "COMPILER_FLAGS=  -O2 -c" "EXTRA_COMPILER_FLAGS=-mcpu=cortex-a9 -mfpu=vfpv3 -mfloat-abi=hard -nostartfiles -Wall -Wextra"
"Running Make libs in ps7_cortexa9_0/libsrc/coresightps_dcc_v1_4/src"
make -C ps7_cortexa9_0/libsrc/coresightps_dcc_v1_4/src -s libs  "SHELL=CMD" "COMPILER=arm-none-eabi-gcc" "ARCHIVER=arm-none-eabi-ar" "COMPILER_FLAGS=  -O2 -c" "EXTRA_COMPILER_FLAGS=-mcpu=cortex-a9 -mfpu=vfpv3 -mfloat-abi=hard -nostartfiles -Wall -Wextra"
"Compiling coresightps_dcc"
arm-none-eabi-ar: creating ../../../lib/libxil.a
"Running Make libs in ps7_cortexa9_0/libsrc/cpu_cortexa9_v2_5/src"
make -C ps7_cortexa9_0/libsrc/cpu_cortexa9_v2_5/src -s libs  "SHELL=CMD" "COMPILER=arm-none-eabi-gcc" "ARCHIVER=arm-none-eabi-ar" "COMPILER_FLAGS=  -O2 -c" "EXTRA_COMPILER_FLAGS=-mcpu=cortex-a9 -mfpu=vfpv3 -mfloat-abi=hard -nostartfiles -Wall -Wextra"
"Compiling cpu_cortexa9"
"Running Make libs in ps7_cortexa9_0/libsrc/ddrps_v1_0/src"
make -C ps7_cortexa9_0/libsrc/ddrps_v1_0/src -s libs  "SHELL=CMD" "COMPILER=arm-none-eabi-gcc" "ARCHIVER=arm-none-eabi-ar" "COMPILER_FLAGS=  -O2 -c" "EXTRA_COMPILER_FLAGS=-mcpu=cortex-a9 -mfpu=vfpv3 -mfloat-abi=hard -nostartfiles -Wall -Wextra"
"Compiling ddrps"
"Running Make libs in ps7_cortexa9_0/libsrc/devcfg_v3_5/src"
make -C ps7_cortexa9_0/libsrc/devcfg_v3_5/src -s libs  "SHELL=CMD" "COMPILER=arm-none-eabi-gcc" "ARCHIVER=arm-none-eabi-ar" "COMPILER_FLAGS=  -O2 -c" "EXTRA_COMPILER_FLAGS=-mcpu=cortex-a9 -mfpu=vfpv3 -mfloat-abi=hard -nostartfiles -Wall -Wextra"
"Compiling devcfg"
"Running Make libs in ps7_cortexa9_0/libsrc/dmaps_v2_3/src"
make -C ps7_cortexa9_0/libsrc/dmaps_v2_3/src -s libs  "SHELL=CMD" "COMPILER=arm-none-eabi-gcc" "ARCHIVER=arm-none-eabi-ar" "COMPILER_FLAGS=  -O2 -c" "EXTRA_COMPILER_FLAGS=-mcpu=cortex-a9 -mfpu=vfpv3 -mfloat-abi=hard -nostartfiles -Wall -Wextra"
"Compiling dmaps"
"Running Make libs in ps7_cortexa9_0/libsrc/emacps_v3_6/src"
make -C ps7_cortexa9_0/libsrc/emacps_v3_6/src -s libs  "SHELL=CMD" "COMPILER=arm-none-eabi-gcc" "ARCHIVER=arm-none-eabi-ar" "COMPILER_FLAGS=  -O2 -c" "EXTRA_COMPILER_FLAGS=-mcpu=cortex-a9 -mfpu=vfpv3 -mfloat-abi=hard -nostartfiles -Wall -Wextra"
"Compiling emacps"
"Running Make libs in ps7_cortexa9_0/libsrc/gpiops_v3_3/src"
make -C ps7_cortexa9_0/libsrc/gpiops_v3_3/src -s libs  "SHELL=CMD" "COMPILER=arm-none-eabi-gcc" "ARCHIVER=arm-none-eabi-ar" "COMPILER_FLAGS=  -O2 -c" "EXTRA_COMPILER_FLAGS=-mcpu=cortex-a9 -mfpu=vfpv3 -mfloat-abi=hard -nostartfiles -Wall -Wextra"
"Compiling gpiops"
"Running Make libs in ps7_cortexa9_0/libsrc/qspips_v3_4/src"
make -C ps7_cortexa9_0/libsrc/qspips_v3_4/src -s libs  "SHELL=CMD" "COMPILER=arm-none-eabi-gcc" "ARCHIVER=arm-none-eabi-ar" "COMPILER_FLAGS=  -O2 -c" "EXTRA_COMPILER_FLAGS=-mcpu=cortex-a9 -mfpu=vfpv3 -mfloat-abi=hard -nostartfiles -Wall -Wextra"
"Compiling qspips"
"Running Make libs in ps7_cortexa9_0/libsrc/scugic_v3_8/src"
make -C ps7_cortexa9_0/libsrc/scugic_v3_8/src -s libs  "SHELL=CMD" "COMPILER=arm-none-eabi-gcc" "ARCHIVER=arm-none-eabi-ar" "COMPILER_FLAGS=  -O2 -c" "EXTRA_COMPILER_FLAGS=-mcpu=cortex-a9 -mfpu=vfpv3 -mfloat-abi=hard -nostartfiles -Wall -Wextra"
"Compiling scugic"
"Running Make libs in ps7_cortexa9_0/libsrc/scutimer_v2_1/src"
make -C ps7_cortexa9_0/libsrc/scutimer_v2_1/src -s libs  "SHELL=CMD" "COMPILER=arm-none-eabi-gcc" "ARCHIVER=arm-none-eabi-ar" "COMPILER_FLAGS=  -O2 -c" "EXTRA_COMPILER_FLAGS=-mcpu=cortex-a9 -mfpu=vfpv3 -mfloat-abi=hard -nostartfiles -Wall -Wextra"
"Compiling scutimer"
"Running Make libs in ps7_cortexa9_0/libsrc/scuwdt_v2_1/src"
make -C ps7_cortexa9_0/libsrc/scuwdt_v2_1/src -s libs  "SHELL=CMD" "COMPILER=arm-none-eabi-gcc" "ARCHIVER=arm-none-eabi-ar" "COMPILER_FLAGS=  -O2 -c" "EXTRA_COMPILER_FLAGS=-mcpu=cortex-a9 -mfpu=vfpv3 -mfloat-abi=hard -nostartfiles -Wall -Wextra"
"Compiling scuwdt"
"Running Make libs in ps7_cortexa9_0/libsrc/sdps_v3_3/src"
make -C ps7_cortexa9_0/libsrc/sdps_v3_3/src -s libs  "SHELL=CMD" "COMPILER=arm-none-eabi-gcc" "ARCHIVER=arm-none-eabi-ar" "COMPILER_FLAGS=  -O2 -c" "EXTRA_COMPILER_FLAGS=-mcpu=cortex-a9 -mfpu=vfpv3 -mfloat-abi=hard -nostartfiles -Wall -Wextra"
"Compiling sdps"
"Running Make libs in ps7_cortexa9_0/libsrc/standalone_v6_5/src"
make -C ps7_cortexa9_0/libsrc/standalone_v6_5/src -s libs  "SHELL=CMD" "COMPILER=arm-none-eabi-gcc" "ARCHIVER=arm-none-eabi-ar" "COMPILER_FLAGS=  -O2 -c" "EXTRA_COMPILER_FLAGS=-mcpu=cortex-a9 -mfpu=vfpv3 -mfloat-abi=hard -nostartfiles -Wall -Wextra"
"Compiling standalone"
"Running Make libs in ps7_cortexa9_0/libsrc/uartps_v3_5/src"
make -C ps7_cortexa9_0/libsrc/uartps_v3_5/src -s libs  "SHELL=CMD" "COMPILER=arm-none-eabi-gcc" "ARCHIVER=arm-none-eabi-ar" "COMPILER_FLAGS=  -O2 -c" "EXTRA_COMPILER_FLAGS=-mcpu=cortex-a9 -mfpu=vfpv3 -mfloat-abi=hard -nostartfiles -Wall -Wextra"
"Compiling uartps"
"Running Make libs in ps7_cortexa9_0/libsrc/usbps_v2_4/src"
make -C ps7_cortexa9_0/libsrc/usbps_v2_4/src -s libs  "SHELL=CMD" "COMPILER=arm-none-eabi-gcc" "ARCHIVER=arm-none-eabi-ar" "COMPILER_FLAGS=  -O2 -c" "EXTRA_COMPILER_FLAGS=-mcpu=cortex-a9 -mfpu=vfpv3 -mfloat-abi=hard -nostartfiles -Wall -Wextra"
"Compiling usbps"
"Running Make libs in ps7_cortexa9_0/libsrc/xadcps_v2_2/src"
make -C ps7_cortexa9_0/libsrc/xadcps_v2_2/src -s libs  "SHELL=CMD" "COMPILER=arm-none-eabi-gcc" "ARCHIVER=arm-none-eabi-ar" "COMPILER_FLAGS=  -O2 -c" "EXTRA_COMPILER_FLAGS=-mcpu=cortex-a9 -mfpu=vfpv3 -mfloat-abi=hard -nostartfiles -Wall -Wextra"
"Compiling xadcps"
'Finished building libraries'

**** Build of configuration Debug for project team_QRD ****

Nothing to build for project team_QRD
12:07:09 **** Auto Build of configuration Debug for project team_QRD ****
make pre-build main-build 
a9-linaro-pre-build-step
 
Building file: ../src/benchmarking.c
Invoking: ARM v7 gcc compiler
arm-none-eabi-gcc -Wall -O0 -g3 -c -fmessage-length=0 -MT"src/benchmarking.o" -mcpu=cortex-a9 -mfpu=vfpv3 -mfloat-abi=hard -I../../team_QRD_bsp/ps7_cortexa9_0/include -MMD -MP -MF"src/benchmarking.d" -MT"src/benchmarking.o" -o "src/benchmarking.o" "../src/benchmarking.c"
Finished building: ../src/benchmarking.c
 
Building target: team_QRD.elf
Invoking: ARM v7 gcc linker
arm-none-eabi-gcc -mcpu=cortex-a9 -mfpu=vfpv3 -mfloat-abi=hard -Wl,-build-id=none -specs=Xilinx.spec -Wl,-T -Wl,../src/lscript.ld -L../../team_QRD_bsp/ps7_cortexa9_0/lib -o "team_QRD.elf"  ./src/benchmarking.o   -Wl,--start-group,-lxil,-lgcc,-lc,--end-group
../../team_QRD_bsp/ps7_cortexa9_0/lib\libxil.a(xil-crt0.o): In function `_start':
xil-crt0.S:(.text+0x68): undefined reference to `main'
collect2.exe: error: ld returned 1 exit status
make: *** [team_QRD.elf] 오류 1
12:08:20 **** Auto Build of configuration Debug for project team_QRD ****
make pre-build main-build 
a9-linaro-pre-build-step
 
Building file: ../src/preliminary_QRD.c
Invoking: ARM v7 gcc compiler
arm-none-eabi-gcc -Wall -O0 -g3 -c -fmessage-length=0 -MT"src/preliminary_QRD.o" -mcpu=cortex-a9 -mfpu=vfpv3 -mfloat-abi=hard -I../../team_QRD_bsp/ps7_cortexa9_0/include -MMD -MP -MF"src/preliminary_QRD.d" -MT"src/preliminary_QRD.o" -o "src/preliminary_QRD.o" "../src/preliminary_QRD.c"
../src/preliminary_QRD.c: In function 'main':
../src/preliminary_QRD.c:272:53: warning: initialization from incompatible pointer type [-Wincompatible-pointer-types]
   {"QRD Reference", TEST_ROUNDS, initializor_dummy, qrd_ref,
                                                     ^~~~~~~
../src/preliminary_QRD.c:272:53: note: (near initialization for 'BenchmarkCases[0].benchmarker')
../src/preliminary_QRD.c:276:56: warning: initialization from incompatible pointer type [-Wincompatible-pointer-types]
   {"QRD Optimization", TEST_ROUNDS, initializor_dummy, qrd_opt,
                                                        ^~~~~~~
../src/preliminary_QRD.c:276:56: note: (near initialization for 'BenchmarkCases[1].benchmarker')
../src/preliminary_QRD.c:282:2: warning: implicit declaration of function 'Xil_L1DCacheEnable' [-Wimplicit-function-declaration]
  Xil_L1DCacheEnable();
  ^~~~~~~~~~~~~~~~~~
../src/preliminary_QRD.c:283:2: warning: implicit declaration of function 'Xil_L2CacheDisable' [-Wimplicit-function-declaration]
  Xil_L2CacheDisable();
  ^~~~~~~~~~~~~~~~~~
../src/preliminary_QRD.c:284:2: warning: implicit declaration of function 'Xil_L1ICacheEnable' [-Wimplicit-function-declaration]
  Xil_L1ICacheEnable();
  ^~~~~~~~~~~~~~~~~~
Finished building: ../src/preliminary_QRD.c
 
Building target: team_QRD.elf
Invoking: ARM v7 gcc linker
arm-none-eabi-gcc -mcpu=cortex-a9 -mfpu=vfpv3 -mfloat-abi=hard -Wl,-build-id=none -specs=Xilinx.spec -Wl,-T -Wl,../src/lscript.ld -L../../team_QRD_bsp/ps7_cortexa9_0/lib -o "team_QRD.elf"  ./src/benchmarking.o ./src/preliminary_QRD.o   -Wl,--start-group,-lxil,-lgcc,-lc,--end-group
./src/preliminary_QRD.o: In function `qrd_ref':
C:\LAB\team_QRD\team_QRD.sdk\team_QRD\Debug/../src/preliminary_QRD.c:60: undefined reference to `sqrt'
./src/preliminary_QRD.o: In function `main':
C:\LAB\team_QRD\team_QRD.sdk\team_QRD\Debug/../src/preliminary_QRD.c:260: undefined reference to `pow'
C:\LAB\team_QRD\team_QRD.sdk\team_QRD\Debug/../src/preliminary_QRD.c:260: undefined reference to `pow'
C:\LAB\team_QRD\team_QRD.sdk\team_QRD\Debug/../src/preliminary_QRD.c:261: undefined reference to `pow'
C:\LAB\team_QRD\team_QRD.sdk\team_QRD\Debug/../src/preliminary_QRD.c:261: undefined reference to `pow'
C:\LAB\team_QRD\team_QRD.sdk\team_QRD\Debug/../src/preliminary_QRD.c:263: undefined reference to `pow'
./src/preliminary_QRD.o:C:\LAB\team_QRD\team_QRD.sdk\team_QRD\Debug/../src/preliminary_QRD.c:263: more undefined references to `pow' follow
./src/preliminary_QRD.o: In function `main':
C:\LAB\team_QRD\team_QRD.sdk\team_QRD\Debug/../src/preliminary_QRD.c:267: undefined reference to `log10'
collect2.exe: error: ld returned 1 exit status
make: *** [team_QRD.elf] 오류 1
12:09:23 **** Clean-only build of configuration Debug for project team_QRD ****
make clean 
rm -rf  ./src/benchmarking.o ./src/preliminary_QRD.o  ./src/benchmarking.d ./src/preliminary_QRD.d  team_QRD.elf.size  team_QRD.elf
 
12:09:23 **** Auto Build of configuration Debug for project team_QRD ****
make pre-build main-build 
a9-linaro-pre-build-step
 
Building file: ../src/benchmarking.c
Invoking: ARM v7 gcc compiler
arm-none-eabi-gcc -Wall -O0 -g3 -c -fmessage-length=0 -MT"src/benchmarking.o" -mcpu=cortex-a9 -mfpu=vfpv3 -mfloat-abi=hard -I../../team_QRD_bsp/ps7_cortexa9_0/include -MMD -MP -MF"src/benchmarking.d" -MT"src/benchmarking.o" -o "src/benchmarking.o" "../src/benchmarking.c"
Finished building: ../src/benchmarking.c
 
Building file: ../src/preliminary_QRD.c
Invoking: ARM v7 gcc compiler
arm-none-eabi-gcc -Wall -O0 -g3 -c -fmessage-length=0 -MT"src/preliminary_QRD.o" -mcpu=cortex-a9 -mfpu=vfpv3 -mfloat-abi=hard -I../../team_QRD_bsp/ps7_cortexa9_0/include -MMD -MP -MF"src/preliminary_QRD.d" -MT"src/preliminary_QRD.o" -o "src/preliminary_QRD.o" "../src/preliminary_QRD.c"
../src/preliminary_QRD.c: In function 'main':
../src/preliminary_QRD.c:272:53: warning: initialization from incompatible pointer type [-Wincompatible-pointer-types]
   {"QRD Reference", TEST_ROUNDS, initializor_dummy, qrd_ref,
                                                     ^~~~~~~
../src/preliminary_QRD.c:272:53: note: (near initialization for 'BenchmarkCases[0].benchmarker')
../src/preliminary_QRD.c:276:56: warning: initialization from incompatible pointer type [-Wincompatible-pointer-types]
   {"QRD Optimization", TEST_ROUNDS, initializor_dummy, qrd_opt,
                                                        ^~~~~~~
../src/preliminary_QRD.c:276:56: note: (near initialization for 'BenchmarkCases[1].benchmarker')
../src/preliminary_QRD.c:282:2: warning: implicit declaration of function 'Xil_L1DCacheEnable' [-Wimplicit-function-declaration]
  Xil_L1DCacheEnable();
  ^~~~~~~~~~~~~~~~~~
../src/preliminary_QRD.c:283:2: warning: implicit declaration of function 'Xil_L2CacheDisable' [-Wimplicit-function-declaration]
  Xil_L2CacheDisable();
  ^~~~~~~~~~~~~~~~~~
../src/preliminary_QRD.c:284:2: warning: implicit declaration of function 'Xil_L1ICacheEnable' [-Wimplicit-function-declaration]
  Xil_L1ICacheEnable();
  ^~~~~~~~~~~~~~~~~~
Finished building: ../src/preliminary_QRD.c
 
Building target: team_QRD.elf
Invoking: ARM v7 gcc linker
arm-none-eabi-gcc -mcpu=cortex-a9 -mfpu=vfpv3 -mfloat-abi=hard -Wl,-build-id=none -specs=Xilinx.spec -Wl,-T -Wl,../src/lscript.ld -L../../team_QRD_bsp/ps7_cortexa9_0/lib -o "team_QRD.elf"  ./src/benchmarking.o ./src/preliminary_QRD.o   -Wl,--start-group,-lxil,-lgcc,-lc,--end-group
./src/preliminary_QRD.o: In function `qrd_ref':
C:\LAB\team_QRD\team_QRD.sdk\team_QRD\Debug/../src/preliminary_QRD.c:60: undefined reference to `sqrt'
./src/preliminary_QRD.o: In function `main':
C:\LAB\team_QRD\team_QRD.sdk\team_QRD\Debug/../src/preliminary_QRD.c:260: undefined reference to `pow'
C:\LAB\team_QRD\team_QRD.sdk\team_QRD\Debug/../src/preliminary_QRD.c:260: undefined reference to `pow'
C:\LAB\team_QRD\team_QRD.sdk\team_QRD\Debug/../src/preliminary_QRD.c:261: undefined reference to `pow'
C:\LAB\team_QRD\team_QRD.sdk\team_QRD\Debug/../src/preliminary_QRD.c:261: undefined reference to `pow'
C:\LAB\team_QRD\team_QRD.sdk\team_QRD\Debug/../src/preliminary_QRD.c:263: undefined reference to `pow'
./src/preliminary_QRD.o:C:\LAB\team_QRD\team_QRD.sdk\team_QRD\Debug/../src/preliminary_QRD.c:263: more undefined references to `pow' follow
./src/preliminary_QRD.o: In function `main':
C:\LAB\team_QRD\team_QRD.sdk\team_QRD\Debug/../src/preliminary_QRD.c:267: undefined reference to `log10'
collect2.exe: error: ld returned 1 exit status
make: *** [team_QRD.elf] 오류 1
12:10:33 **** Clean-only build of configuration Debug for project team_QRD ****
make clean 
rm -rf  ./src/benchmarking.o ./src/preliminary_QRD.o  ./src/benchmarking.d ./src/preliminary_QRD.d  team_QRD.elf.size  team_QRD.elf
 
12:10:33 **** Auto Build of configuration Debug for project team_QRD ****
make pre-build main-build 
a9-linaro-pre-build-step
 
Building file: ../src/benchmarking.c
Invoking: ARM v7 gcc compiler
arm-none-eabi-gcc -Wall -O0 -g3 -c -fmessage-length=0 -MT"src/benchmarking.o" -mcpu=cortex-a9 -mfpu=vfpv3 -mfloat-abi=hard -I../../team_QRD_bsp/ps7_cortexa9_0/include -MMD -MP -MF"src/benchmarking.d" -MT"src/benchmarking.o" -o "src/benchmarking.o" "../src/benchmarking.c"
Finished building: ../src/benchmarking.c
 
Building file: ../src/preliminary_QRD.c
Invoking: ARM v7 gcc compiler
arm-none-eabi-gcc -Wall -O0 -g3 -c -fmessage-length=0 -MT"src/preliminary_QRD.o" -mcpu=cortex-a9 -mfpu=vfpv3 -mfloat-abi=hard -I../../team_QRD_bsp/ps7_cortexa9_0/include -MMD -MP -MF"src/preliminary_QRD.d" -MT"src/preliminary_QRD.o" -o "src/preliminary_QRD.o" "../src/preliminary_QRD.c"
../src/preliminary_QRD.c: In function 'main':
../src/preliminary_QRD.c:272:53: warning: initialization from incompatible pointer type [-Wincompatible-pointer-types]
   {"QRD Reference", TEST_ROUNDS, initializor_dummy, qrd_ref,
                                                     ^~~~~~~
../src/preliminary_QRD.c:272:53: note: (near initialization for 'BenchmarkCases[0].benchmarker')
../src/preliminary_QRD.c:276:56: warning: initialization from incompatible pointer type [-Wincompatible-pointer-types]
   {"QRD Optimization", TEST_ROUNDS, initializor_dummy, qrd_opt,
                                                        ^~~~~~~
../src/preliminary_QRD.c:276:56: note: (near initialization for 'BenchmarkCases[1].benchmarker')
../src/preliminary_QRD.c:282:2: warning: implicit declaration of function 'Xil_L1DCacheEnable' [-Wimplicit-function-declaration]
  Xil_L1DCacheEnable();
  ^~~~~~~~~~~~~~~~~~
../src/preliminary_QRD.c:283:2: warning: implicit declaration of function 'Xil_L2CacheDisable' [-Wimplicit-function-declaration]
  Xil_L2CacheDisable();
  ^~~~~~~~~~~~~~~~~~
../src/preliminary_QRD.c:284:2: warning: implicit declaration of function 'Xil_L1ICacheEnable' [-Wimplicit-function-declaration]
  Xil_L1ICacheEnable();
  ^~~~~~~~~~~~~~~~~~
Finished building: ../src/preliminary_QRD.c
 
Building target: team_QRD.elf
Invoking: ARM v7 gcc linker
arm-none-eabi-gcc -mcpu=cortex-a9 -mfpu=vfpv3 -mfloat-abi=hard -Wl,-build-id=none -specs=Xilinx.spec -Wl,-T -Wl,../src/lscript.ld -L../../team_QRD_bsp/ps7_cortexa9_0/lib -o "team_QRD.elf"  ./src/benchmarking.o ./src/preliminary_QRD.o   -lm -Wl,--start-group,-lxil,-lgcc,-lc,--end-group
Finished building target: team_QRD.elf
 
Invoking: ARM v7 Print Size
arm-none-eabi-size team_QRD.elf  |tee "team_QRD.elf.size"
   text	   data	    bss	    dec	    hex	filename
  91372	   2588	115350336	115444296	6e18a48	team_QRD.elf
Finished building: team_QRD.elf.size
 
12:10:34 **** Clean-only build of configuration Debug for project team_QRD ****
make clean 
rm -rf  ./src/benchmarking.o ./src/preliminary_QRD.o  ./src/benchmarking.d ./src/preliminary_QRD.d  team_QRD.elf.size  team_QRD.elf
 
12:10:34 **** Auto Build of configuration Debug for project team_QRD ****
make pre-build main-build 
a9-linaro-pre-build-step
 
Building file: ../src/benchmarking.c
Invoking: ARM v7 gcc compiler
arm-none-eabi-gcc -Wall -O0 -g3 -c -fmessage-length=0 -MT"src/benchmarking.o" -mcpu=cortex-a9 -mfpu=vfpv3 -mfloat-abi=hard -I../../team_QRD_bsp/ps7_cortexa9_0/include -MMD -MP -MF"src/benchmarking.d" -MT"src/benchmarking.o" -o "src/benchmarking.o" "../src/benchmarking.c"
Finished building: ../src/benchmarking.c
 
Building file: ../src/preliminary_QRD.c
Invoking: ARM v7 gcc compiler
arm-none-eabi-gcc -Wall -O0 -g3 -c -fmessage-length=0 -MT"src/preliminary_QRD.o" -mcpu=cortex-a9 -mfpu=vfpv3 -mfloat-abi=hard -I../../team_QRD_bsp/ps7_cortexa9_0/include -MMD -MP -MF"src/preliminary_QRD.d" -MT"src/preliminary_QRD.o" -o "src/preliminary_QRD.o" "../src/preliminary_QRD.c"
../src/preliminary_QRD.c: In function 'main':
../src/preliminary_QRD.c:272:53: warning: initialization from incompatible pointer type [-Wincompatible-pointer-types]
   {"QRD Reference", TEST_ROUNDS, initializor_dummy, qrd_ref,
                                                     ^~~~~~~
../src/preliminary_QRD.c:272:53: note: (near initialization for 'BenchmarkCases[0].benchmarker')
../src/preliminary_QRD.c:276:56: warning: initialization from incompatible pointer type [-Wincompatible-pointer-types]
   {"QRD Optimization", TEST_ROUNDS, initializor_dummy, qrd_opt,
                                                        ^~~~~~~
../src/preliminary_QRD.c:276:56: note: (near initialization for 'BenchmarkCases[1].benchmarker')
../src/preliminary_QRD.c:282:2: warning: implicit declaration of function 'Xil_L1DCacheEnable' [-Wimplicit-function-declaration]
  Xil_L1DCacheEnable();
  ^~~~~~~~~~~~~~~~~~
../src/preliminary_QRD.c:283:2: warning: implicit declaration of function 'Xil_L2CacheDisable' [-Wimplicit-function-declaration]
  Xil_L2CacheDisable();
  ^~~~~~~~~~~~~~~~~~
../src/preliminary_QRD.c:284:2: warning: implicit declaration of function 'Xil_L1ICacheEnable' [-Wimplicit-function-declaration]
  Xil_L1ICacheEnable();
  ^~~~~~~~~~~~~~~~~~
Finished building: ../src/preliminary_QRD.c
 
Building target: team_QRD.elf
Invoking: ARM v7 gcc linker
arm-none-eabi-gcc -mcpu=cortex-a9 -mfpu=vfpv3 -mfloat-abi=hard -Wl,-build-id=none -specs=Xilinx.spec -Wl,-T -Wl,../src/lscript.ld -L../../team_QRD_bsp/ps7_cortexa9_0/lib -o "team_QRD.elf"  ./src/benchmarking.o ./src/preliminary_QRD.o   -lm -Wl,--start-group,-lxil,-lgcc,-lc,--end-group
Finished building target: team_QRD.elf
 
Invoking: ARM v7 Print Size
arm-none-eabi-size team_QRD.elf  |tee "team_QRD.elf.size"
   text	   data	    bss	    dec	    hex	filename
  91372	   2588	115350336	115444296	6e18a48	team_QRD.elf
Finished building: team_QRD.elf.size
 
12:11:25 **** Incremental Build of configuration Debug for project team_QRD ****
make pre-build main-build 
a9-linaro-pre-build-step
 
make: `main-build'를 위해 할 일이 없습니다
12:11:34 **** Incremental Build of configuration Debug for project team_QRD ****
make pre-build main-build 
a9-linaro-pre-build-step
 
make: `main-build'를 위해 할 일이 없습니다
12:11:38 **** Incremental Build of configuration Debug for project team_QRD ****
make pre-build main-build 
a9-linaro-pre-build-step
 
make: `main-build'를 위해 할 일이 없습니다
12:11:48 **** Incremental Build of configuration Debug for project team_QRD ****
make pre-build main-build 
a9-linaro-pre-build-step
 
make: `main-build'를 위해 할 일이 없습니다
12:12:14 **** Incremental Build of configuration Debug for project team_QRD ****
make pre-build main-build 
a9-linaro-pre-build-step
 
make: `main-build'를 위해 할 일이 없습니다
12:12:37 **** Incremental Build of configuration Debug for project team_QRD ****
make pre-build main-build 
a9-linaro-pre-build-step
 
make: `main-build'를 위해 할 일이 없습니다
12:13:00 **** Clean-only build of configuration Debug for project team_QRD ****
make clean 
rm -rf  ./src/benchmarking.o ./src/preliminary_QRD.o  ./src/benchmarking.d ./src/preliminary_QRD.d  team_QRD.elf.size  team_QRD.elf
 
12:13:00 **** Auto Build of configuration Debug for project team_QRD ****
make pre-build main-build 
a9-linaro-pre-build-step
 
Building file: ../src/benchmarking.c
Invoking: ARM v7 gcc compiler
arm-none-eabi-gcc -Wall -O3 -g3 -c -fmessage-length=0 -MT"src/benchmarking.o" -mcpu=cortex-a9 -mfpu=vfpv3 -mfloat-abi=hard -I../../team_QRD_bsp/ps7_cortexa9_0/include -MMD -MP -MF"src/benchmarking.d" -MT"src/benchmarking.o" -o "src/benchmarking.o" "../src/benchmarking.c"
Finished building: ../src/benchmarking.c
 
Building file: ../src/preliminary_QRD.c
Invoking: ARM v7 gcc compiler
arm-none-eabi-gcc -Wall -O3 -g3 -c -fmessage-length=0 -MT"src/preliminary_QRD.o" -mcpu=cortex-a9 -mfpu=vfpv3 -mfloat-abi=hard -I../../team_QRD_bsp/ps7_cortexa9_0/include -MMD -MP -MF"src/preliminary_QRD.d" -MT"src/preliminary_QRD.o" -o "src/preliminary_QRD.o" "../src/preliminary_QRD.c"
../src/preliminary_QRD.c: In function 'qrd_opt':
../src/preliminary_QRD.c:140:4: warning: dereferencing type-punned pointer will break strict-aliasing rules [-Wstrict-aliasing]
    t = *(int*)&sq;
    ^
../src/preliminary_QRD.c:142:4: warning: dereferencing type-punned pointer will break strict-aliasing rules [-Wstrict-aliasing]
    sq = *(float*)&t;
    ^~
../src/preliminary_QRD.c: In function 'main':
../src/preliminary_QRD.c:272:53: warning: initialization from incompatible pointer type [-Wincompatible-pointer-types]
   {"QRD Reference", TEST_ROUNDS, initializor_dummy, qrd_ref,
                                                     ^~~~~~~
../src/preliminary_QRD.c:272:53: note: (near initialization for 'BenchmarkCases[0].benchmarker')
../src/preliminary_QRD.c:276:56: warning: initialization from incompatible pointer type [-Wincompatible-pointer-types]
   {"QRD Optimization", TEST_ROUNDS, initializor_dummy, qrd_opt,
                                                        ^~~~~~~
../src/preliminary_QRD.c:276:56: note: (near initialization for 'BenchmarkCases[1].benchmarker')
../src/preliminary_QRD.c:282:2: warning: implicit declaration of function 'Xil_L1DCacheEnable' [-Wimplicit-function-declaration]
  Xil_L1DCacheEnable();
  ^~~~~~~~~~~~~~~~~~
../src/preliminary_QRD.c:283:2: warning: implicit declaration of function 'Xil_L2CacheDisable' [-Wimplicit-function-declaration]
  Xil_L2CacheDisable();
  ^~~~~~~~~~~~~~~~~~
../src/preliminary_QRD.c:284:2: warning: implicit declaration of function 'Xil_L1ICacheEnable' [-Wimplicit-function-declaration]
  Xil_L1ICacheEnable();
  ^~~~~~~~~~~~~~~~~~
Finished building: ../src/preliminary_QRD.c
 
Building target: team_QRD.elf
Invoking: ARM v7 gcc linker
arm-none-eabi-gcc -mcpu=cortex-a9 -mfpu=vfpv3 -mfloat-abi=hard -Wl,-build-id=none -specs=Xilinx.spec -Wl,-T -Wl,../src/lscript.ld -L../../team_QRD_bsp/ps7_cortexa9_0/lib -o "team_QRD.elf"  ./src/benchmarking.o ./src/preliminary_QRD.o   -lm -Wl,--start-group,-lxil,-lgcc,-lc,--end-group
Finished building target: team_QRD.elf
 
Invoking: ARM v7 Print Size
arm-none-eabi-size team_QRD.elf  |tee "team_QRD.elf.size"
   text	   data	    bss	    dec	    hex	filename
  86152	   2588	115350336	115439076	6e175e4	team_QRD.elf
Finished building: team_QRD.elf.size
 
12:13:02 **** Clean-only build of configuration Debug for project team_QRD ****
make clean 
rm -rf  ./src/benchmarking.o ./src/preliminary_QRD.o  ./src/benchmarking.d ./src/preliminary_QRD.d  team_QRD.elf.size  team_QRD.elf
 
12:13:02 **** Auto Build of configuration Debug for project team_QRD ****
make pre-build main-build 
a9-linaro-pre-build-step
 
Building file: ../src/benchmarking.c
Invoking: ARM v7 gcc compiler
arm-none-eabi-gcc -Wall -O3 -g3 -c -fmessage-length=0 -MT"src/benchmarking.o" -mcpu=cortex-a9 -mfpu=vfpv3 -mfloat-abi=hard -I../../team_QRD_bsp/ps7_cortexa9_0/include -MMD -MP -MF"src/benchmarking.d" -MT"src/benchmarking.o" -o "src/benchmarking.o" "../src/benchmarking.c"
Finished building: ../src/benchmarking.c
 
Building file: ../src/preliminary_QRD.c
Invoking: ARM v7 gcc compiler
arm-none-eabi-gcc -Wall -O3 -g3 -c -fmessage-length=0 -MT"src/preliminary_QRD.o" -mcpu=cortex-a9 -mfpu=vfpv3 -mfloat-abi=hard -I../../team_QRD_bsp/ps7_cortexa9_0/include -MMD -MP -MF"src/preliminary_QRD.d" -MT"src/preliminary_QRD.o" -o "src/preliminary_QRD.o" "../src/preliminary_QRD.c"
../src/preliminary_QRD.c: In function 'qrd_opt':
../src/preliminary_QRD.c:140:4: warning: dereferencing type-punned pointer will break strict-aliasing rules [-Wstrict-aliasing]
    t = *(int*)&sq;
    ^
../src/preliminary_QRD.c:142:4: warning: dereferencing type-punned pointer will break strict-aliasing rules [-Wstrict-aliasing]
    sq = *(float*)&t;
    ^~
../src/preliminary_QRD.c: In function 'main':
../src/preliminary_QRD.c:272:53: warning: initialization from incompatible pointer type [-Wincompatible-pointer-types]
   {"QRD Reference", TEST_ROUNDS, initializor_dummy, qrd_ref,
                                                     ^~~~~~~
../src/preliminary_QRD.c:272:53: note: (near initialization for 'BenchmarkCases[0].benchmarker')
../src/preliminary_QRD.c:276:56: warning: initialization from incompatible pointer type [-Wincompatible-pointer-types]
   {"QRD Optimization", TEST_ROUNDS, initializor_dummy, qrd_opt,
                                                        ^~~~~~~
../src/preliminary_QRD.c:276:56: note: (near initialization for 'BenchmarkCases[1].benchmarker')
../src/preliminary_QRD.c:282:2: warning: implicit declaration of function 'Xil_L1DCacheEnable' [-Wimplicit-function-declaration]
  Xil_L1DCacheEnable();
  ^~~~~~~~~~~~~~~~~~
../src/preliminary_QRD.c:283:2: warning: implicit declaration of function 'Xil_L2CacheDisable' [-Wimplicit-function-declaration]
  Xil_L2CacheDisable();
  ^~~~~~~~~~~~~~~~~~
../src/preliminary_QRD.c:284:2: warning: implicit declaration of function 'Xil_L1ICacheEnable' [-Wimplicit-function-declaration]
  Xil_L1ICacheEnable();
  ^~~~~~~~~~~~~~~~~~
Finished building: ../src/preliminary_QRD.c
 
Building target: team_QRD.elf
Invoking: ARM v7 gcc linker
arm-none-eabi-gcc -mcpu=cortex-a9 -mfpu=vfpv3 -mfloat-abi=hard -Wl,-build-id=none -specs=Xilinx.spec -Wl,-T -Wl,../src/lscript.ld -L../../team_QRD_bsp/ps7_cortexa9_0/lib -o "team_QRD.elf"  ./src/benchmarking.o ./src/preliminary_QRD.o   -lm -Wl,--start-group,-lxil,-lgcc,-lc,--end-group
Finished building target: team_QRD.elf
 
Invoking: ARM v7 Print Size
arm-none-eabi-size team_QRD.elf  |tee "team_QRD.elf.size"
   text	   data	    bss	    dec	    hex	filename
  86152	   2588	115350336	115439076	6e175e4	team_QRD.elf
Finished building: team_QRD.elf.size
 
12:13:07 **** Incremental Build of configuration Debug for project team_QRD ****
make pre-build main-build 
a9-linaro-pre-build-step
 
make: `main-build'를 위해 할 일이 없습니다
12:13:26 **** Incremental Build of configuration Debug for project team_QRD ****
make pre-build main-build 
a9-linaro-pre-build-step
 
make: `main-build'를 위해 할 일이 없습니다
12:13:35 **** Incremental Build of configuration Debug for project team_QRD ****
make pre-build main-build 
a9-linaro-pre-build-step
 
make: `main-build'를 위해 할 일이 없습니다
12:13:46 **** Incremental Build of configuration Debug for project team_QRD ****
make pre-build main-build 
a9-linaro-pre-build-step
 
make: `main-build'를 위해 할 일이 없습니다
12:13:54 **** Incremental Build of configuration Debug for project team_QRD ****
make pre-build main-build 
a9-linaro-pre-build-step
 
make: `main-build'를 위해 할 일이 없습니다
12:14:06 **** Incremental Build of configuration Debug for project team_QRD ****
make pre-build main-build 
a9-linaro-pre-build-step
 
make: `main-build'를 위해 할 일이 없습니다
12:14:15 **** Incremental Build of configuration Debug for project team_QRD ****
make pre-build main-build 
a9-linaro-pre-build-step
 
make: `main-build'를 위해 할 일이 없습니다
12:14:48 **** Incremental Build of configuration Debug for project team_QRD ****
make pre-build main-build 
a9-linaro-pre-build-step
 
make: `main-build'를 위해 할 일이 없습니다
23:14:47 **** Incremental Build of configuration Debug for project team_QRD ****
make pre-build main-build 
a9-linaro-pre-build-step
 
make: `main-build'를 위해 할 일이 없습니다
23:15:08 **** Incremental Build of configuration Debug for project team_QRD ****
make pre-build main-build 
a9-linaro-pre-build-step
 
make: `main-build'를 위해 할 일이 없습니다
23:52:44 **** Clean-only build of configuration Debug for project team_QRD ****
make clean 
rm -rf  ./src/benchmarking.o ./src/preliminary_QRD.o  ./src/benchmarking.d ./src/preliminary_QRD.d  team_QRD.elf.size  team_QRD.elf
 
23:52:44 **** Auto Build of configuration Debug for project team_QRD ****
make pre-build main-build 
a9-linaro-pre-build-step
 
Building file: ../src/benchmarking.c
Invoking: ARM v7 gcc compiler
arm-none-eabi-gcc -Wall -O3 -g3 -c -fmessage-length=0 -MT"src/benchmarking.o" -mcpu=cortex-a9 -mfpu=vfpv3 -mfloat-abi=hard -I../../team_QRD_bsp/ps7_cortexa9_0/include -MMD -MP -MF"src/benchmarking.d" -MT"src/benchmarking.o" -o "src/benchmarking.o" "../src/benchmarking.c"
Finished building: ../src/benchmarking.c
 
Building target: team_QRD.elf
Invoking: ARM v7 gcc linker
arm-none-eabi-gcc -mcpu=cortex-a9 -mfpu=vfpv3 -mfloat-abi=hard -Wl,-build-id=none -specs=Xilinx.spec -Wl,-T -Wl,../src/lscript.ld -L../../team_QRD_bsp/ps7_cortexa9_0/lib -o "team_QRD.elf"  ./src/benchmarking.o   -lm -Wl,--start-group,-lxil,-lgcc,-lc,--end-group
../../team_QRD_bsp/ps7_cortexa9_0/lib\libxil.a(xil-crt0.o): In function `_start':
xil-crt0.S:(.text+0x68): undefined reference to `main'
collect2.exe: error: ld returned 1 exit status
make: *** [team_QRD.elf] 오류 1
23:52:50 **** Auto Build of configuration Debug for project team_QRD ****
make pre-build main-build 
a9-linaro-pre-build-step
 
Building file: ../src/test1.c
Invoking: ARM v7 gcc compiler
arm-none-eabi-gcc -Wall -O3 -g3 -c -fmessage-length=0 -MT"src/test1.o" -mcpu=cortex-a9 -mfpu=vfpv3 -mfloat-abi=hard -I../../team_QRD_bsp/ps7_cortexa9_0/include -MMD -MP -MF"src/test1.d" -MT"src/test1.o" -o "src/test1.o" "../src/test1.c"
../src/test1.c: In function 'qrd_opt':
../src/test1.c:129:20: warning: suggest parentheses around '+' inside '<<' [-Wparentheses]
     sq += Q[i << 6 + k << 3 + j].real * Q[i << 6 + k << 3 + j].real
                  ~~^~~
../src/test1.c:129:29: warning: suggest parentheses around '+' inside '<<' [-Wparentheses]
     sq += Q[i << 6 + k << 3 + j].real * Q[i << 6 + k << 3 + j].real
                           ~~^~~
../src/test1.c:129:50: warning: suggest parentheses around '+' inside '<<' [-Wparentheses]
     sq += Q[i << 6 + k << 3 + j].real * Q[i << 6 + k << 3 + j].real
                                                ~~^~~
../src/test1.c:129:59: warning: suggest parentheses around '+' inside '<<' [-Wparentheses]
     sq += Q[i << 6 + k << 3 + j].real * Q[i << 6 + k << 3 + j].real
                                                         ~~^~~
../src/test1.c:130:17: warning: suggest parentheses around '+' inside '<<' [-Wparentheses]
      + Q[i << 6 + k << 3 + j].img * Q[i << 6 + k << 3 + j].img;
               ~~^~~
../src/test1.c:130:26: warning: suggest parentheses around '+' inside '<<' [-Wparentheses]
      + Q[i << 6 + k << 3 + j].img * Q[i << 6 + k << 3 + j].img;
                        ~~^~~
../src/test1.c:130:46: warning: suggest parentheses around '+' inside '<<' [-Wparentheses]
      + Q[i << 6 + k << 3 + j].img * Q[i << 6 + k << 3 + j].img;
                                            ~~^~~
../src/test1.c:130:55: warning: suggest parentheses around '+' inside '<<' [-Wparentheses]
      + Q[i << 6 + k << 3 + j].img * Q[i << 6 + k << 3 + j].img;
                                                     ~~^~~
../src/test1.c:137:4: warning: dereferencing type-punned pointer will break strict-aliasing rules [-Wstrict-aliasing]
    t = *(int*)&sq;
    ^
../src/test1.c:139:4: warning: dereferencing type-punned pointer will break strict-aliasing rules [-Wstrict-aliasing]
    sq = *(float*)&t;
    ^~
../src/test1.c:145:13: warning: suggest parentheses around '+' inside '<<' [-Wparentheses]
    R[i << 6 + j << 3 + j].real = tmp_r;
           ~~^~~
../src/test1.c:145:22: warning: suggest parentheses around '+' inside '<<' [-Wparentheses]
    R[i << 6 + j << 3 + j].real = tmp_r;
                    ~~^~~
../src/test1.c:148:14: warning: suggest parentheses around '+' inside '<<' [-Wparentheses]
     Q[i << 6 + k << 3+ j].real /= tmp_r;
            ~~^~~
../src/test1.c:148:22: warning: suggest parentheses around '+' inside '<<' [-Wparentheses]
     Q[i << 6 + k << 3+ j].real /= tmp_r;
                     ~^~~
../src/test1.c:149:14: warning: suggest parentheses around '+' inside '<<' [-Wparentheses]
     Q[i << 6 + k << 3 + j].img /= tmp_r;
            ~~^~~
../src/test1.c:149:23: warning: suggest parentheses around '+' inside '<<' [-Wparentheses]
     Q[i << 6 + k << 3 + j].img /= tmp_r;
                     ~~^~~
../src/test1.c:160:26: warning: suggest parentheses around '+' inside '<<' [-Wparentheses]
       tmp_r += (Q[i << 6 + l << 3 + j].real * Q[i << 6 + l << 3 + k].real
                        ~~^~~
../src/test1.c:160:35: warning: suggest parentheses around '+' inside '<<' [-Wparentheses]
       tmp_r += (Q[i << 6 + l << 3 + j].real * Q[i << 6 + l << 3 + k].real
                                 ~~^~~
../src/test1.c:160:56: warning: suggest parentheses around '+' inside '<<' [-Wparentheses]
       tmp_r += (Q[i << 6 + l << 3 + j].real * Q[i << 6 + l << 3 + k].real
                                                      ~~^~~
../src/test1.c:160:65: warning: suggest parentheses around '+' inside '<<' [-Wparentheses]
       tmp_r += (Q[i << 6 + l << 3 + j].real * Q[i << 6 + l << 3 + k].real
                                                               ~~^~~
../src/test1.c:161:27: warning: suggest parentheses around '+' inside '<<' [-Wparentheses]
                + Q[i << 6 + l << 3 + j].img * Q[i << 6 + l << 3 + k].img);
                         ~~^~~
../src/test1.c:161:36: warning: suggest parentheses around '+' inside '<<' [-Wparentheses]
                + Q[i << 6 + l << 3 + j].img * Q[i << 6 + l << 3 + k].img);
                                  ~~^~~
../src/test1.c:161:56: warning: suggest parentheses around '+' inside '<<' [-Wparentheses]
                + Q[i << 6 + l << 3 + j].img * Q[i << 6 + l << 3 + k].img);
                                                      ~~^~~
../src/test1.c:161:65: warning: suggest parentheses around '+' inside '<<' [-Wparentheses]
                + Q[i << 6 + l << 3 + j].img * Q[i << 6 + l << 3 + k].img);
                                                               ~~^~~
../src/test1.c:162:26: warning: suggest parentheses around '+' inside '<<' [-Wparentheses]
       tmp_i += (Q[i << 6 + l << 3 + j].real * Q[i << 6 + l << 3 + k].img
                        ~~^~~
../src/test1.c:162:35: warning: suggest parentheses around '+' inside '<<' [-Wparentheses]
       tmp_i += (Q[i << 6 + l << 3 + j].real * Q[i << 6 + l << 3 + k].img
                                 ~~^~~
../src/test1.c:162:56: warning: suggest parentheses around '+' inside '<<' [-Wparentheses]
       tmp_i += (Q[i << 6 + l << 3 + j].real * Q[i << 6 + l << 3 + k].img
                                                      ~~^~~
../src/test1.c:162:65: warning: suggest parentheses around '+' inside '<<' [-Wparentheses]
       tmp_i += (Q[i << 6 + l << 3 + j].real * Q[i << 6 + l << 3 + k].img
                                                               ~~^~~
../src/test1.c:163:27: warning: suggest parentheses around '+' inside '<<' [-Wparentheses]
                - Q[i << 6 + l << 3 + j].img * Q[i << 6 + l << 3 + k].real);
                         ~~^~~
../src/test1.c:163:36: warning: suggest parentheses around '+' inside '<<' [-Wparentheses]
                - Q[i << 6 + l << 3 + j].img * Q[i << 6 + l << 3 + k].real);
                                  ~~^~~
../src/test1.c:163:56: warning: suggest parentheses around '+' inside '<<' [-Wparentheses]
                - Q[i << 6 + l << 3 + j].img * Q[i << 6 + l << 3 + k].real);
                                                      ~~^~~
../src/test1.c:163:65: warning: suggest parentheses around '+' inside '<<' [-Wparentheses]
                - Q[i << 6 + l << 3 + j].img * Q[i << 6 + l << 3 + k].real);
                                                               ~~^~~
../src/test1.c:165:30: warning: suggest parentheses around '+' inside '<<' [-Wparentheses]
                     R[i << 6 + j << 3 + k].real = tmp_r;
                            ~~^~~
../src/test1.c:165:39: warning: suggest parentheses around '+' inside '<<' [-Wparentheses]
                     R[i << 6 + j << 3 + k].real = tmp_r;
                                     ~~^~~
../src/test1.c:166:30: warning: suggest parentheses around '+' inside '<<' [-Wparentheses]
                     R[i << 6 + j << 3 + k].img = tmp_i;
                            ~~^~~
../src/test1.c:166:39: warning: suggest parentheses around '+' inside '<<' [-Wparentheses]
                     R[i << 6 + j << 3 + k].img = tmp_i;
                                     ~~^~~
../src/test1.c:172:23: warning: suggest parentheses around '+' inside '<<' [-Wparentheses]
      tmp_r = Q[i << 6 + l << 3 + j].real;        // Frequency Reduction
                     ~~^~~
../src/test1.c:172:32: warning: suggest parentheses around '+' inside '<<' [-Wparentheses]
      tmp_r = Q[i << 6 + l << 3 + j].real;        // Frequency Reduction
                              ~~^~~
../src/test1.c:173:23: warning: suggest parentheses around '+' inside '<<' [-Wparentheses]
      tmp_i = Q[i << 6 + l << 3 + j].img;
                     ~~^~~
../src/test1.c:173:32: warning: suggest parentheses around '+' inside '<<' [-Wparentheses]
      tmp_i = Q[i << 6 + l << 3 + j].img;
                              ~~^~~
../src/test1.c:177:16: warning: suggest parentheses around '+' inside '<<' [-Wparentheses]
       Q[i << 6 + l << 3 + k].real = Q[i << 6 + l << 3 + k].real
              ~~^~~
../src/test1.c:177:25: warning: suggest parentheses around '+' inside '<<' [-Wparentheses]
       Q[i << 6 + l << 3 + k].real = Q[i << 6 + l << 3 + k].real
                       ~~^~~
../src/test1.c:177:46: warning: suggest parentheses around '+' inside '<<' [-Wparentheses]
       Q[i << 6 + l << 3 + k].real = Q[i << 6 + l << 3 + k].real
                                            ~~^~~
../src/test1.c:177:55: warning: suggest parentheses around '+' inside '<<' [-Wparentheses]
       Q[i << 6 + l << 3 + k].real = Q[i << 6 + l << 3 + k].real
                                                     ~~^~~
../src/test1.c:178:29: warning: suggest parentheses around '+' inside '<<' [-Wparentheses]
                 - (R[i << 6 + j << 3 + k].real * tmp_r
                           ~~^~~
../src/test1.c:178:38: warning: suggest parentheses around '+' inside '<<' [-Wparentheses]
                 - (R[i << 6 + j << 3 + k].real * tmp_r
                                    ~~^~~
../src/test1.c:179:28: warning: suggest parentheses around '+' inside '<<' [-Wparentheses]
                 - R[i << 6 + j << 3 + k].img * tmp_i);
                          ~~^~~
../src/test1.c:179:37: warning: suggest parentheses around '+' inside '<<' [-Wparentheses]
                 - R[i << 6 + j << 3 + k].img * tmp_i);
                                   ~~^~~
../src/test1.c:180:16: warning: suggest parentheses around '+' inside '<<' [-Wparentheses]
       Q[i << 6 + l << 3 + k].img = Q[i << 6 + l << 3 + k].img
              ~~^~~
../src/test1.c:180:25: warning: suggest parentheses around '+' inside '<<' [-Wparentheses]
       Q[i << 6 + l << 3 + k].img = Q[i << 6 + l << 3 + k].img
                       ~~^~~
../src/test1.c:180:45: warning: suggest parentheses around '+' inside '<<' [-Wparentheses]
       Q[i << 6 + l << 3 + k].img = Q[i << 6 + l << 3 + k].img
                                           ~~^~~
../src/test1.c:180:54: warning: suggest parentheses around '+' inside '<<' [-Wparentheses]
       Q[i << 6 + l << 3 + k].img = Q[i << 6 + l << 3 + k].img
                                                    ~~^~~
../src/test1.c:181:24: warning: suggest parentheses around '+' inside '<<' [-Wparentheses]
            - (R[i << 6 + j << 3 + k].real * tmp_i
                      ~~^~~
../src/test1.c:181:33: warning: suggest parentheses around '+' inside '<<' [-Wparentheses]
            - (R[i << 6 + j << 3 + k].real * tmp_i
                               ~~^~~
../src/test1.c:182:25: warning: suggest parentheses around '+' inside '<<' [-Wparentheses]
              + R[i << 6 + j << 3 + k].img * tmp_r);
                       ~~^~~
../src/test1.c:182:34: warning: suggest parentheses around '+' inside '<<' [-Wparentheses]
              + R[i << 6 + j << 3 + k].img * tmp_r);
                                ~~^~~
../src/test1.c:184:16: warning: suggest parentheses around '+' inside '<<' [-Wparentheses]
       Q[i << 6 + l << 3 + (k+1)].real = Q[i << 6 + l << 3 + (k+1)].real
              ~~^~~
../src/test1.c:184:25: warning: suggest parentheses around '+' inside '<<' [-Wparentheses]
       Q[i << 6 + l << 3 + (k+1)].real = Q[i << 6 + l << 3 + (k+1)].real
                       ~~^~~~~~~
../src/test1.c:184:50: warning: suggest parentheses around '+' inside '<<' [-Wparentheses]
       Q[i << 6 + l << 3 + (k+1)].real = Q[i << 6 + l << 3 + (k+1)].real
                                                ~~^~~
../src/test1.c:184:59: warning: suggest parentheses around '+' inside '<<' [-Wparentheses]
       Q[i << 6 + l << 3 + (k+1)].real = Q[i << 6 + l << 3 + (k+1)].real
                                                         ~~^~~~~~~
../src/test1.c:185:24: warning: suggest parentheses around '+' inside '<<' [-Wparentheses]
            - (R[i << 6 + j << 3 + (k+1)].real * tmp_r
                      ~~^~~
../src/test1.c:185:33: warning: suggest parentheses around '+' inside '<<' [-Wparentheses]
            - (R[i << 6 + j << 3 + (k+1)].real * tmp_r
                               ~~^~~~~~~
../src/test1.c:186:25: warning: suggest parentheses around '+' inside '<<' [-Wparentheses]
              - R[i << 6 + j << 3 + (k+1)].img * tmp_i);
                       ~~^~~
../src/test1.c:186:34: warning: suggest parentheses around '+' inside '<<' [-Wparentheses]
              - R[i << 6 + j << 3 + (k+1)].img * tmp_i);
                                ~~^~~~~~~
../src/test1.c:187:16: warning: suggest parentheses around '+' inside '<<' [-Wparentheses]
       Q[i << 6 + l << 3 + (k+1)].img = Q[i << 6 + l << 3 + (k+1)].img
              ~~^~~
../src/test1.c:187:25: warning: suggest parentheses around '+' inside '<<' [-Wparentheses]
       Q[i << 6 + l << 3 + (k+1)].img = Q[i << 6 + l << 3 + (k+1)].img
                       ~~^~~~~~~
../src/test1.c:187:49: warning: suggest parentheses around '+' inside '<<' [-Wparentheses]
       Q[i << 6 + l << 3 + (k+1)].img = Q[i << 6 + l << 3 + (k+1)].img
                                               ~~^~~
../src/test1.c:187:58: warning: suggest parentheses around '+' inside '<<' [-Wparentheses]
       Q[i << 6 + l << 3 + (k+1)].img = Q[i << 6 + l << 3 + (k+1)].img
                                                        ~~^~~~~~~
../src/test1.c:188:24: warning: suggest parentheses around '+' inside '<<' [-Wparentheses]
            - (R[i << 6 + j << 3 + (k+1)].real * tmp_i
                      ~~^~~
../src/test1.c:188:33: warning: suggest parentheses around '+' inside '<<' [-Wparentheses]
            - (R[i << 6 + j << 3 + (k+1)].real * tmp_i
                               ~~^~~~~~~
../src/test1.c:189:25: warning: suggest parentheses around '+' inside '<<' [-Wparentheses]
              + R[i << 6 + j << 3 + (k+1)].img * tmp_r);
                       ~~^~~
../src/test1.c:189:34: warning: suggest parentheses around '+' inside '<<' [-Wparentheses]
              + R[i << 6 + j << 3 + (k+1)].img * tmp_r);
                                ~~^~~~~~~
../src/test1.c:193:16: warning: suggest parentheses around '+' inside '<<' [-Wparentheses]
       Q[i << 6 + l << 3 + 7].real = Q[i << 6 + l << 3 + 7].real
              ~~^~~
../src/test1.c:193:20: warning: suggest parentheses around '+' inside '<<' [-Wparentheses]
       Q[i << 6 + l << 3 + 7].real = Q[i << 6 + l << 3 + 7].real
                    ^~
../src/test1.c:193:46: warning: suggest parentheses around '+' inside '<<' [-Wparentheses]
       Q[i << 6 + l << 3 + 7].real = Q[i << 6 + l << 3 + 7].real
                                            ~~^~~
../src/test1.c:193:50: warning: suggest parentheses around '+' inside '<<' [-Wparentheses]
       Q[i << 6 + l << 3 + 7].real = Q[i << 6 + l << 3 + 7].real
                                                  ^~
../src/test1.c:194:28: warning: suggest parentheses around '+' inside '<<' [-Wparentheses]
                - (R[i << 6 + j << 3 + 7].real * tmp_r
                          ~~^~~
../src/test1.c:194:32: warning: suggest parentheses around '+' inside '<<' [-Wparentheses]
                - (R[i << 6 + j << 3 + 7].real * tmp_r
                                ^~
../src/test1.c:195:27: warning: suggest parentheses around '+' inside '<<' [-Wparentheses]
                - R[i << 6 + j << 3 + 7].img * tmp_i);
                         ~~^~~
../src/test1.c:195:31: warning: suggest parentheses around '+' inside '<<' [-Wparentheses]
                - R[i << 6 + j << 3 + 7].img * tmp_i);
                               ^~
../src/test1.c:196:16: warning: suggest parentheses around '+' inside '<<' [-Wparentheses]
       Q[i << 6 + l << 3 + 7].img = Q[i << 6 + l << 3 + 7].img
              ~~^~~
../src/test1.c:196:20: warning: suggest parentheses around '+' inside '<<' [-Wparentheses]
       Q[i << 6 + l << 3 + 7].img = Q[i << 6 + l << 3 + 7].img
                    ^~
../src/test1.c:196:45: warning: suggest parentheses around '+' inside '<<' [-Wparentheses]
       Q[i << 6 + l << 3 + 7].img = Q[i << 6 + l << 3 + 7].img
                                           ~~^~~
../src/test1.c:196:49: warning: suggest parentheses around '+' inside '<<' [-Wparentheses]
       Q[i << 6 + l << 3 + 7].img = Q[i << 6 + l << 3 + 7].img
                                                 ^~
../src/test1.c:197:28: warning: suggest parentheses around '+' inside '<<' [-Wparentheses]
                - (R[i << 6 + j << 3 + 7].real * tmp_i
                          ~~^~~
../src/test1.c:197:32: warning: suggest parentheses around '+' inside '<<' [-Wparentheses]
                - (R[i << 6 + j << 3 + 7].real * tmp_i
                                ^~
../src/test1.c:198:27: warning: suggest parentheses around '+' inside '<<' [-Wparentheses]
                + R[i << 6 + j << 3 + 7].img * tmp_r);
                         ~~^~~
../src/test1.c:198:31: warning: suggest parentheses around '+' inside '<<' [-Wparentheses]
                + R[i << 6 + j << 3 + 7].img * tmp_r);
                               ^~
../src/test1.c:111:13: warning: unused variable 'jj' [-Wunused-variable]
     int ii, jj;
             ^~
../src/test1.c:111:9: warning: unused variable 'ii' [-Wunused-variable]
     int ii, jj;
         ^~
../src/test1.c: In function 'main':
../src/test1.c:269:53: warning: initialization from incompatible pointer type [-Wincompatible-pointer-types]
   {"QRD Reference", TEST_ROUNDS, initializor_dummy, qrd_ref,
                                                     ^~~~~~~
../src/test1.c:269:53: note: (near initialization for 'BenchmarkCases[0].benchmarker')
../src/test1.c:273:56: warning: initialization from incompatible pointer type [-Wincompatible-pointer-types]
   {"QRD Optimization", TEST_ROUNDS, initializor_dummy, qrd_opt,
                                                        ^~~~~~~
../src/test1.c:273:56: note: (near initialization for 'BenchmarkCases[1].benchmarker')
../src/test1.c:279:2: warning: implicit declaration of function 'Xil_L1DCacheEnable' [-Wimplicit-function-declaration]
  Xil_L1DCacheEnable();
  ^~~~~~~~~~~~~~~~~~
../src/test1.c:280:2: warning: implicit declaration of function 'Xil_L2CacheDisable' [-Wimplicit-function-declaration]
  Xil_L2CacheDisable();
  ^~~~~~~~~~~~~~~~~~
../src/test1.c:281:2: warning: implicit declaration of function 'Xil_L1ICacheEnable' [-Wimplicit-function-declaration]
  Xil_L1ICacheEnable();
  ^~~~~~~~~~~~~~~~~~
Finished building: ../src/test1.c
 
Building target: team_QRD.elf
Invoking: ARM v7 gcc linker
arm-none-eabi-gcc -mcpu=cortex-a9 -mfpu=vfpv3 -mfloat-abi=hard -Wl,-build-id=none -specs=Xilinx.spec -Wl,-T -Wl,../src/lscript.ld -L../../team_QRD_bsp/ps7_cortexa9_0/lib -o "team_QRD.elf"  ./src/benchmarking.o ./src/test1.o   -lm -Wl,--start-group,-lxil,-lgcc,-lc,--end-group
Finished building target: team_QRD.elf
 
Invoking: ARM v7 Print Size
arm-none-eabi-size team_QRD.elf  |tee "team_QRD.elf.size"
   text	   data	    bss	    dec	    hex	filename
  86216	   2588	115350336	115439140	6e17624	team_QRD.elf
Finished building: team_QRD.elf.size
 
23:52:58 **** Incremental Build of configuration Debug for project team_QRD ****
make pre-build main-build 
a9-linaro-pre-build-step
 
make: `main-build'를 위해 할 일이 없습니다
23:53:08 **** Incremental Build of configuration Debug for project team_QRD ****
make pre-build main-build 
a9-linaro-pre-build-step
 
make: `main-build'를 위해 할 일이 없습니다
23:53:24 **** Incremental Build of configuration Debug for project team_QRD ****
make pre-build main-build 
a9-linaro-pre-build-step
 
make: `main-build'를 위해 할 일이 없습니다
23:54:12 **** Incremental Build of configuration Debug for project team_QRD ****
make pre-build main-build 
a9-linaro-pre-build-step
 
make: `main-build'를 위해 할 일이 없습니다
00:00:27 **** Auto Build of configuration Debug for project team_QRD ****
make pre-build main-build 
a9-linaro-pre-build-step
 
Building file: ../src/test1.c
Invoking: ARM v7 gcc compiler
arm-none-eabi-gcc -Wall -O3 -g3 -c -fmessage-length=0 -MT"src/test1.o" -mcpu=cortex-a9 -mfpu=vfpv3 -mfloat-abi=hard -I../../team_QRD_bsp/ps7_cortexa9_0/include -MMD -MP -MF"src/test1.d" -MT"src/test1.o" -o "src/test1.o" "../src/test1.c"
../src/test1.c: In function 'qrd_opt':
../src/test1.c:124:20: warning: suggest parentheses around '+' inside '<<' [-Wparentheses]
     sq += Q[i << 6 + k << 3 + j].real * Q[i << 6 + k << 3 + j].real
                  ~~^~~
../src/test1.c:124:29: warning: suggest parentheses around '+' inside '<<' [-Wparentheses]
     sq += Q[i << 6 + k << 3 + j].real * Q[i << 6 + k << 3 + j].real
                           ~~^~~
../src/test1.c:124:50: warning: suggest parentheses around '+' inside '<<' [-Wparentheses]
     sq += Q[i << 6 + k << 3 + j].real * Q[i << 6 + k << 3 + j].real
                                                ~~^~~
../src/test1.c:124:59: warning: suggest parentheses around '+' inside '<<' [-Wparentheses]
     sq += Q[i << 6 + k << 3 + j].real * Q[i << 6 + k << 3 + j].real
                                                         ~~^~~
../src/test1.c:125:17: warning: suggest parentheses around '+' inside '<<' [-Wparentheses]
      + Q[i << 6 + k << 3 + j].img * Q[i << 6 + k << 3 + j].img;
               ~~^~~
../src/test1.c:125:26: warning: suggest parentheses around '+' inside '<<' [-Wparentheses]
      + Q[i << 6 + k << 3 + j].img * Q[i << 6 + k << 3 + j].img;
                        ~~^~~
../src/test1.c:125:46: warning: suggest parentheses around '+' inside '<<' [-Wparentheses]
      + Q[i << 6 + k << 3 + j].img * Q[i << 6 + k << 3 + j].img;
                                            ~~^~~
../src/test1.c:125:55: warning: suggest parentheses around '+' inside '<<' [-Wparentheses]
      + Q[i << 6 + k << 3 + j].img * Q[i << 6 + k << 3 + j].img;
                                                     ~~^~~
../src/test1.c:132:4: warning: dereferencing type-punned pointer will break strict-aliasing rules [-Wstrict-aliasing]
    t = *(int*)&sq;
    ^
../src/test1.c:134:4: warning: dereferencing type-punned pointer will break strict-aliasing rules [-Wstrict-aliasing]
    sq = *(float*)&t;
    ^~
../src/test1.c:140:13: warning: suggest parentheses around '+' inside '<<' [-Wparentheses]
    R[i << 6 + j << 3 + j].real = tmp_r;
           ~~^~~
../src/test1.c:140:22: warning: suggest parentheses around '+' inside '<<' [-Wparentheses]
    R[i << 6 + j << 3 + j].real = tmp_r;
                    ~~^~~
../src/test1.c:143:14: warning: suggest parentheses around '+' inside '<<' [-Wparentheses]
     Q[i << 6 + k << 3+ j].real /= tmp_r;
            ~~^~~
../src/test1.c:143:22: warning: suggest parentheses around '+' inside '<<' [-Wparentheses]
     Q[i << 6 + k << 3+ j].real /= tmp_r;
                     ~^~~
../src/test1.c:144:14: warning: suggest parentheses around '+' inside '<<' [-Wparentheses]
     Q[i << 6 + k << 3 + j].img /= tmp_r;
            ~~^~~
../src/test1.c:144:23: warning: suggest parentheses around '+' inside '<<' [-Wparentheses]
     Q[i << 6 + k << 3 + j].img /= tmp_r;
                     ~~^~~
../src/test1.c:155:26: warning: suggest parentheses around '+' inside '<<' [-Wparentheses]
       tmp_r += (Q[i << 6 + l << 3 + j].real * Q[i << 6 + l << 3 + k].real
                        ~~^~~
../src/test1.c:155:35: warning: suggest parentheses around '+' inside '<<' [-Wparentheses]
       tmp_r += (Q[i << 6 + l << 3 + j].real * Q[i << 6 + l << 3 + k].real
                                 ~~^~~
../src/test1.c:155:56: warning: suggest parentheses around '+' inside '<<' [-Wparentheses]
       tmp_r += (Q[i << 6 + l << 3 + j].real * Q[i << 6 + l << 3 + k].real
                                                      ~~^~~
../src/test1.c:155:65: warning: suggest parentheses around '+' inside '<<' [-Wparentheses]
       tmp_r += (Q[i << 6 + l << 3 + j].real * Q[i << 6 + l << 3 + k].real
                                                               ~~^~~
../src/test1.c:156:27: warning: suggest parentheses around '+' inside '<<' [-Wparentheses]
                + Q[i << 6 + l << 3 + j].img * Q[i << 6 + l << 3 + k].img);
                         ~~^~~
../src/test1.c:156:36: warning: suggest parentheses around '+' inside '<<' [-Wparentheses]
                + Q[i << 6 + l << 3 + j].img * Q[i << 6 + l << 3 + k].img);
                                  ~~^~~
../src/test1.c:156:56: warning: suggest parentheses around '+' inside '<<' [-Wparentheses]
                + Q[i << 6 + l << 3 + j].img * Q[i << 6 + l << 3 + k].img);
                                                      ~~^~~
../src/test1.c:156:65: warning: suggest parentheses around '+' inside '<<' [-Wparentheses]
                + Q[i << 6 + l << 3 + j].img * Q[i << 6 + l << 3 + k].img);
                                                               ~~^~~
../src/test1.c:157:26: warning: suggest parentheses around '+' inside '<<' [-Wparentheses]
       tmp_i += (Q[i << 6 + l << 3 + j].real * Q[i << 6 + l << 3 + k].img
                        ~~^~~
../src/test1.c:157:35: warning: suggest parentheses around '+' inside '<<' [-Wparentheses]
       tmp_i += (Q[i << 6 + l << 3 + j].real * Q[i << 6 + l << 3 + k].img
                                 ~~^~~
../src/test1.c:157:56: warning: suggest parentheses around '+' inside '<<' [-Wparentheses]
       tmp_i += (Q[i << 6 + l << 3 + j].real * Q[i << 6 + l << 3 + k].img
                                                      ~~^~~
../src/test1.c:157:65: warning: suggest parentheses around '+' inside '<<' [-Wparentheses]
       tmp_i += (Q[i << 6 + l << 3 + j].real * Q[i << 6 + l << 3 + k].img
                                                               ~~^~~
../src/test1.c:158:27: warning: suggest parentheses around '+' inside '<<' [-Wparentheses]
                - Q[i << 6 + l << 3 + j].img * Q[i << 6 + l << 3 + k].real);
                         ~~^~~
../src/test1.c:158:36: warning: suggest parentheses around '+' inside '<<' [-Wparentheses]
                - Q[i << 6 + l << 3 + j].img * Q[i << 6 + l << 3 + k].real);
                                  ~~^~~
../src/test1.c:158:56: warning: suggest parentheses around '+' inside '<<' [-Wparentheses]
                - Q[i << 6 + l << 3 + j].img * Q[i << 6 + l << 3 + k].real);
                                                      ~~^~~
../src/test1.c:158:65: warning: suggest parentheses around '+' inside '<<' [-Wparentheses]
                - Q[i << 6 + l << 3 + j].img * Q[i << 6 + l << 3 + k].real);
                                                               ~~^~~
../src/test1.c:160:30: warning: suggest parentheses around '+' inside '<<' [-Wparentheses]
                     R[i << 6 + j << 3 + k].real = tmp_r;
                            ~~^~~
../src/test1.c:160:39: warning: suggest parentheses around '+' inside '<<' [-Wparentheses]
                     R[i << 6 + j << 3 + k].real = tmp_r;
                                     ~~^~~
../src/test1.c:161:30: warning: suggest parentheses around '+' inside '<<' [-Wparentheses]
                     R[i << 6 + j << 3 + k].img = tmp_i;
                            ~~^~~
../src/test1.c:161:39: warning: suggest parentheses around '+' inside '<<' [-Wparentheses]
                     R[i << 6 + j << 3 + k].img = tmp_i;
                                     ~~^~~
../src/test1.c:167:23: warning: suggest parentheses around '+' inside '<<' [-Wparentheses]
      tmp_r = Q[i << 6 + l << 3 + j].real;        // Frequency Reduction
                     ~~^~~
../src/test1.c:167:32: warning: suggest parentheses around '+' inside '<<' [-Wparentheses]
      tmp_r = Q[i << 6 + l << 3 + j].real;        // Frequency Reduction
                              ~~^~~
../src/test1.c:168:23: warning: suggest parentheses around '+' inside '<<' [-Wparentheses]
      tmp_i = Q[i << 6 + l << 3 + j].img;
                     ~~^~~
../src/test1.c:168:32: warning: suggest parentheses around '+' inside '<<' [-Wparentheses]
      tmp_i = Q[i << 6 + l << 3 + j].img;
                              ~~^~~
../src/test1.c:172:16: warning: suggest parentheses around '+' inside '<<' [-Wparentheses]
       Q[i << 6 + l << 3 + k].real = Q[i << 6 + l << 3 + k].real
              ~~^~~
../src/test1.c:172:25: warning: suggest parentheses around '+' inside '<<' [-Wparentheses]
       Q[i << 6 + l << 3 + k].real = Q[i << 6 + l << 3 + k].real
                       ~~^~~
../src/test1.c:172:46: warning: suggest parentheses around '+' inside '<<' [-Wparentheses]
       Q[i << 6 + l << 3 + k].real = Q[i << 6 + l << 3 + k].real
                                            ~~^~~
../src/test1.c:172:55: warning: suggest parentheses around '+' inside '<<' [-Wparentheses]
       Q[i << 6 + l << 3 + k].real = Q[i << 6 + l << 3 + k].real
                                                     ~~^~~
../src/test1.c:173:29: warning: suggest parentheses around '+' inside '<<' [-Wparentheses]
                 - (R[i << 6 + j << 3 + k].real * tmp_r
                           ~~^~~
../src/test1.c:173:38: warning: suggest parentheses around '+' inside '<<' [-Wparentheses]
                 - (R[i << 6 + j << 3 + k].real * tmp_r
                                    ~~^~~
../src/test1.c:174:28: warning: suggest parentheses around '+' inside '<<' [-Wparentheses]
                 - R[i << 6 + j << 3 + k].img * tmp_i);
                          ~~^~~
../src/test1.c:174:37: warning: suggest parentheses around '+' inside '<<' [-Wparentheses]
                 - R[i << 6 + j << 3 + k].img * tmp_i);
                                   ~~^~~
../src/test1.c:175:16: warning: suggest parentheses around '+' inside '<<' [-Wparentheses]
       Q[i << 6 + l << 3 + k].img = Q[i << 6 + l << 3 + k].img
              ~~^~~
../src/test1.c:175:25: warning: suggest parentheses around '+' inside '<<' [-Wparentheses]
       Q[i << 6 + l << 3 + k].img = Q[i << 6 + l << 3 + k].img
                       ~~^~~
../src/test1.c:175:45: warning: suggest parentheses around '+' inside '<<' [-Wparentheses]
       Q[i << 6 + l << 3 + k].img = Q[i << 6 + l << 3 + k].img
                                           ~~^~~
../src/test1.c:175:54: warning: suggest parentheses around '+' inside '<<' [-Wparentheses]
       Q[i << 6 + l << 3 + k].img = Q[i << 6 + l << 3 + k].img
                                                    ~~^~~
../src/test1.c:176:24: warning: suggest parentheses around '+' inside '<<' [-Wparentheses]
            - (R[i << 6 + j << 3 + k].real * tmp_i
                      ~~^~~
../src/test1.c:176:33: warning: suggest parentheses around '+' inside '<<' [-Wparentheses]
            - (R[i << 6 + j << 3 + k].real * tmp_i
                               ~~^~~
../src/test1.c:177:25: warning: suggest parentheses around '+' inside '<<' [-Wparentheses]
              + R[i << 6 + j << 3 + k].img * tmp_r);
                       ~~^~~
../src/test1.c:177:34: warning: suggest parentheses around '+' inside '<<' [-Wparentheses]
              + R[i << 6 + j << 3 + k].img * tmp_r);
                                ~~^~~
../src/test1.c:179:16: warning: suggest parentheses around '+' inside '<<' [-Wparentheses]
       Q[i << 6 + l << 3 + (k+1)].real = Q[i << 6 + l << 3 + (k+1)].real
              ~~^~~
../src/test1.c:179:25: warning: suggest parentheses around '+' inside '<<' [-Wparentheses]
       Q[i << 6 + l << 3 + (k+1)].real = Q[i << 6 + l << 3 + (k+1)].real
                       ~~^~~~~~~
../src/test1.c:179:50: warning: suggest parentheses around '+' inside '<<' [-Wparentheses]
       Q[i << 6 + l << 3 + (k+1)].real = Q[i << 6 + l << 3 + (k+1)].real
                                                ~~^~~
../src/test1.c:179:59: warning: suggest parentheses around '+' inside '<<' [-Wparentheses]
       Q[i << 6 + l << 3 + (k+1)].real = Q[i << 6 + l << 3 + (k+1)].real
                                                         ~~^~~~~~~
../src/test1.c:180:24: warning: suggest parentheses around '+' inside '<<' [-Wparentheses]
            - (R[i << 6 + j << 3 + (k+1)].real * tmp_r
                      ~~^~~
../src/test1.c:180:33: warning: suggest parentheses around '+' inside '<<' [-Wparentheses]
            - (R[i << 6 + j << 3 + (k+1)].real * tmp_r
                               ~~^~~~~~~
../src/test1.c:181:25: warning: suggest parentheses around '+' inside '<<' [-Wparentheses]
              - R[i << 6 + j << 3 + (k+1)].img * tmp_i);
                       ~~^~~
../src/test1.c:181:34: warning: suggest parentheses around '+' inside '<<' [-Wparentheses]
              - R[i << 6 + j << 3 + (k+1)].img * tmp_i);
                                ~~^~~~~~~
../src/test1.c:182:16: warning: suggest parentheses around '+' inside '<<' [-Wparentheses]
       Q[i << 6 + l << 3 + (k+1)].img = Q[i << 6 + l << 3 + (k+1)].img
              ~~^~~
../src/test1.c:182:25: warning: suggest parentheses around '+' inside '<<' [-Wparentheses]
       Q[i << 6 + l << 3 + (k+1)].img = Q[i << 6 + l << 3 + (k+1)].img
                       ~~^~~~~~~
../src/test1.c:182:49: warning: suggest parentheses around '+' inside '<<' [-Wparentheses]
       Q[i << 6 + l << 3 + (k+1)].img = Q[i << 6 + l << 3 + (k+1)].img
                                               ~~^~~
../src/test1.c:182:58: warning: suggest parentheses around '+' inside '<<' [-Wparentheses]
       Q[i << 6 + l << 3 + (k+1)].img = Q[i << 6 + l << 3 + (k+1)].img
                                                        ~~^~~~~~~
../src/test1.c:183:24: warning: suggest parentheses around '+' inside '<<' [-Wparentheses]
            - (R[i << 6 + j << 3 + (k+1)].real * tmp_i
                      ~~^~~
../src/test1.c:183:33: warning: suggest parentheses around '+' inside '<<' [-Wparentheses]
            - (R[i << 6 + j << 3 + (k+1)].real * tmp_i
                               ~~^~~~~~~
../src/test1.c:184:25: warning: suggest parentheses around '+' inside '<<' [-Wparentheses]
              + R[i << 6 + j << 3 + (k+1)].img * tmp_r);
                       ~~^~~
../src/test1.c:184:34: warning: suggest parentheses around '+' inside '<<' [-Wparentheses]
              + R[i << 6 + j << 3 + (k+1)].img * tmp_r);
                                ~~^~~~~~~
../src/test1.c:188:16: warning: suggest parentheses around '+' inside '<<' [-Wparentheses]
       Q[i << 6 + l << 3 + 7].real = Q[i << 6 + l << 3 + 7].real
              ~~^~~
../src/test1.c:188:20: warning: suggest parentheses around '+' inside '<<' [-Wparentheses]
       Q[i << 6 + l << 3 + 7].real = Q[i << 6 + l << 3 + 7].real
                    ^~
../src/test1.c:188:46: warning: suggest parentheses around '+' inside '<<' [-Wparentheses]
       Q[i << 6 + l << 3 + 7].real = Q[i << 6 + l << 3 + 7].real
                                            ~~^~~
../src/test1.c:188:50: warning: suggest parentheses around '+' inside '<<' [-Wparentheses]
       Q[i << 6 + l << 3 + 7].real = Q[i << 6 + l << 3 + 7].real
                                                  ^~
../src/test1.c:189:28: warning: suggest parentheses around '+' inside '<<' [-Wparentheses]
                - (R[i << 6 + j << 3 + 7].real * tmp_r
                          ~~^~~
../src/test1.c:189:32: warning: suggest parentheses around '+' inside '<<' [-Wparentheses]
                - (R[i << 6 + j << 3 + 7].real * tmp_r
                                ^~
../src/test1.c:190:27: warning: suggest parentheses around '+' inside '<<' [-Wparentheses]
                - R[i << 6 + j << 3 + 7].img * tmp_i);
                         ~~^~~
../src/test1.c:190:31: warning: suggest parentheses around '+' inside '<<' [-Wparentheses]
                - R[i << 6 + j << 3 + 7].img * tmp_i);
                               ^~
../src/test1.c:191:16: warning: suggest parentheses around '+' inside '<<' [-Wparentheses]
       Q[i << 6 + l << 3 + 7].img = Q[i << 6 + l << 3 + 7].img
              ~~^~~
../src/test1.c:191:20: warning: suggest parentheses around '+' inside '<<' [-Wparentheses]
       Q[i << 6 + l << 3 + 7].img = Q[i << 6 + l << 3 + 7].img
                    ^~
../src/test1.c:191:45: warning: suggest parentheses around '+' inside '<<' [-Wparentheses]
       Q[i << 6 + l << 3 + 7].img = Q[i << 6 + l << 3 + 7].img
                                           ~~^~~
../src/test1.c:191:49: warning: suggest parentheses around '+' inside '<<' [-Wparentheses]
       Q[i << 6 + l << 3 + 7].img = Q[i << 6 + l << 3 + 7].img
                                                 ^~
../src/test1.c:192:28: warning: suggest parentheses around '+' inside '<<' [-Wparentheses]
                - (R[i << 6 + j << 3 + 7].real * tmp_i
                          ~~^~~
../src/test1.c:192:32: warning: suggest parentheses around '+' inside '<<' [-Wparentheses]
                - (R[i << 6 + j << 3 + 7].real * tmp_i
                                ^~
../src/test1.c:193:27: warning: suggest parentheses around '+' inside '<<' [-Wparentheses]
                + R[i << 6 + j << 3 + 7].img * tmp_r);
                         ~~^~~
../src/test1.c:193:31: warning: suggest parentheses around '+' inside '<<' [-Wparentheses]
                + R[i << 6 + j << 3 + 7].img * tmp_r);
                               ^~
../src/test1.c: In function 'main':
../src/test1.c:264:53: warning: initialization from incompatible pointer type [-Wincompatible-pointer-types]
   {"QRD Reference", TEST_ROUNDS, initializor_dummy, qrd_ref,
                                                     ^~~~~~~
../src/test1.c:264:53: note: (near initialization for 'BenchmarkCases[0].benchmarker')
../src/test1.c:268:56: warning: initialization from incompatible pointer type [-Wincompatible-pointer-types]
   {"QRD Optimization", TEST_ROUNDS, initializor_dummy, qrd_opt,
                                                        ^~~~~~~
../src/test1.c:268:56: note: (near initialization for 'BenchmarkCases[1].benchmarker')
../src/test1.c:274:2: warning: implicit declaration of function 'Xil_L1DCacheEnable' [-Wimplicit-function-declaration]
  Xil_L1DCacheEnable();
  ^~~~~~~~~~~~~~~~~~
../src/test1.c:275:2: warning: implicit declaration of function 'Xil_L2CacheDisable' [-Wimplicit-function-declaration]
  Xil_L2CacheDisable();
  ^~~~~~~~~~~~~~~~~~
../src/test1.c:276:2: warning: implicit declaration of function 'Xil_L1ICacheEnable' [-Wimplicit-function-declaration]
  Xil_L1ICacheEnable();
  ^~~~~~~~~~~~~~~~~~
Finished building: ../src/test1.c
 
Building target: team_QRD.elf
Invoking: ARM v7 gcc linker
arm-none-eabi-gcc -mcpu=cortex-a9 -mfpu=vfpv3 -mfloat-abi=hard -Wl,-build-id=none -specs=Xilinx.spec -Wl,-T -Wl,../src/lscript.ld -L../../team_QRD_bsp/ps7_cortexa9_0/lib -o "team_QRD.elf"  ./src/benchmarking.o ./src/test1.o   -lm -Wl,--start-group,-lxil,-lgcc,-lc,--end-group
Finished building target: team_QRD.elf
 
Invoking: ARM v7 Print Size
arm-none-eabi-size team_QRD.elf  |tee "team_QRD.elf.size"
   text	   data	    bss	    dec	    hex	filename
  86216	   2588	115350336	115439140	6e17624	team_QRD.elf
Finished building: team_QRD.elf.size
 
00:00:35 **** Incremental Build of configuration Debug for project team_QRD ****
make pre-build main-build 
a9-linaro-pre-build-step
 
make: `main-build'를 위해 할 일이 없습니다
00:00:58 **** Clean-only build of configuration Debug for project team_QRD ****
make clean 
rm -rf  ./src/benchmarking.o ./src/test1.o  ./src/benchmarking.d ./src/test1.d  team_QRD.elf.size  team_QRD.elf
 
00:00:59 **** Auto Build of configuration Debug for project team_QRD ****
make pre-build main-build 
a9-linaro-pre-build-step
 
Building file: ../src/benchmarking.c
Invoking: ARM v7 gcc compiler
arm-none-eabi-gcc -Wall -O3 -g3 -c -fmessage-length=0 -MT"src/benchmarking.o" -mcpu=cortex-a9 -mfpu=vfpv3 -mfloat-abi=hard -I../../team_QRD_bsp/ps7_cortexa9_0/include -MMD -MP -MF"src/benchmarking.d" -MT"src/benchmarking.o" -o "src/benchmarking.o" "../src/benchmarking.c"
Finished building: ../src/benchmarking.c
 
Building target: team_QRD.elf
Invoking: ARM v7 gcc linker
arm-none-eabi-gcc -mcpu=cortex-a9 -mfpu=vfpv3 -mfloat-abi=hard -Wl,-build-id=none -specs=Xilinx.spec -Wl,-T -Wl,../src/lscript.ld -L../../team_QRD_bsp/ps7_cortexa9_0/lib -o "team_QRD.elf"  ./src/benchmarking.o   -lm -Wl,--start-group,-lxil,-lgcc,-lc,--end-group
../../team_QRD_bsp/ps7_cortexa9_0/lib\libxil.a(xil-crt0.o): In function `_start':
xil-crt0.S:(.text+0x68): undefined reference to `main'
collect2.exe: error: ld returned 1 exit status
make: *** [team_QRD.elf] 오류 1
00:01:02 **** Auto Build of configuration Debug for project team_QRD ****
make pre-build main-build 
a9-linaro-pre-build-step
 
Building file: ../src/final2_tiling.c
Invoking: ARM v7 gcc compiler
arm-none-eabi-gcc -Wall -O3 -g3 -c -fmessage-length=0 -MT"src/final2_tiling.o" -mcpu=cortex-a9 -mfpu=vfpv3 -mfloat-abi=hard -I../../team_QRD_bsp/ps7_cortexa9_0/include -MMD -MP -MF"src/final2_tiling.d" -MT"src/final2_tiling.o" -o "src/final2_tiling.o" "../src/final2_tiling.c"
../src/final2_tiling.c: In function 'qrd_opt':
../src/final2_tiling.c:140:4: warning: dereferencing type-punned pointer will break strict-aliasing rules [-Wstrict-aliasing]
    t = *(int*)&sq;
    ^
../src/final2_tiling.c:142:4: warning: dereferencing type-punned pointer will break strict-aliasing rules [-Wstrict-aliasing]
    sq = *(float*)&t;
    ^~
../src/final2_tiling.c: In function 'main':
../src/final2_tiling.c:272:53: warning: initialization from incompatible pointer type [-Wincompatible-pointer-types]
   {"QRD Reference", TEST_ROUNDS, initializor_dummy, qrd_ref,
                                                     ^~~~~~~
../src/final2_tiling.c:272:53: note: (near initialization for 'BenchmarkCases[0].benchmarker')
../src/final2_tiling.c:276:56: warning: initialization from incompatible pointer type [-Wincompatible-pointer-types]
   {"QRD Optimization", TEST_ROUNDS, initializor_dummy, qrd_opt,
                                                        ^~~~~~~
../src/final2_tiling.c:276:56: note: (near initialization for 'BenchmarkCases[1].benchmarker')
../src/final2_tiling.c:282:2: warning: implicit declaration of function 'Xil_L1DCacheEnable' [-Wimplicit-function-declaration]
  Xil_L1DCacheEnable();
  ^~~~~~~~~~~~~~~~~~
../src/final2_tiling.c:283:2: warning: implicit declaration of function 'Xil_L2CacheDisable' [-Wimplicit-function-declaration]
  Xil_L2CacheDisable();
  ^~~~~~~~~~~~~~~~~~
../src/final2_tiling.c:284:2: warning: implicit declaration of function 'Xil_L1ICacheEnable' [-Wimplicit-function-declaration]
  Xil_L1ICacheEnable();
  ^~~~~~~~~~~~~~~~~~
Finished building: ../src/final2_tiling.c
 
Building target: team_QRD.elf
Invoking: ARM v7 gcc linker
arm-none-eabi-gcc -mcpu=cortex-a9 -mfpu=vfpv3 -mfloat-abi=hard -Wl,-build-id=none -specs=Xilinx.spec -Wl,-T -Wl,../src/lscript.ld -L../../team_QRD_bsp/ps7_cortexa9_0/lib -o "team_QRD.elf"  ./src/benchmarking.o ./src/final2_tiling.o   -lm -Wl,--start-group,-lxil,-lgcc,-lc,--end-group
Finished building target: team_QRD.elf
 
Invoking: ARM v7 Print Size
arm-none-eabi-size team_QRD.elf  |tee "team_QRD.elf.size"
   text	   data	    bss	    dec	    hex	filename
  86152	   2588	115350336	115439076	6e175e4	team_QRD.elf
Finished building: team_QRD.elf.size
 
00:01:07 **** Incremental Build of configuration Debug for project team_QRD ****
make pre-build main-build 
a9-linaro-pre-build-step
 
make: `main-build'를 위해 할 일이 없습니다
00:01:20 **** Clean-only build of configuration Debug for project team_QRD ****
make clean 
rm -rf  ./src/benchmarking.o ./src/final2_tiling.o  ./src/benchmarking.d ./src/final2_tiling.d  team_QRD.elf.size  team_QRD.elf
 
00:01:20 **** Auto Build of configuration Debug for project team_QRD ****
make pre-build main-build 
a9-linaro-pre-build-step
 
Building file: ../src/benchmarking.c
Invoking: ARM v7 gcc compiler
arm-none-eabi-gcc -Wall -O3 -g3 -c -fmessage-length=0 -MT"src/benchmarking.o" -mcpu=cortex-a9 -mfpu=vfpv3 -mfloat-abi=hard -I../../team_QRD_bsp/ps7_cortexa9_0/include -MMD -MP -MF"src/benchmarking.d" -MT"src/benchmarking.o" -o "src/benchmarking.o" "../src/benchmarking.c"
Finished building: ../src/benchmarking.c
 
Building target: team_QRD.elf
Invoking: ARM v7 gcc linker
arm-none-eabi-gcc -mcpu=cortex-a9 -mfpu=vfpv3 -mfloat-abi=hard -Wl,-build-id=none -specs=Xilinx.spec -Wl,-T -Wl,../src/lscript.ld -L../../team_QRD_bsp/ps7_cortexa9_0/lib -o "team_QRD.elf"  ./src/benchmarking.o   -lm -Wl,--start-group,-lxil,-lgcc,-lc,--end-group
../../team_QRD_bsp/ps7_cortexa9_0/lib\libxil.a(xil-crt0.o): In function `_start':
xil-crt0.S:(.text+0x68): undefined reference to `main'
collect2.exe: error: ld returned 1 exit status
make: *** [team_QRD.elf] 오류 1
00:01:24 **** Auto Build of configuration Debug for project team_QRD ****
[...]
Finished building target: team_QRD.elf
 
Invoking: ARM v7 Print Size
arm-none-eabi-size team_QRD.elf  |tee "team_QRD.elf.size"
   text	   data	    bss	    dec	    hex	filename
  85480	   2588	115350336	115438404	6e17344	team_QRD.elf
Finished building: team_QRD.elf.size
 
22:56:43 **** Auto Build of configuration Debug for project team_QRD ****
make pre-build main-build 
a9-linaro-pre-build-step
 
Building file: ../src/test1.c
Invoking: ARM v7 gcc compiler
arm-none-eabi-gcc -Wall -O3 -fno-inline -std=c99 -g3 -c -fmessage-length=0 -MT"src/test1.o" -mcpu=cortex-a9 -mfpu=neon -mfloat-abi=hard -I../../team_QRD_bsp/ps7_cortexa9_0/include -MMD -MP -MF"src/test1.d" -MT"src/test1.o" -o "src/test1.o" "../src/test1.c"
../src/test1.c: In function 'qrd_opt':
../src/test1.c:130:11: warning: dereferencing type-punned pointer will break strict-aliasing rules [-Wstrict-aliasing]
           t = *(unsigned int*) &sq;
           ^
../src/test1.c:133:11: warning: dereferencing type-punned pointer will break strict-aliasing rules [-Wstrict-aliasing]
           tmp_r = *(float*) &t;
           ^~~~~
../src/test1.c: In function 'main':
../src/test1.c:252:57: warning: initialization from incompatible pointer type [-Wincompatible-pointer-types]
       {"QRD Reference", TEST_ROUNDS, initializor_dummy, qrd_ref,
                                                         ^~~~~~~
../src/test1.c:252:57: note: (near initialization for 'BenchmarkCases[0].benchmarker')
../src/test1.c:256:60: warning: initialization from incompatible pointer type [-Wincompatible-pointer-types]
       {"QRD Optimization", TEST_ROUNDS, initializor_dummy, qrd_opt,
                                                            ^~~~~~~
../src/test1.c:256:60: note: (near initialization for 'BenchmarkCases[1].benchmarker')
../src/test1.c:262:4: warning: implicit declaration of function 'Xil_L1DCacheEnable' [-Wimplicit-function-declaration]
    Xil_L1DCacheEnable();
    ^~~~~~~~~~~~~~~~~~
../src/test1.c:263:4: warning: implicit declaration of function 'Xil_L2CacheDisable' [-Wimplicit-function-declaration]
    Xil_L2CacheDisable();
    ^~~~~~~~~~~~~~~~~~
../src/test1.c:264:4: warning: implicit declaration of function 'Xil_L1ICacheEnable' [-Wimplicit-function-declaration]
    Xil_L1ICacheEnable();
    ^~~~~~~~~~~~~~~~~~
Finished building: ../src/test1.c
 
Building target: team_QRD.elf
Invoking: ARM v7 gcc linker
arm-none-eabi-gcc -mcpu=cortex-a9 -mfpu=vfpv3 -mfloat-abi=hard -Wl,-build-id=none -specs=Xilinx.spec -Wl,-T -Wl,../src/lscript.ld -L../../team_QRD_bsp/ps7_cortexa9_0/lib -o "team_QRD.elf"  ./src/benchmarking.o ./src/sqrt_assembly.o ./src/test1.o   -lm -Wl,--start-group,-lxil,-lgcc,-lc,--end-group
Finished building target: team_QRD.elf
 
Invoking: ARM v7 Print Size
arm-none-eabi-size team_QRD.elf  |tee "team_QRD.elf.size"
   text	   data	    bss	    dec	    hex	filename
  85480	   2588	115350336	115438404	6e17344	team_QRD.elf
Finished building: team_QRD.elf.size
 
23:15:23 **** Incremental Build of configuration Debug for project team_QRD ****
make pre-build main-build 
a9-linaro-pre-build-step
 
make: `main-build'를 위해 할 일이 없습니다
23:20:29 **** Incremental Build of configuration Debug for project team_QRD ****
make pre-build main-build 
a9-linaro-pre-build-step
 
Building file: ../src/test1.c
Invoking: ARM v7 gcc compiler
arm-none-eabi-gcc -Wall -O3 -fno-inline -std=c99 -g3 -c -fmessage-length=0 -MT"src/test1.o" -mcpu=cortex-a9 -mfpu=neon -mfloat-abi=hard -I../../team_QRD_bsp/ps7_cortexa9_0/include -MMD -MP -MF"src/test1.d" -MT"src/test1.o" -o "src/test1.o" "../src/test1.c"
../src/test1.c: In function 'qrd_opt':
../src/test1.c:134:11: warning: dereferencing type-punned pointer will break strict-aliasing rules [-Wstrict-aliasing]
           t = *(unsigned int*) &sq;
           ^
../src/test1.c:137:11: warning: dereferencing type-punned pointer will break strict-aliasing rules [-Wstrict-aliasing]
           tmp_r = *(float*) &t;
           ^~~~~
../src/test1.c: In function 'main':
../src/test1.c:280:57: warning: initialization from incompatible pointer type [-Wincompatible-pointer-types]
       {"QRD Reference", TEST_ROUNDS, initializor_dummy, qrd_ref,
                                                         ^~~~~~~
../src/test1.c:280:57: note: (near initialization for 'BenchmarkCases[0].benchmarker')
../src/test1.c:284:60: warning: initialization from incompatible pointer type [-Wincompatible-pointer-types]
       {"QRD Optimization", TEST_ROUNDS, initializor_dummy, qrd_opt,
                                                            ^~~~~~~
../src/test1.c:284:60: note: (near initialization for 'BenchmarkCases[1].benchmarker')
../src/test1.c:290:4: warning: implicit declaration of function 'Xil_L1DCacheEnable' [-Wimplicit-function-declaration]
    Xil_L1DCacheEnable();
    ^~~~~~~~~~~~~~~~~~
../src/test1.c:291:4: warning: implicit declaration of function 'Xil_L2CacheDisable' [-Wimplicit-function-declaration]
    Xil_L2CacheDisable();
    ^~~~~~~~~~~~~~~~~~
../src/test1.c:292:4: warning: implicit declaration of function 'Xil_L1ICacheEnable' [-Wimplicit-function-declaration]
    Xil_L1ICacheEnable();
    ^~~~~~~~~~~~~~~~~~
Finished building: ../src/test1.c
 
Building target: team_QRD.elf
Invoking: ARM v7 gcc linker
arm-none-eabi-gcc -mcpu=cortex-a9 -mfpu=vfpv3 -mfloat-abi=hard -Wl,-build-id=none -specs=Xilinx.spec -Wl,-T -Wl,../src/lscript.ld -L../../team_QRD_bsp/ps7_cortexa9_0/lib -o "team_QRD.elf"  ./src/benchmarking.o ./src/sqrt_assembly.o ./src/test1.o   -lm -Wl,--start-group,-lxil,-lgcc,-lc,--end-group
Finished building target: team_QRD.elf
 
Invoking: ARM v7 Print Size
arm-none-eabi-size team_QRD.elf  |tee "team_QRD.elf.size"
   text	   data	    bss	    dec	    hex	filename
  85416	   2588	115350336	115438340	6e17304	team_QRD.elf
Finished building: team_QRD.elf.size
 
23:20:56 **** Auto Build of configuration Debug for project team_QRD ****
make pre-build main-build 
a9-linaro-pre-build-step
 
Building file: ../src/test1.c
Invoking: ARM v7 gcc compiler
arm-none-eabi-gcc -Wall -O3 -fno-inline -std=c99 -g3 -c -fmessage-length=0 -MT"src/test1.o" -mcpu=cortex-a9 -mfpu=neon -mfloat-abi=hard -I../../team_QRD_bsp/ps7_cortexa9_0/include -MMD -MP -MF"src/test1.d" -MT"src/test1.o" -o "src/test1.o" "../src/test1.c"
../src/test1.c: In function 'qrd_opt':
../src/test1.c:130:11: warning: dereferencing type-punned pointer will break strict-aliasing rules [-Wstrict-aliasing]
           t = *(unsigned int*) &sq;
           ^
../src/test1.c:133:11: warning: dereferencing type-punned pointer will break strict-aliasing rules [-Wstrict-aliasing]
           tmp_r = *(float*) &t;
           ^~~~~
../src/test1.c: In function 'main':
../src/test1.c:272:57: warning: initialization from incompatible pointer type [-Wincompatible-pointer-types]
       {"QRD Reference", TEST_ROUNDS, initializor_dummy, qrd_ref,
                                                         ^~~~~~~
../src/test1.c:272:57: note: (near initialization for 'BenchmarkCases[0].benchmarker')
../src/test1.c:276:60: warning: initialization from incompatible pointer type [-Wincompatible-pointer-types]
       {"QRD Optimization", TEST_ROUNDS, initializor_dummy, qrd_opt,
                                                            ^~~~~~~
../src/test1.c:276:60: note: (near initialization for 'BenchmarkCases[1].benchmarker')
../src/test1.c:282:4: warning: implicit declaration of function 'Xil_L1DCacheEnable' [-Wimplicit-function-declaration]
    Xil_L1DCacheEnable();
    ^~~~~~~~~~~~~~~~~~
../src/test1.c:283:4: warning: implicit declaration of function 'Xil_L2CacheDisable' [-Wimplicit-function-declaration]
    Xil_L2CacheDisable();
    ^~~~~~~~~~~~~~~~~~
../src/test1.c:284:4: warning: implicit declaration of function 'Xil_L1ICacheEnable' [-Wimplicit-function-declaration]
    Xil_L1ICacheEnable();
    ^~~~~~~~~~~~~~~~~~
Finished building: ../src/test1.c
 
Building target: team_QRD.elf
Invoking: ARM v7 gcc linker
arm-none-eabi-gcc -mcpu=cortex-a9 -mfpu=vfpv3 -mfloat-abi=hard -Wl,-build-id=none -specs=Xilinx.spec -Wl,-T -Wl,../src/lscript.ld -L../../team_QRD_bsp/ps7_cortexa9_0/lib -o "team_QRD.elf"  ./src/benchmarking.o ./src/sqrt_assembly.o ./src/test1.o   -lm -Wl,--start-group,-lxil,-lgcc,-lc,--end-group
Finished building target: team_QRD.elf
 
Invoking: ARM v7 Print Size
arm-none-eabi-size team_QRD.elf  |tee "team_QRD.elf.size"
   text	   data	    bss	    dec	    hex	filename
  85416	   2588	115350336	115438340	6e17304	team_QRD.elf
Finished building: team_QRD.elf.size
 
23:27:25 **** Auto Build of configuration Debug for project team_QRD ****
make pre-build main-build 
a9-linaro-pre-build-step
 
Building file: ../src/QRD_final_1.c
Invoking: ARM v7 gcc compiler
arm-none-eabi-gcc -Wall -O3 -fno-inline -std=c99 -g3 -c -fmessage-length=0 -MT"src/QRD_final_1.o" -mcpu=cortex-a9 -mfpu=neon -mfloat-abi=hard -I../../team_QRD_bsp/ps7_cortexa9_0/include -MMD -MP -MF"src/QRD_final_1.d" -MT"src/QRD_final_1.o" -o "src/QRD_final_1.o" "../src/QRD_final_1.c"
../src/QRD_final_1.c: In function 'qrd_opt':
../src/QRD_final_1.c:130:11: warning: dereferencing type-punned pointer will break strict-aliasing rules [-Wstrict-aliasing]
           t = *(unsigned int*) &sq;
           ^
../src/QRD_final_1.c:133:11: warning: dereferencing type-punned pointer will break strict-aliasing rules [-Wstrict-aliasing]
           tmp_r = *(float*) &t;
           ^~~~~
../src/QRD_final_1.c: In function 'main':
../src/QRD_final_1.c:252:57: warning: initialization from incompatible pointer type [-Wincompatible-pointer-types]
       {"QRD Reference", TEST_ROUNDS, initializor_dummy, qrd_ref,
                                                         ^~~~~~~
../src/QRD_final_1.c:252:57: note: (near initialization for 'BenchmarkCases[0].benchmarker')
../src/QRD_final_1.c:256:60: warning: initialization from incompatible pointer type [-Wincompatible-pointer-types]
       {"QRD Optimization", TEST_ROUNDS, initializor_dummy, qrd_opt,
                                                            ^~~~~~~
../src/QRD_final_1.c:256:60: note: (near initialization for 'BenchmarkCases[1].benchmarker')
../src/QRD_final_1.c:262:4: warning: implicit declaration of function 'Xil_L1DCacheEnable' [-Wimplicit-function-declaration]
    Xil_L1DCacheEnable();
    ^~~~~~~~~~~~~~~~~~
../src/QRD_final_1.c:263:4: warning: implicit declaration of function 'Xil_L2CacheDisable' [-Wimplicit-function-declaration]
    Xil_L2CacheDisable();
    ^~~~~~~~~~~~~~~~~~
../src/QRD_final_1.c:264:4: warning: implicit declaration of function 'Xil_L1ICacheEnable' [-Wimplicit-function-declaration]
    Xil_L1ICacheEnable();
    ^~~~~~~~~~~~~~~~~~
Finished building: ../src/QRD_final_1.c
 
Building target: team_QRD.elf
Invoking: ARM v7 gcc linker
arm-none-eabi-gcc -mcpu=cortex-a9 -mfpu=vfpv3 -mfloat-abi=hard -Wl,-build-id=none -specs=Xilinx.spec -Wl,-T -Wl,../src/lscript.ld -L../../team_QRD_bsp/ps7_cortexa9_0/lib -o "team_QRD.elf"  ./src/QRD_final_1.o ./src/benchmarking.o ./src/sqrt_assembly.o ./src/test1.o   -lm -Wl,--start-group,-lxil,-lgcc,-lc,--end-group
./src/test1.o: In function `validator_dummy':
C:\LAB\team_QRD\team_QRD.sdk\team_QRD\Debug/../src/test1.c:18: multiple definition of `validator_dummy'
./src/QRD_final_1.o:C:\LAB\team_QRD\team_QRD.sdk\team_QRD\Debug/../src/QRD_final_1.c:18: first defined here
./src/test1.o: In function `qrd_opt':
C:\LAB\team_QRD\team_QRD.sdk\team_QRD\Debug/../src/test1.c:103: multiple definition of `qrd_opt'
./src/QRD_final_1.o:C:\LAB\team_QRD\team_QRD.sdk\team_QRD\Debug/../src/QRD_final_1.c:103: first defined here
./src/test1.o: In function `qrd_ref':
C:\LAB\team_QRD\team_QRD.sdk\team_QRD\Debug/../src/test1.c:39: multiple definition of `qrd_ref'
./src/QRD_final_1.o:C:\LAB\team_QRD\team_QRD.sdk\team_QRD\Debug/../src/QRD_final_1.c:39: first defined here
./src/test1.o: In function `initializor_dummy':
C:\LAB\team_QRD\team_QRD.sdk\team_QRD\Debug/../src/test1.c:18: multiple definition of `initializor_dummy'
./src/QRD_final_1.o:C:\LAB\team_QRD\team_QRD.sdk\team_QRD\Debug/../src/QRD_final_1.c:18: first defined here
./src/test1.o: In function `make_H':
C:\LAB\team_QRD\team_QRD.sdk\team_QRD\Debug/../src/test1.c:21: multiple definition of `make_H'
./src/QRD_final_1.o:C:\LAB\team_QRD\team_QRD.sdk\team_QRD\Debug/../src/QRD_final_1.c:21: first defined here
./src/test1.o: In function `validator_dummy':
C:\LAB\team_QRD\team_QRD.sdk\team_QRD\Debug/../src/test1.c:18: multiple definition of `main'
./src/QRD_final_1.o:C:\LAB\team_QRD\team_QRD.sdk\team_QRD\Debug/../src/QRD_final_1.c:18: first defined here
collect2.exe: error: ld returned 1 exit status
make: *** [team_QRD.elf] 오류 1
23:27:29 **** Clean-only build of configuration Debug for project team_QRD ****
make clean 
rm -rf  ./src/QRD_final_1.o ./src/benchmarking.o ./src/sqrt_assembly.o ./src/test1.o  ./src/QRD_final_1.d ./src/benchmarking.d ./src/test1.d  team_QRD.elf.size  team_QRD.elf
 
23:27:29 **** Auto Build of configuration Debug for project team_QRD ****
make pre-build main-build 
a9-linaro-pre-build-step
 
Building file: ../src/QRD_final_1.c
Invoking: ARM v7 gcc compiler
arm-none-eabi-gcc -Wall -O3 -fno-inline -std=c99 -g3 -c -fmessage-length=0 -MT"src/QRD_final_1.o" -mcpu=cortex-a9 -mfpu=neon -mfloat-abi=hard -I../../team_QRD_bsp/ps7_cortexa9_0/include -MMD -MP -MF"src/QRD_final_1.d" -MT"src/QRD_final_1.o" -o "src/QRD_final_1.o" "../src/QRD_final_1.c"
../src/QRD_final_1.c: In function 'qrd_opt':
../src/QRD_final_1.c:130:11: warning: dereferencing type-punned pointer will break strict-aliasing rules [-Wstrict-aliasing]
           t = *(unsigned int*) &sq;
           ^
../src/QRD_final_1.c:133:11: warning: dereferencing type-punned pointer will break strict-aliasing rules [-Wstrict-aliasing]
           tmp_r = *(float*) &t;
           ^~~~~
../src/QRD_final_1.c: In function 'main':
../src/QRD_final_1.c:252:57: warning: initialization from incompatible pointer type [-Wincompatible-pointer-types]
       {"QRD Reference", TEST_ROUNDS, initializor_dummy, qrd_ref,
                                                         ^~~~~~~
../src/QRD_final_1.c:252:57: note: (near initialization for 'BenchmarkCases[0].benchmarker')
../src/QRD_final_1.c:256:60: warning: initialization from incompatible pointer type [-Wincompatible-pointer-types]
       {"QRD Optimization", TEST_ROUNDS, initializor_dummy, qrd_opt,
                                                            ^~~~~~~
../src/QRD_final_1.c:256:60: note: (near initialization for 'BenchmarkCases[1].benchmarker')
../src/QRD_final_1.c:262:4: warning: implicit declaration of function 'Xil_L1DCacheEnable' [-Wimplicit-function-declaration]
    Xil_L1DCacheEnable();
    ^~~~~~~~~~~~~~~~~~
../src/QRD_final_1.c:263:4: warning: implicit declaration of function 'Xil_L2CacheDisable' [-Wimplicit-function-declaration]
    Xil_L2CacheDisable();
    ^~~~~~~~~~~~~~~~~~
../src/QRD_final_1.c:264:4: warning: implicit declaration of function 'Xil_L1ICacheEnable' [-Wimplicit-function-declaration]
    Xil_L1ICacheEnable();
    ^~~~~~~~~~~~~~~~~~
Finished building: ../src/QRD_final_1.c
 
Building file: ../src/benchmarking.c
Invoking: ARM v7 gcc compiler
arm-none-eabi-gcc -Wall -O3 -fno-inline -std=c99 -g3 -c -fmessage-length=0 -MT"src/benchmarking.o" -mcpu=cortex-a9 -mfpu=neon -mfloat-abi=hard -I../../team_QRD_bsp/ps7_cortexa9_0/include -MMD -MP -MF"src/benchmarking.d" -MT"src/benchmarking.o" -o "src/benchmarking.o" "../src/benchmarking.c"
Finished building: ../src/benchmarking.c
 
Building file: ../src/sqrt_assembly.s
Invoking: ARM v7 gcc assembler
arm-none-eabi-gcc -c -mfpu=neon -Im -o"src/sqrt_assembly.o" "../src/sqrt_assembly.s"
Finished building: ../src/sqrt_assembly.s
 
Building target: team_QRD.elf
Invoking: ARM v7 gcc linker
arm-none-eabi-gcc -mcpu=cortex-a9 -mfpu=vfpv3 -mfloat-abi=hard -Wl,-build-id=none -specs=Xilinx.spec -Wl,-T -Wl,../src/lscript.ld -L../../team_QRD_bsp/ps7_cortexa9_0/lib -o "team_QRD.elf"  ./src/QRD_final_1.o ./src/benchmarking.o ./src/sqrt_assembly.o   -lm -Wl,--start-group,-lxil,-lgcc,-lc,--end-group
Finished building target: team_QRD.elf
 
Invoking: ARM v7 Print Size
arm-none-eabi-size team_QRD.elf  |tee "team_QRD.elf.size"
   text	   data	    bss	    dec	    hex	filename
  85416	   2588	115350336	115438340	6e17304	team_QRD.elf
Finished building: team_QRD.elf.size
 
23:27:34 **** Incremental Build of configuration Debug for project team_QRD ****
make pre-build main-build 
a9-linaro-pre-build-step
 
make: `main-build'를 위해 할 일이 없습니다
23:27:59 **** Clean-only build of configuration Debug for project team_QRD ****
make clean 
rm -rf  ./src/QRD_final_1.o ./src/benchmarking.o ./src/sqrt_assembly.o  ./src/QRD_final_1.d ./src/benchmarking.d  team_QRD.elf.size  team_QRD.elf
 
23:27:59 **** Auto Build of configuration Debug for project team_QRD ****
make pre-build main-build 
a9-linaro-pre-build-step
 
Building file: ../src/QRD_final_1.c
Invoking: ARM v7 gcc compiler
arm-none-eabi-gcc -Wall -O3 -fno-inline -std=c99 -g3 -c -fmessage-length=0 -MT"src/QRD_final_1.o" -mcpu=cortex-a9 -mfpu=neon -mfloat-abi=hard -I../../team_QRD_bsp/ps7_cortexa9_0/include -MMD -MP -MF"src/QRD_final_1.d" -MT"src/QRD_final_1.o" -o "src/QRD_final_1.o" "../src/QRD_final_1.c"
../src/QRD_final_1.c: In function 'qrd_opt':
../src/QRD_final_1.c:130:11: warning: dereferencing type-punned pointer will break strict-aliasing rules [-Wstrict-aliasing]
           t = *(unsigned int*) &sq;
           ^
../src/QRD_final_1.c:133:11: warning: dereferencing type-punned pointer will break strict-aliasing rules [-Wstrict-aliasing]
           tmp_r = *(float*) &t;
           ^~~~~
../src/QRD_final_1.c: In function 'main':
../src/QRD_final_1.c:252:57: warning: initialization from incompatible pointer type [-Wincompatible-pointer-types]
       {"QRD Reference", TEST_ROUNDS, initializor_dummy, qrd_ref,
                                                         ^~~~~~~
../src/QRD_final_1.c:252:57: note: (near initialization for 'BenchmarkCases[0].benchmarker')
../src/QRD_final_1.c:256:60: warning: initialization from incompatible pointer type [-Wincompatible-pointer-types]
       {"QRD Optimization", TEST_ROUNDS, initializor_dummy, qrd_opt,
                                                            ^~~~~~~
../src/QRD_final_1.c:256:60: note: (near initialization for 'BenchmarkCases[1].benchmarker')
../src/QRD_final_1.c:262:4: warning: implicit declaration of function 'Xil_L1DCacheEnable' [-Wimplicit-function-declaration]
    Xil_L1DCacheEnable();
    ^~~~~~~~~~~~~~~~~~
../src/QRD_final_1.c:263:4: warning: implicit declaration of function 'Xil_L2CacheDisable' [-Wimplicit-function-declaration]
    Xil_L2CacheDisable();
    ^~~~~~~~~~~~~~~~~~
../src/QRD_final_1.c:264:4: warning: implicit declaration of function 'Xil_L1ICacheEnable' [-Wimplicit-function-declaration]
    Xil_L1ICacheEnable();
    ^~~~~~~~~~~~~~~~~~
Finished building: ../src/QRD_final_1.c
 
Building file: ../src/benchmarking.c
Invoking: ARM v7 gcc compiler
arm-none-eabi-gcc -Wall -O3 -fno-inline -std=c99 -g3 -c -fmessage-length=0 -MT"src/benchmarking.o" -mcpu=cortex-a9 -mfpu=neon -mfloat-abi=hard -I../../team_QRD_bsp/ps7_cortexa9_0/include -MMD -MP -MF"src/benchmarking.d" -MT"src/benchmarking.o" -o "src/benchmarking.o" "../src/benchmarking.c"
Finished building: ../src/benchmarking.c
 
Building target: team_QRD.elf
Invoking: ARM v7 gcc linker
arm-none-eabi-gcc -mcpu=cortex-a9 -mfpu=vfpv3 -mfloat-abi=hard -Wl,-build-id=none -specs=Xilinx.spec -Wl,-T -Wl,../src/lscript.ld -L../../team_QRD_bsp/ps7_cortexa9_0/lib -o "team_QRD.elf"  ./src/QRD_final_1.o ./src/benchmarking.o   -lm -Wl,--start-group,-lxil,-lgcc,-lc,--end-group
Finished building target: team_QRD.elf
 
Invoking: ARM v7 Print Size
arm-none-eabi-size team_QRD.elf  |tee "team_QRD.elf.size"
   text	   data	    bss	    dec	    hex	filename
  85352	   2588	115350336	115438276	6e172c4	team_QRD.elf
Finished building: team_QRD.elf.size
 
