23:27:59 **** Auto Build of configuration Debug for project team_QRD ****
make pre-build main-build 
a9-linaro-pre-build-step
 
Building file: ../src/QRD_final_1.c
Invoking: ARM v7 gcc compiler
arm-none-eabi-gcc -Wall -O3 -fno-inline -std=c99 -g3 -c -fmessage-length=0 -MT"src/QRD_final_1.o" -mcpu=cortex-a9 -mfpu=neon -mfloat-abi=hard -I../../team_QRD_bsp/ps7_cortexa9_0/include -MMD -MP -MF"src/QRD_final_1.d" -MT"src/QRD_final_1.o" -o "src/QRD_final_1.o" "../src/QRD_final_1.c"
../src/QRD_final_1.c: In function 'qrd_opt':
../src/QRD_final_1.c:130:11: warning: dereferencing type-punned pointer will break strict-aliasing rules [-Wstrict-aliasing]
           t = *(unsigned int*) &sq;
           ^
../src/QRD_final_1.c:133:11: warning: dereferencing type-punned pointer will break strict-aliasing rules [-Wstrict-aliasing]
           tmp_r = *(float*) &t;
           ^~~~~
../src/QRD_final_1.c: In function 'main':
../src/QRD_final_1.c:252:57: warning: initialization from incompatible pointer type [-Wincompatible-pointer-types]
       {"QRD Reference", TEST_ROUNDS, initializor_dummy, qrd_ref,
                                                         ^~~~~~~
../src/QRD_final_1.c:252:57: note: (near initialization for 'BenchmarkCases[0].benchmarker')
../src/QRD_final_1.c:256:60: warning: initialization from incompatible pointer type [-Wincompatible-pointer-types]
       {"QRD Optimization", TEST_ROUNDS, initializor_dummy, qrd_opt,
                                                            ^~~~~~~
../src/QRD_final_1.c:256:60: note: (near initialization for 'BenchmarkCases[1].benchmarker')
../src/QRD_final_1.c:262:4: warning: implicit declaration of function 'Xil_L1DCacheEnable' [-Wimplicit-function-declaration]
    Xil_L1DCacheEnable();
    ^~~~~~~~~~~~~~~~~~
../src/QRD_final_1.c:263:4: warning: implicit declaration of function 'Xil_L2CacheDisable' [-Wimplicit-function-declaration]
    Xil_L2CacheDisable();
    ^~~~~~~~~~~~~~~~~~
../src/QRD_final_1.c:264:4: warning: implicit declaration of function 'Xil_L1ICacheEnable' [-Wimplicit-function-declaration]
    Xil_L1ICacheEnable();
    ^~~~~~~~~~~~~~~~~~
Finished building: ../src/QRD_final_1.c
 
Building file: ../src/benchmarking.c
Invoking: ARM v7 gcc compiler
arm-none-eabi-gcc -Wall -O3 -fno-inline -std=c99 -g3 -c -fmessage-length=0 -MT"src/benchmarking.o" -mcpu=cortex-a9 -mfpu=neon -mfloat-abi=hard -I../../team_QRD_bsp/ps7_cortexa9_0/include -MMD -MP -MF"src/benchmarking.d" -MT"src/benchmarking.o" -o "src/benchmarking.o" "../src/benchmarking.c"
Finished building: ../src/benchmarking.c
 
Building target: team_QRD.elf
Invoking: ARM v7 gcc linker
arm-none-eabi-gcc -mcpu=cortex-a9 -mfpu=vfpv3 -mfloat-abi=hard -Wl,-build-id=none -specs=Xilinx.spec -Wl,-T -Wl,../src/lscript.ld -L../../team_QRD_bsp/ps7_cortexa9_0/lib -o "team_QRD.elf"  ./src/QRD_final_1.o ./src/benchmarking.o   -lm -Wl,--start-group,-lxil,-lgcc,-lc,--end-group
Finished building target: team_QRD.elf
 
Invoking: ARM v7 Print Size
arm-none-eabi-size team_QRD.elf  |tee "team_QRD.elf.size"
   text	   data	    bss	    dec	    hex	filename
  85352	   2588	115350336	115438276	6e172c4	team_QRD.elf
Finished building: team_QRD.elf.size
 

23:28:01 Build Finished (took 1s.552ms)

